Mar  6 03:41:01 f51 notice tmsh[25549]: 01420002:5: AUDIT - pid=25549 user=root folder=/Common module=(tmos)# status=[Command OK] cmd_data=show sys mcp-state field-fmt
Mar  6 03:41:01 f51 notice tmsh[25553]: 01420002:5: AUDIT - pid=25553 user=root folder=/Common module=(tmos)# status=[Command OK] cmd_data=list sys db
Mar  6 03:41:01 f52 notice tmsh[28488]: 01420002:5: AUDIT - pid=28488 user=root folder=/Common module=(tmos)# status=[Command OK] cmd_data=show sys mcp-state field-fmt
Mar  6 03:41:02 f52 notice tmsh[28492]: 01420002:5: AUDIT - pid=28492 user=root folder=/Common module=(tmos)# status=[Command OK] cmd_data=list sys db
Mar  6 03:40:40 qfile01 qlogd[24599]: event log: Users: System, Source IP: 127.0.0.1, Computer name: localhost, Content: [RTRR Job] (Sync) Job qnap1TOqnap2-6 finished.
Mar  6 03:41:54 qfile02 qlogd[29929]: event log: Users: #012, Source IP: 127.0.0.1, Computer name: localhost, Content: (Job from client: 192.168.20.245)[RTRR Job] (Sync) Job qnap1TOqnap2-6 finished.#012 
Mar  6 03:47:39 f51 warning tmm1[12763]: 01260009:4: Connection error: ssl_hs_rxv2hello:7995: unsupported version (40)
Mar  6 03:51:01 f52 notice tmsh[28964]: 01420002:5: AUDIT - pid=28964 user=root folder=/Common module=(tmos)# status=[Command OK] cmd_data=show sys mcp-state field-fmt
Mar  6 03:51:01 f52 notice tmsh[28968]: 01420002:5: AUDIT - pid=28968 user=root folder=/Common module=(tmos)# status=[Command OK] cmd_data=list sys db
Mar  6 03:51:02 f51 notice tmsh[26025]: 01420002:5: AUDIT - pid=26025 user=root folder=/Common module=(tmos)# status=[Command OK] cmd_data=show sys mcp-state field-fmt
Mar  6 03:51:02 f51 notice tmsh[26029]: 01420002:5: AUDIT - pid=26029 user=root folder=/Common module=(tmos)# status=[Command OK] cmd_data=list sys db
Mar  6 03:53:01 f52 warning tmsh[29092]: 01420007:4: Certificate 'CN=Buypass Class 2 CA 1,O=Buypass AS-983163327,C=NO' in file /Common/ca-bundle.crt expired on Oct 13 10:25:09 2016 GMT
Mar  6 03:53:01 f52 warning tmsh[29092]: 01420007:4: Certificate 'CN=Buypass Class 2 CA 1,O=Buypass AS-983163327,C=NO' in file /Common/ca-bundle.crt expired on Oct 13 10:25:09 2016 GMT
Mar  6 03:53:01 f52 warning tmsh[29092]: 01420007:4: Certificate 'CN=e-Guven Kok Elektronik Sertifika Hizmet Saglayicisi,O=Elektronik Bilgi Guvenligi A.S.,C=TR' in file /Common/ca-bundle.crt expired on Jan  4 11:32:48 2017 GMT
Mar  6 03:53:01 f52 warning tmsh[29092]: 01420007:4: Certificate 'CN=Encryption e-Szigno CA5,OU=e-Szigno CA,O=Microsec Ltd.,L=Budapest,C=HU' in file /Common/ca-bundle.crt expired on Oct  5 14:28:14 2016 GMT
Mar  6 03:53:01 f52 warning tmsh[29092]: 01420007:4: Certificate 'CN=VeriSign Class 3 Extended Validation SSL CA,OU=Terms of use at https://www.verisign.com/rpa (c)06,OU=VeriSign Trust Network,O=VeriSign, Inc.,C=US' in file /Common/ca-bundle.crt expired on Nov  7 23:59:59 2016 GMT
Mar  6 03:53:01 f52 warning tmsh[29092]: 01420007:4: Per-invocation log rate exceeded; throttling.
Mar  6 03:53:01 f52 warning tmsh[29092]: 01420008:4: Certificate 'CN=Cybertrust Japan Public CA G2,O=Cybertrust Japan Co., Ltd.,C=JP' in file /Common/ca-bundle.crt will expire on Mar 24 20:07:41 2017 GMT
Mar  6 03:53:01 f52 notice tmsh[29092]: 01420002:5: AUDIT - pid=29092 user=root folder=/Common module=(tmos)# status=[Command OK] cmd_data=run sys crypto check-cert stdout disabled
Mar  6 04:00:00 qfile01 qlogd[24599]: event log: Users: System, Source IP: 127.0.0.1, Computer name: localhost, Content: [RTRR Job] (Sync) Job FTPServerToQnap1 started.
Mar  6 04:01:01 f51 notice tmsh[26533]: 01420002:5: AUDIT - pid=26533 user=root folder=/Common module=(tmos)# status=[Command OK] cmd_data=show sys mcp-state field-fmt
Mar  6 04:01:01 f51 notice tmsh[26537]: 01420002:5: AUDIT - pid=26537 user=root folder=/Common module=(tmos)# status=[Command OK] cmd_data=list sys db
Mar  6 04:01:02 f52 notice tmsh[29484]: 01420002:5: AUDIT - pid=29484 user=root folder=/Common module=(tmos)# status=[Command OK] cmd_data=show sys mcp-state field-fmt
Mar  6 04:01:02 f52 notice tmsh[29510]: 01420002:5: AUDIT - pid=29510 user=root folder=/Common module=(tmos)# status=[Command OK] cmd_data=list sys db
Mar  6 04:02:34 qfile01 qlogd[24599]: event log: Users: System, Source IP: 127.0.0.1, Computer name: localhost, Content: [RTRR Job] (Sync) Job FTPServerToQnap1 finished.
Mar  6 04:11:01 f51 notice tmsh[27228]: 01420002:5: AUDIT - pid=27228 user=root folder=/Common module=(tmos)# status=[Command OK] cmd_data=show sys mcp-state field-fmt
Mar  6 04:11:01 f51 notice tmsh[27232]: 01420002:5: AUDIT - pid=27232 user=root folder=/Common module=(tmos)# status=[Command OK] cmd_data=list sys db
Mar  6 04:11:01 f52 notice tmsh[30185]: 01420002:5: AUDIT - pid=30185 user=root folder=/Common module=(tmos)# status=[Command OK] cmd_data=show sys mcp-state field-fmt
Mar  6 04:11:02 f52 notice tmsh[30189]: 01420002:5: AUDIT - pid=30189 user=root folder=/Common module=(tmos)# status=[Command OK] cmd_data=list sys db
Mar  6 04:14:02 f51 notice syslog-ng[2480]: Configuration reload request received, reloading configuration;
Mar  6 04:14:02 f51 err syslog-ng[2480]: Duplicate stats counter; counter='udp((null):514)'
Mar  6 04:14:02 f51 err syslog-ng[2480]: Duplicate stats counter; counter='udp((null):514)'
Mar  6 04:14:02 f51 info audit_forwarder: audit_forwarder started.
Mar  6 04:14:02 f51 info pendsect[27452]: No devices found, returning
Mar  6 04:18:48 f51 warning tmm[12763]: 01260009:4: Connection error: ssl_hs_rxhello:7284: unsupported version (40)
Mar  6 04:20:01 qfile01 qlogd[24599]: event log: Users: System, Source IP: 127.0.0.1, Computer name: localhost, Content: [RTRR Job] (Sync) Job qnap1TOqnap2-4 started.
Mar  6 04:21:15 qfile02 qlogd[29929]: event log: Users: #012, Source IP: 127.0.0.1, Computer name: localhost, Content: (Job from client: 192.168.20.245)[RTRR Job] (Sync) Job qnap1TOqnap2-4 started.#012 
Mar  6 04:20:03 qfile01 qlogd[24599]: event log: Users: System, Source IP: 127.0.0.1, Computer name: localhost, Content: [RTRR Job] (Sync) Job qnap1TOqnap2-1 started.
Mar  6 04:21:17 qfile02 qlogd[29929]: event log: Users: #012, Source IP: 127.0.0.1, Computer name: localhost, Content: (Job from client: 192.168.20.245)[RTRR Job] (Sync) Job qnap1TOqnap2-1 started.#012 
Mar  6 04:20:13 qfile01 qlogd[24599]: event log: Users: System, Source IP: 127.0.0.1, Computer name: localhost, Content:  [Snapshot volume:DataVol1] Created snapshot (Replication-Job9) successfully.
Mar  6 04:20:14 qfile01 qlogd[24599]: event log: Users: System, Source IP: 127.0.0.1, Computer name: localhost, Content: [RTRR Job] (Sync) Job qnap1TOqnap2-4 finished.
Mar  6 04:21:28 qfile02 qlogd[29929]: event log: Users: #012, Source IP: 127.0.0.1, Computer name: localhost, Content: (Job from client: 192.168.20.245)[RTRR Job] (Sync) Job qnap1TOqnap2-4 finished.#012 
Mar  6 04:20:22 qfile01 qlogd[24599]: event log: Users: System, Source IP: 127.0.0.1, Computer name: localhost, Content:  [Snapshot volume:DataVol1] Created snapshot (Replication-Job12) successfully.
Mar  6 04:20:24 qfile01 qlogd[24599]: event log: Users: System, Source IP: 127.0.0.1, Computer name: localhost, Content: [RTRR Job] (Sync) Job qnap1TOqnap2-1 finished.
Mar  6 04:21:38 qfile02 qlogd[29929]: event log: Users: #012, Source IP: 127.0.0.1, Computer name: localhost, Content: (Job from client: 192.168.20.245)[RTRR Job] (Sync) Job qnap1TOqnap2-1 finished.#012 
Mar  6 04:21:01 f52 notice tmsh[30665]: 01420002:5: AUDIT - pid=30665 user=root folder=/Common module=(tmos)# status=[Command OK] cmd_data=show sys mcp-state field-fmt
Mar  6 04:21:01 f52 notice tmsh[30669]: 01420002:5: AUDIT - pid=30669 user=root folder=/Common module=(tmos)# status=[Command OK] cmd_data=list sys db
Mar  6 04:21:01 f51 notice tmsh[27838]: 01420002:5: AUDIT - pid=27838 user=root folder=/Common module=(tmos)# status=[Command OK] cmd_data=show sys mcp-state field-fmt
Mar  6 04:21:02 f51 notice tmsh[27842]: 01420002:5: AUDIT - pid=27842 user=root folder=/Common module=(tmos)# status=[Command OK] cmd_data=list sys db
Mar  6 04:30:01 qfile02 qlogd[29929]: event log: Users: System, Source IP: 127.0.0.1, Computer name: localhost, Content: [RTRR Job] (Sync) Job qnap1->qnap2ForALLBank started.
Mar  6 04:28:48 qfile01 qlogd[24599]: event log: Users: #012, Source IP: 127.0.0.1, Computer name: localhost, Content: (Job from client: 10.51.188.19)[RTRR Job] (Sync) Job qnap1->qnap2ForALLBank started.#012 
Mar  6 04:30:14 qfile02 qlogd[29929]: event log: Users: System, Source IP: 127.0.0.1, Computer name: localhost, Content: [RTRR Job] (Sync) Job qnap1->qnap2ForALLBank finished.
Mar  6 04:29:02 qfile01 qlogd[24599]: event log: Users: #012, Source IP: 127.0.0.1, Computer name: localhost, Content: (Job from client: 10.51.188.19)[RTRR Job] (Sync) Job qnap1->qnap2ForALLBank finished.#012 
Mar  6 04:30:01 qfile01 qlogd[24599]: event log: Users: System, Source IP: 127.0.0.1, Computer name: localhost, Content: [RTRR Job] (Sync) Job qnap1TOqnap2-5 started.
Mar  6 04:31:15 qfile02 qlogd[29929]: event log: Users: #012, Source IP: 127.0.0.1, Computer name: localhost, Content: (Job from client: 192.168.20.245)[RTRR Job] (Sync) Job qnap1TOqnap2-5 started.#012 
Mar  6 04:30:02 qfile01 qlogd[24599]: event log: Users: System, Source IP: 127.0.0.1, Computer name: localhost, Content: [RTRR Job] (Sync) Job qnap1TOqnap2-2 started.
Mar  6 04:31:16 qfile02 qlogd[29929]: event log: Users: #012, Source IP: 127.0.0.1, Computer name: localhost, Content: (Job from client: 192.168.20.245)[RTRR Job] (Sync) Job qnap1TOqnap2-2 started.#012 
Mar  6 04:30:13 qfile01 qlogd[24599]: event log: Users: System, Source IP: 127.0.0.1, Computer name: localhost, Content:  [Snapshot volume:DataVol1] Created snapshot (Replication-Job3) successfully.
Mar  6 04:30:23 qfile01 qlogd[24599]: event log: Users: System, Source IP: 127.0.0.1, Computer name: localhost, Content:  [Snapshot volume:DataVol1] Created snapshot (Replication-Job11) successfully.
Mar  6 04:30:26 qfile01 qlogd[24599]: event log: Users: System, Source IP: 127.0.0.1, Computer name: localhost, Content: [RTRR Job] (Sync) Job qnap1TOqnap2-2 finished.
Mar  6 04:31:39 qfile02 qlogd[29929]: event log: Users: #012, Source IP: 127.0.0.1, Computer name: localhost, Content: (Job from client: 192.168.20.245)[RTRR Job] (Sync) Job qnap1TOqnap2-2 finished.#012 
Mar  6 04:31:01 f51 notice tmsh[28310]: 01420002:5: AUDIT - pid=28310 user=root folder=/Common module=(tmos)# status=[Command OK] cmd_data=show sys mcp-state field-fmt
Mar  6 04:31:01 f51 notice tmsh[28314]: 01420002:5: AUDIT - pid=28314 user=root folder=/Common module=(tmos)# status=[Command OK] cmd_data=list sys db
Mar  6 04:31:02 f52 notice tmsh[31141]: 01420002:5: AUDIT - pid=31141 user=root folder=/Common module=(tmos)# status=[Command OK] cmd_data=show sys mcp-state field-fmt
Mar  6 04:31:02 f52 notice tmsh[31145]: 01420002:5: AUDIT - pid=31145 user=root folder=/Common module=(tmos)# status=[Command OK] cmd_data=list sys db
Mar  6 04:30:48 qfile01 qlogd[24599]: event log: Users: System, Source IP: 127.0.0.1, Computer name: localhost, Content: [RTRR Job] (Sync) Job qnap1TOqnap2-5 finished.
Mar  6 04:32:02 qfile02 qlogd[29929]: event log: Users: #012, Source IP: 127.0.0.1, Computer name: localhost, Content: (Job from client: 192.168.20.245)[RTRR Job] (Sync) Job qnap1TOqnap2-5 finished.#012 
Mar  6 04:34:01 f51 warning tmsh[28474]: 01420007:4: Certificate 'CN=Buypass Class 2 CA 1,O=Buypass AS-983163327,C=NO' in file /Common/ca-bundle.crt expired on Oct 13 10:25:09 2016 GMT
Mar  6 04:34:01 f51 warning tmsh[28474]: 01420007:4: Certificate 'CN=Buypass Class 2 CA 1,O=Buypass AS-983163327,C=NO' in file /Common/ca-bundle.crt expired on Oct 13 10:25:09 2016 GMT
Mar  6 04:34:01 f51 warning tmsh[28474]: 01420007:4: Certificate 'CN=e-Guven Kok Elektronik Sertifika Hizmet Saglayicisi,O=Elektronik Bilgi Guvenligi A.S.,C=TR' in file /Common/ca-bundle.crt expired on Jan  4 11:32:48 2017 GMT
Mar  6 04:34:01 f51 warning tmsh[28474]: 01420007:4: Certificate 'CN=Encryption e-Szigno CA5,OU=e-Szigno CA,O=Microsec Ltd.,L=Budapest,C=HU' in file /Common/ca-bundle.crt expired on Oct  5 14:28:14 2016 GMT
Mar  6 04:34:01 f51 warning tmsh[28474]: 01420007:4: Certificate 'CN=VeriSign Class 3 Extended Validation SSL CA,OU=Terms of use at https://www.verisign.com/rpa (c)06,OU=VeriSign Trust Network,O=VeriSign, Inc.,C=US' in file /Common/ca-bundle.crt expired on Nov  7 23:59:59 2016 GMT
Mar  6 04:34:01 f51 warning tmsh[28474]: 01420007:4: Per-invocation log rate exceeded; throttling.
Mar  6 04:34:01 f51 warning tmsh[28474]: 01420008:4: Certificate 'CN=Cybertrust Japan Public CA G2,O=Cybertrust Japan Co., Ltd.,C=JP' in file /Common/ca-bundle.crt will expire on Mar 24 20:07:41 2017 GMT
Mar  6 04:34:01 f51 notice tmsh[28474]: 01420002:5: AUDIT - pid=28474 user=root folder=/Common module=(tmos)# status=[Command OK] cmd_data=run sys crypto check-cert stdout disabled
Mar  6 04:40:01 qfile01 qlogd[24599]: event log: Users: System, Source IP: 127.0.0.1, Computer name: localhost, Content: [RTRR Job] (Sync) Job qnap1TOqnap2-6 started.
Mar  6 04:41:15 qfile02 qlogd[29929]: event log: Users: #012, Source IP: 127.0.0.1, Computer name: localhost, Content: (Job from client: 192.168.20.245)[RTRR Job] (Sync) Job qnap1TOqnap2-6 started.#012 
Mar  6 04:40:03 qfile01 qlogd[24599]: event log: Users: System, Source IP: 127.0.0.1, Computer name: localhost, Content: [RTRR Job] (Sync) Job qnap1TOqnap2-3 started.
Mar  6 04:41:17 qfile02 qlogd[29929]: event log: Users: #012, Source IP: 127.0.0.1, Computer name: localhost, Content: (Job from client: 192.168.20.245)[RTRR Job] (Sync) Job qnap1TOqnap2-3 started.#012 
Mar  6 04:40:14 qfile01 qlogd[24599]: event log: Users: System, Source IP: 127.0.0.1, Computer name: localhost, Content:  [Snapshot volume:DataVol1] Created snapshot (Replication-Job0) successfully.
Mar  6 04:40:23 qfile01 qlogd[24599]: event log: Users: System, Source IP: 127.0.0.1, Computer name: localhost, Content:  [Snapshot volume:DataVol1] Created snapshot (Replication-Job10) successfully.
Mar  6 04:40:24 qfile01 qlogd[24599]: event log: Users: System, Source IP: 127.0.0.1, Computer name: localhost, Content: [RTRR Job] (Sync) Job qnap1TOqnap2-3 finished.
Mar  6 04:41:38 qfile02 qlogd[29929]: event log: Users: #012, Source IP: 127.0.0.1, Computer name: localhost, Content: (Job from client: 192.168.20.245)[RTRR Job] (Sync) Job qnap1TOqnap2-3 finished.#012 
Mar  6 04:41:01 f51 notice tmsh[28790]: 01420002:5: AUDIT - pid=28790 user=root folder=/Common module=(tmos)# status=[Command OK] cmd_data=show sys mcp-state field-fmt
Mar  6 04:41:01 f51 notice tmsh[28794]: 01420002:5: AUDIT - pid=28794 user=root folder=/Common module=(tmos)# status=[Command OK] cmd_data=list sys db
Mar  6 04:41:01 f52 notice tmsh[31613]: 01420002:5: AUDIT - pid=31613 user=root folder=/Common module=(tmos)# status=[Command OK] cmd_data=show sys mcp-state field-fmt
Mar  6 04:41:01 f52 notice tmsh[31617]: 01420002:5: AUDIT - pid=31617 user=root folder=/Common module=(tmos)# status=[Command OK] cmd_data=list sys db
Mar  6 04:40:41 qfile01 qlogd[24599]: event log: Users: System, Source IP: 127.0.0.1, Computer name: localhost, Content: [RTRR Job] (Sync) Job qnap1TOqnap2-6 finished.
Mar  6 04:41:55 qfile02 qlogd[29929]: event log: Users: #012, Source IP: 127.0.0.1, Computer name: localhost, Content: (Job from client: 192.168.20.245)[RTRR Job] (Sync) Job qnap1TOqnap2-6 finished.#012 
Mar  6 04:51:01 f52 notice tmsh[32087]: 01420002:5: AUDIT - pid=32087 user=root folder=/Common module=(tmos)# status=[Command OK] cmd_data=show sys mcp-state field-fmt
Mar  6 04:51:01 f52 notice tmsh[32091]: 01420002:5: AUDIT - pid=32091 user=root folder=/Common module=(tmos)# status=[Command OK] cmd_data=list sys db
Mar  6 04:51:01 f51 notice tmsh[29266]: 01420002:5: AUDIT - pid=29266 user=root folder=/Common module=(tmos)# status=[Command OK] cmd_data=show sys mcp-state field-fmt
Mar  6 04:51:02 f51 notice tmsh[29270]: 01420002:5: AUDIT - pid=29270 user=root folder=/Common module=(tmos)# status=[Command OK] cmd_data=list sys db
Mar  6 05:00:01 qfile01 qlogd[24599]: event log: Users: System, Source IP: 127.0.0.1, Computer name: localhost, Content: [RTRR Job] (Sync) Job FTPServerToQnap1 started.
Mar  6 05:01:01 f51 notice tmsh[29759]: 01420002:5: AUDIT - pid=29759 user=root folder=/Common module=(tmos)# status=[Command OK] cmd_data=show sys mcp-state field-fmt
Mar  6 05:01:01 f51 notice tmsh[29763]: 01420002:5: AUDIT - pid=29763 user=root folder=/Common module=(tmos)# status=[Command OK] cmd_data=list sys db
Mar  6 05:01:01 f52 notice tmsh[32584]: 01420002:5: AUDIT - pid=32584 user=root folder=/Common module=(tmos)# status=[Command OK] cmd_data=show sys mcp-state field-fmt
Mar  6 05:01:02 f52 notice tmsh[32588]: 01420002:5: AUDIT - pid=32588 user=root folder=/Common module=(tmos)# status=[Command OK] cmd_data=list sys db
Mar  6 05:02:42 qfile01 qlogd[24599]: event log: Users: System, Source IP: 127.0.0.1, Computer name: localhost, Content: [RTRR Job] (Sync) Job FTPServerToQnap1 finished.
Mar  6 05:11:01 f52 notice tmsh[902]: 01420002:5: AUDIT - pid=902 user=root folder=/Common module=(tmos)# status=[Command OK] cmd_data=show sys mcp-state field-fmt
Mar  6 05:11:01 f52 notice tmsh[906]: 01420002:5: AUDIT - pid=906 user=root folder=/Common module=(tmos)# status=[Command OK] cmd_data=list sys db
Mar  6 05:11:02 f51 notice tmsh[30453]: 01420002:5: AUDIT - pid=30453 user=root folder=/Common module=(tmos)# status=[Command OK] cmd_data=show sys mcp-state field-fmt
Mar  6 05:11:02 f51 notice tmsh[30457]: 01420002:5: AUDIT - pid=30457 user=root folder=/Common module=(tmos)# status=[Command OK] cmd_data=list sys db
Mar  6 05:20:01 qfile01 qlogd[24599]: event log: Users: System, Source IP: 127.0.0.1, Computer name: localhost, Content: [RTRR Job] (Sync) Job qnap1TOqnap2-4 started.
Mar  6 05:21:15 qfile02 qlogd[29929]: event log: Users: #012, Source IP: 127.0.0.1, Computer name: localhost, Content: (Job from client: 192.168.20.245)[RTRR Job] (Sync) Job qnap1TOqnap2-4 started.#012 
Mar  6 05:20:03 qfile01 qlogd[24599]: event log: Users: System, Source IP: 127.0.0.1, Computer name: localhost, Content: [RTRR Job] (Sync) Job qnap1TOqnap2-1 started.
Mar  6 05:21:17 qfile02 qlogd[29929]: event log: Users: #012, Source IP: 127.0.0.1, Computer name: localhost, Content: (Job from client: 192.168.20.245)[RTRR Job] (Sync) Job qnap1TOqnap2-1 started.#012 
Mar  6 05:20:12 qfile01 qlogd[24599]: event log: Users: System, Source IP: 127.0.0.1, Computer name: localhost, Content:  [Snapshot volume:DataVol1] Created snapshot (Replication-Job9) successfully.
Mar  6 05:20:19 qfile01 qlogd[24599]: event log: Users: System, Source IP: 127.0.0.1, Computer name: localhost, Content: [RTRR Job] (Sync) Job qnap1TOqnap2-4 finished.
Mar  6 05:21:33 qfile02 qlogd[29929]: event log: Users: #012, Source IP: 127.0.0.1, Computer name: localhost, Content: (Job from client: 192.168.20.245)[RTRR Job] (Sync) Job qnap1TOqnap2-4 finished.#012 
Mar  6 05:20:21 qfile01 qlogd[24599]: event log: Users: System, Source IP: 127.0.0.1, Computer name: localhost, Content:  [Snapshot volume:DataVol1] Created snapshot (Replication-Job12) successfully.
Mar  6 05:20:22 qfile01 qlogd[24599]: event log: Users: System, Source IP: 127.0.0.1, Computer name: localhost, Content: [RTRR Job] (Sync) Job qnap1TOqnap2-1 finished.
Mar  6 05:21:36 qfile02 qlogd[29929]: event log: Users: #012, Source IP: 127.0.0.1, Computer name: localhost, Content: (Job from client: 192.168.20.245)[RTRR Job] (Sync) Job qnap1TOqnap2-1 finished.#012 
Mar  6 05:21:01 f52 notice tmsh[1383]: 01420002:5: AUDIT - pid=1383 user=root folder=/Common module=(tmos)# status=[Command OK] cmd_data=show sys mcp-state field-fmt
Mar  6 05:21:01 f52 notice tmsh[1387]: 01420002:5: AUDIT - pid=1387 user=root folder=/Common module=(tmos)# status=[Command OK] cmd_data=list sys db
Mar  6 05:21:01 f51 notice tmsh[30923]: 01420002:5: AUDIT - pid=30923 user=root folder=/Common module=(tmos)# status=[Command OK] cmd_data=show sys mcp-state field-fmt
Mar  6 05:21:01 f51 notice tmsh[30927]: 01420002:5: AUDIT - pid=30927 user=root folder=/Common module=(tmos)# status=[Command OK] cmd_data=list sys db
Mar  6 05:30:01 qfile02 qlogd[29929]: event log: Users: System, Source IP: 127.0.0.1, Computer name: localhost, Content: [RTRR Job] (Sync) Job qnap1->qnap2ForALLBank started.
Mar  6 05:28:49 qfile01 qlogd[24599]: event log: Users: #012, Source IP: 127.0.0.1, Computer name: localhost, Content: (Job from client: 10.51.188.19)[RTRR Job] (Sync) Job qnap1->qnap2ForALLBank started.#012 
Mar  6 05:30:19 qfile02 qlogd[29929]: event log: Users: System, Source IP: 127.0.0.1, Computer name: localhost, Content: [RTRR Job] (Sync) Job qnap1->qnap2ForALLBank finished.
Mar  6 05:29:06 qfile01 qlogd[24599]: event log: Users: #012, Source IP: 127.0.0.1, Computer name: localhost, Content: (Job from client: 10.51.188.19)[RTRR Job] (Sync) Job qnap1->qnap2ForALLBank finished.#012 
Mar  6 05:30:01 qfile01 qlogd[24599]: event log: Users: System, Source IP: 127.0.0.1, Computer name: localhost, Content: [RTRR Job] (Sync) Job qnap1TOqnap2-5 started.
Mar  6 05:31:14 qfile02 qlogd[29929]: event log: Users: #012, Source IP: 127.0.0.1, Computer name: localhost, Content: (Job from client: 192.168.20.245)[RTRR Job] (Sync) Job qnap1TOqnap2-5 started.#012 
Mar  6 05:30:02 qfile01 qlogd[24599]: event log: Users: System, Source IP: 127.0.0.1, Computer name: localhost, Content: [RTRR Job] (Sync) Job qnap1TOqnap2-2 started.
Mar  6 05:31:16 qfile02 qlogd[29929]: event log: Users: #012, Source IP: 127.0.0.1, Computer name: localhost, Content: (Job from client: 192.168.20.245)[RTRR Job] (Sync) Job qnap1TOqnap2-2 started.#012 
Mar  6 05:30:13 qfile01 qlogd[24599]: event log: Users: System, Source IP: 127.0.0.1, Computer name: localhost, Content:  [Snapshot volume:DataVol1] Created snapshot (Replication-Job3) successfully.
Mar  6 05:30:21 qfile01 qlogd[24599]: event log: Users: System, Source IP: 127.0.0.1, Computer name: localhost, Content:  [Snapshot volume:DataVol1] Created snapshot (Replication-Job11) successfully.
Mar  6 05:30:23 qfile01 qlogd[24599]: event log: Users: System, Source IP: 127.0.0.1, Computer name: localhost, Content: [RTRR Job] (Sync) Job qnap1TOqnap2-2 finished.
Mar  6 05:31:37 qfile02 qlogd[29929]: event log: Users: #012, Source IP: 127.0.0.1, Computer name: localhost, Content: (Job from client: 192.168.20.245)[RTRR Job] (Sync) Job qnap1TOqnap2-2 finished.#012 
Mar  6 05:31:01 f51 notice tmsh[31394]: 01420002:5: AUDIT - pid=31394 user=root folder=/Common module=(tmos)# status=[Command OK] cmd_data=show sys mcp-state field-fmt
Mar  6 05:31:01 f51 notice tmsh[31398]: 01420002:5: AUDIT - pid=31398 user=root folder=/Common module=(tmos)# status=[Command OK] cmd_data=list sys db
Mar  6 05:31:01 f52 notice tmsh[1885]: 01420002:5: AUDIT - pid=1885 user=root folder=/Common module=(tmos)# status=[Command OK] cmd_data=show sys mcp-state field-fmt
Mar  6 05:31:02 f52 notice tmsh[1889]: 01420002:5: AUDIT - pid=1889 user=root folder=/Common module=(tmos)# status=[Command OK] cmd_data=list sys db
Mar  6 05:30:46 qfile01 qlogd[24599]: event log: Users: System, Source IP: 127.0.0.1, Computer name: localhost, Content: [RTRR Job] (Sync) Job qnap1TOqnap2-5 finished.
Mar  6 05:31:59 qfile02 qlogd[29929]: event log: Users: #012, Source IP: 127.0.0.1, Computer name: localhost, Content: (Job from client: 192.168.20.245)[RTRR Job] (Sync) Job qnap1TOqnap2-5 finished.#012 
Mar  6 05:40:01 qfile01 qlogd[24599]: event log: Users: System, Source IP: 127.0.0.1, Computer name: localhost, Content: [RTRR Job] (Sync) Job qnap1TOqnap2-6 started.
Mar  6 05:41:15 qfile02 qlogd[29929]: event log: Users: #012, Source IP: 127.0.0.1, Computer name: localhost, Content: (Job from client: 192.168.20.245)[RTRR Job] (Sync) Job qnap1TOqnap2-6 started.#012 
Mar  6 05:40:03 qfile01 qlogd[24599]: event log: Users: System, Source IP: 127.0.0.1, Computer name: localhost, Content: [RTRR Job] (Sync) Job qnap1TOqnap2-3 started.
Mar  6 05:41:16 qfile02 qlogd[29929]: event log: Users: #012, Source IP: 127.0.0.1, Computer name: localhost, Content: (Job from client: 192.168.20.245)[RTRR Job] (Sync) Job qnap1TOqnap2-3 started.#012 
Mar  6 05:40:13 qfile01 qlogd[24599]: event log: Users: System, Source IP: 127.0.0.1, Computer name: localhost, Content:  [Snapshot volume:DataVol1] Created snapshot (Replication-Job0) successfully.
Mar  6 05:40:23 qfile01 qlogd[24599]: event log: Users: System, Source IP: 127.0.0.1, Computer name: localhost, Content:  [Snapshot volume:DataVol1] Created snapshot (Replication-Job10) successfully.
Mar  6 05:40:25 qfile01 qlogd[24599]: event log: Users: System, Source IP: 127.0.0.1, Computer name: localhost, Content: [RTRR Job] (Sync) Job qnap1TOqnap2-3 finished.
Mar  6 05:41:39 qfile02 qlogd[29929]: event log: Users: #012, Source IP: 127.0.0.1, Computer name: localhost, Content: (Job from client: 192.168.20.245)[RTRR Job] (Sync) Job qnap1TOqnap2-3 finished.#012 
Mar  6 05:41:01 f52 notice tmsh[2359]: 01420002:5: AUDIT - pid=2359 user=root folder=/Common module=(tmos)# status=[Command OK] cmd_data=show sys mcp-state field-fmt
Mar  6 05:41:01 f52 notice tmsh[2363]: 01420002:5: AUDIT - pid=2363 user=root folder=/Common module=(tmos)# status=[Command OK] cmd_data=list sys db
Mar  6 05:41:02 f51 notice tmsh[31864]: 01420002:5: AUDIT - pid=31864 user=root folder=/Common module=(tmos)# status=[Command OK] cmd_data=show sys mcp-state field-fmt
Mar  6 05:41:02 f51 notice tmsh[31868]: 01420002:5: AUDIT - pid=31868 user=root folder=/Common module=(tmos)# status=[Command OK] cmd_data=list sys db
Mar  6 05:40:40 qfile01 qlogd[24599]: event log: Users: System, Source IP: 127.0.0.1, Computer name: localhost, Content: [RTRR Job] (Sync) Job qnap1TOqnap2-6 finished.
Mar  6 05:41:54 qfile02 qlogd[29929]: event log: Users: #012, Source IP: 127.0.0.1, Computer name: localhost, Content: (Job from client: 192.168.20.245)[RTRR Job] (Sync) Job qnap1TOqnap2-6 finished.#012 
Mar  6 05:51:01 f52 notice tmsh[2834]: 01420002:5: AUDIT - pid=2834 user=root folder=/Common module=(tmos)# status=[Command OK] cmd_data=show sys mcp-state field-fmt
Mar  6 05:51:01 f52 notice tmsh[2838]: 01420002:5: AUDIT - pid=2838 user=root folder=/Common module=(tmos)# status=[Command OK] cmd_data=list sys db
Mar  6 05:51:01 f51 notice tmsh[32340]: 01420002:5: AUDIT - pid=32340 user=root folder=/Common module=(tmos)# status=[Command OK] cmd_data=show sys mcp-state field-fmt
Mar  6 05:51:01 f51 notice tmsh[32344]: 01420002:5: AUDIT - pid=32344 user=root folder=/Common module=(tmos)# status=[Command OK] cmd_data=list sys db
Mar  6 05:59:44 qfile01 qlogd[24599]: event log: Users: System, Source IP: 127.0.0.1, Computer name: localhost, Content: [Microsoft Networking] The NAS registration in DNS failed
Mar  6 06:00:01 qfile01 qlogd[24599]: event log: Users: System, Source IP: 127.0.0.1, Computer name: localhost, Content: [RTRR Job] (Sync) Job FTPServerToQnap1 started.
Mar  6 06:01:01 f51 notice tmsh[366]: 01420002:5: AUDIT - pid=366 user=root folder=/Common module=(tmos)# status=[Command OK] cmd_data=show sys mcp-state field-fmt
Mar  6 06:01:01 f51 notice tmsh[395]: 01420002:5: AUDIT - pid=395 user=root folder=/Common module=(tmos)# status=[Command OK] cmd_data=list sys db
Mar  6 06:01:01 f52 notice tmsh[3332]: 01420002:5: AUDIT - pid=3332 user=root folder=/Common module=(tmos)# status=[Command OK] cmd_data=show sys mcp-state field-fmt
Mar  6 06:01:02 f52 notice tmsh[3336]: 01420002:5: AUDIT - pid=3336 user=root folder=/Common module=(tmos)# status=[Command OK] cmd_data=list sys db
Mar  6 06:02:37 qfile01 qlogd[24599]: event log: Users: System, Source IP: 127.0.0.1, Computer name: localhost, Content: [RTRR Job] (Sync) Job FTPServerToQnap1 finished.
Mar  6 06:11:01 f52 notice tmsh[4041]: 01420002:5: AUDIT - pid=4041 user=root folder=/Common module=(tmos)# status=[Command OK] cmd_data=show sys mcp-state field-fmt
Mar  6 06:11:01 f52 notice tmsh[4045]: 01420002:5: AUDIT - pid=4045 user=root folder=/Common module=(tmos)# status=[Command OK] cmd_data=list sys db
Mar  6 06:11:01 f51 notice tmsh[1145]: 01420002:5: AUDIT - pid=1145 user=root folder=/Common module=(tmos)# status=[Command OK] cmd_data=show sys mcp-state field-fmt
Mar  6 06:11:02 f51 notice tmsh[1149]: 01420002:5: AUDIT - pid=1149 user=root folder=/Common module=(tmos)# status=[Command OK] cmd_data=list sys db
Mar  6 06:20:01 qfile01 qlogd[24599]: event log: Users: System, Source IP: 127.0.0.1, Computer name: localhost, Content: [RTRR Job] (Sync) Job qnap1TOqnap2-4 started.
Mar  6 06:21:16 qfile02 qlogd[29929]: event log: Users: #012, Source IP: 127.0.0.1, Computer name: localhost, Content: (Job from client: 192.168.20.245)[RTRR Job] (Sync) Job qnap1TOqnap2-4 started.#012 
Mar  6 06:20:03 qfile01 qlogd[24599]: event log: Users: System, Source IP: 127.0.0.1, Computer name: localhost, Content: [RTRR Job] (Sync) Job qnap1TOqnap2-1 started.
Mar  6 06:21:17 qfile02 qlogd[29929]: event log: Users: #012, Source IP: 127.0.0.1, Computer name: localhost, Content: (Job from client: 192.168.20.245)[RTRR Job] (Sync) Job qnap1TOqnap2-1 started.#012 
Mar  6 06:20:13 qfile01 qlogd[24599]: event log: Users: System, Source IP: 127.0.0.1, Computer name: localhost, Content:  [Snapshot volume:DataVol1] Created snapshot (Replication-Job9) successfully.
Mar  6 06:20:14 qfile01 qlogd[24599]: event log: Users: System, Source IP: 127.0.0.1, Computer name: localhost, Content: [RTRR Job] (Sync) Job qnap1TOqnap2-4 finished.
Mar  6 06:21:28 qfile02 qlogd[29929]: event log: Users: #012, Source IP: 127.0.0.1, Computer name: localhost, Content: (Job from client: 192.168.20.245)[RTRR Job] (Sync) Job qnap1TOqnap2-4 finished.#012 
Mar  6 06:20:23 qfile01 qlogd[24599]: event log: Users: System, Source IP: 127.0.0.1, Computer name: localhost, Content:  [Snapshot volume:DataVol1] Created snapshot (Replication-Job12) successfully.
Mar  6 06:20:24 qfile01 qlogd[24599]: event log: Users: System, Source IP: 127.0.0.1, Computer name: localhost, Content: [RTRR Job] (Sync) Job qnap1TOqnap2-1 finished.
Mar  6 06:21:38 qfile02 qlogd[29929]: event log: Users: #012, Source IP: 127.0.0.1, Computer name: localhost, Content: (Job from client: 192.168.20.245)[RTRR Job] (Sync) Job qnap1TOqnap2-1 finished.#012 
Mar  6 06:21:01 f51 notice tmsh[1615]: 01420002:5: AUDIT - pid=1615 user=root folder=/Common module=(tmos)# status=[Command OK] cmd_data=show sys mcp-state field-fmt
Mar  6 06:21:01 f51 notice tmsh[1619]: 01420002:5: AUDIT - pid=1619 user=root folder=/Common module=(tmos)# status=[Command OK] cmd_data=list sys db
Mar  6 06:21:02 f52 notice tmsh[4527]: 01420002:5: AUDIT - pid=4527 user=root folder=/Common module=(tmos)# status=[Command OK] cmd_data=show sys mcp-state field-fmt
Mar  6 06:21:02 f52 notice tmsh[4532]: 01420002:5: AUDIT - pid=4532 user=root folder=/Common module=(tmos)# status=[Command OK] cmd_data=list sys db
Mar  6 06:30:01 qfile02 qlogd[29929]: event log: Users: System, Source IP: 127.0.0.1, Computer name: localhost, Content: [RTRR Job] (Sync) Job qnap1->qnap2ForALLBank started.
Mar  6 06:28:48 qfile01 qlogd[24599]: event log: Users: #012, Source IP: 127.0.0.1, Computer name: localhost, Content: (Job from client: 10.51.188.19)[RTRR Job] (Sync) Job qnap1->qnap2ForALLBank started.#012 
Mar  6 06:30:14 qfile02 qlogd[29929]: event log: Users: System, Source IP: 127.0.0.1, Computer name: localhost, Content: [RTRR Job] (Sync) Job qnap1->qnap2ForALLBank finished.
Mar  6 06:29:01 qfile01 qlogd[24599]: event log: Users: #012, Source IP: 127.0.0.1, Computer name: localhost, Content: (Job from client: 10.51.188.19)[RTRR Job] (Sync) Job qnap1->qnap2ForALLBank finished.#012 
Mar  6 06:30:00 qfile01 qlogd[24599]: event log: Users: System, Source IP: 127.0.0.1, Computer name: localhost, Content: [RTRR Job] (Sync) Job qnap1TOqnap2-5 started.
Mar  6 06:31:14 qfile02 qlogd[29929]: event log: Users: #012, Source IP: 127.0.0.1, Computer name: localhost, Content: (Job from client: 192.168.20.245)[RTRR Job] (Sync) Job qnap1TOqnap2-5 started.#012 
Mar  6 06:30:01 qfile01 qlogd[24599]: event log: Users: System, Source IP: 127.0.0.1, Computer name: localhost, Content: [RTRR Job] (Sync) Job qnap1TOqnap2-2 started.
Mar  6 06:31:16 qfile02 qlogd[29929]: event log: Users: #012, Source IP: 127.0.0.1, Computer name: localhost, Content: (Job from client: 192.168.20.245)[RTRR Job] (Sync) Job qnap1TOqnap2-2 started.#012 
Mar  6 06:30:09 qfile01 qlogd[24599]: event log: Users: System, Source IP: 127.0.0.1, Computer name: localhost, Content:  [Snapshot volume:DataVol1] Created snapshot (Replication-Job3) successfully.
Mar  6 06:30:13 qfile01 qlogd[24599]: event log: Users: System, Source IP: 127.0.0.1, Computer name: localhost, Content:  [Snapshot volume:DataVol1] Created snapshot (Replication-Job11) successfully.
Mar  6 06:30:15 qfile01 qlogd[24599]: event log: Users: System, Source IP: 127.0.0.1, Computer name: localhost, Content: [RTRR Job] (Sync) Job qnap1TOqnap2-2 finished.
Mar  6 06:31:29 qfile02 qlogd[29929]: event log: Users: #012, Source IP: 127.0.0.1, Computer name: localhost, Content: (Job from client: 192.168.20.245)[RTRR Job] (Sync) Job qnap1TOqnap2-2 finished.#012 
Mar  6 06:31:01 f51 notice tmsh[2112]: 01420002:5: AUDIT - pid=2112 user=root folder=/Common module=(tmos)# status=[Command OK] cmd_data=show sys mcp-state field-fmt
Mar  6 06:31:01 f51 notice tmsh[2116]: 01420002:5: AUDIT - pid=2116 user=root folder=/Common module=(tmos)# status=[Command OK] cmd_data=list sys db
Mar  6 06:31:01 f52 notice tmsh[5020]: 01420002:5: AUDIT - pid=5020 user=root folder=/Common module=(tmos)# status=[Command OK] cmd_data=show sys mcp-state field-fmt
Mar  6 06:31:01 f52 notice tmsh[5024]: 01420002:5: AUDIT - pid=5024 user=root folder=/Common module=(tmos)# status=[Command OK] cmd_data=list sys db
Mar  6 06:30:41 qfile01 qlogd[24599]: event log: Users: System, Source IP: 127.0.0.1, Computer name: localhost, Content: [RTRR Job] (Sync) Job qnap1TOqnap2-5 finished.
Mar  6 06:31:55 qfile02 qlogd[29929]: event log: Users: #012, Source IP: 127.0.0.1, Computer name: localhost, Content: (Job from client: 192.168.20.245)[RTRR Job] (Sync) Job qnap1TOqnap2-5 finished.#012 
Mar  6 06:40:01 qfile01 qlogd[24599]: event log: Users: System, Source IP: 127.0.0.1, Computer name: localhost, Content: [RTRR Job] (Sync) Job qnap1TOqnap2-6 started.
Mar  6 06:41:15 qfile02 qlogd[29929]: event log: Users: #012, Source IP: 127.0.0.1, Computer name: localhost, Content: (Job from client: 192.168.20.245)[RTRR Job] (Sync) Job qnap1TOqnap2-6 started.#012 
Mar  6 06:40:02 qfile01 qlogd[24599]: event log: Users: System, Source IP: 127.0.0.1, Computer name: localhost, Content: [RTRR Job] (Sync) Job qnap1TOqnap2-3 started.
Mar  6 06:41:16 qfile02 qlogd[29929]: event log: Users: #012, Source IP: 127.0.0.1, Computer name: localhost, Content: (Job from client: 192.168.20.245)[RTRR Job] (Sync) Job qnap1TOqnap2-3 started.#012 
Mar  6 06:40:13 qfile01 qlogd[24599]: event log: Users: System, Source IP: 127.0.0.1, Computer name: localhost, Content:  [Snapshot volume:DataVol1] Created snapshot (Replication-Job0) successfully.
Mar  6 06:40:18 qfile01 qlogd[24599]: event log: Users: System, Source IP: 127.0.0.1, Computer name: localhost, Content:  [Snapshot volume:DataVol1] Created snapshot (Replication-Job10) successfully.
Mar  6 06:40:18 qfile01 qlogd[24599]: event log: Users: System, Source IP: 127.0.0.1, Computer name: localhost, Content: [RTRR Job] (Sync) Job qnap1TOqnap2-3 finished.
Mar  6 06:41:32 qfile02 qlogd[29929]: event log: Users: #012, Source IP: 127.0.0.1, Computer name: localhost, Content: (Job from client: 192.168.20.245)[RTRR Job] (Sync) Job qnap1TOqnap2-3 finished.#012 
Mar  6 06:40:32 qfile01 qlogd[24599]: event log: Users: System, Source IP: 127.0.0.1, Computer name: localhost, Content: [RTRR Job] (Sync) Job qnap1TOqnap2-6 finished.
Mar  6 06:41:46 qfile02 qlogd[29929]: event log: Users: #012, Source IP: 127.0.0.1, Computer name: localhost, Content: (Job from client: 192.168.20.245)[RTRR Job] (Sync) Job qnap1TOqnap2-6 finished.#012 
Mar  6 06:41:01 f52 notice tmsh[5507]: 01420002:5: AUDIT - pid=5507 user=root folder=/Common module=(tmos)# status=[Command OK] cmd_data=show sys mcp-state field-fmt
Mar  6 06:41:01 f52 notice tmsh[5511]: 01420002:5: AUDIT - pid=5511 user=root folder=/Common module=(tmos)# status=[Command OK] cmd_data=list sys db
Mar  6 06:41:01 f51 notice tmsh[2585]: 01420002:5: AUDIT - pid=2585 user=root folder=/Common module=(tmos)# status=[Command OK] cmd_data=show sys mcp-state field-fmt
Mar  6 06:41:02 f51 notice tmsh[2589]: 01420002:5: AUDIT - pid=2589 user=root folder=/Common module=(tmos)# status=[Command OK] cmd_data=list sys db
Mar  6 06:51:01 f51 notice tmsh[3059]: 01420002:5: AUDIT - pid=3059 user=root folder=/Common module=(tmos)# status=[Command OK] cmd_data=show sys mcp-state field-fmt
Mar  6 06:51:01 f51 notice tmsh[3063]: 01420002:5: AUDIT - pid=3063 user=root folder=/Common module=(tmos)# status=[Command OK] cmd_data=list sys db
Mar  6 06:51:01 f52 notice tmsh[6016]: 01420002:5: AUDIT - pid=6016 user=root folder=/Common module=(tmos)# status=[Command OK] cmd_data=show sys mcp-state field-fmt
Mar  6 06:51:02 f52 notice tmsh[6020]: 01420002:5: AUDIT - pid=6020 user=root folder=/Common module=(tmos)# status=[Command OK] cmd_data=list sys db
Mar  6 06:59:37 qfile01 qlogd[24599]: conn log: Users: admin, Source IP: 203.75.8.193, Computer name: localhost, Connection type: FTP, Accessed resources: ---, Action: Login OK
Mar  6 06:59:38 qfile01 qlogd[24599]: conn log: Users: admin, Source IP: 203.75.8.193, Computer name: localhost, Connection type: FTP, Accessed resources: 信託部/禮卷請款明細/2017-03-05/, Action: MakeDir
Mar  6 06:59:39 qfile01 qlogd[24599]: conn log: Users: admin, Source IP: 203.75.8.193, Computer name: localhost, Connection type: FTP, Accessed resources: /信託部/禮卷請款明細/2017-03-05/[103050010004] 20170305100123.csv, Action: Write
Mar  6 07:00:01 qfile01 qlogd[24599]: event log: Users: System, Source IP: 127.0.0.1, Computer name: localhost, Content: [RTRR Job] (Sync) Job FTPServerToQnap1 started.
Mar  6 07:01:01 f52 notice tmsh[6529]: 01420002:5: AUDIT - pid=6529 user=root folder=/Common module=(tmos)# status=[Command OK] cmd_data=show sys mcp-state field-fmt
Mar  6 07:01:01 f52 notice tmsh[6533]: 01420002:5: AUDIT - pid=6533 user=root folder=/Common module=(tmos)# status=[Command OK] cmd_data=list sys db
Mar  6 07:01:02 f51 notice tmsh[3555]: 01420002:5: AUDIT - pid=3555 user=root folder=/Common module=(tmos)# status=[Command OK] cmd_data=show sys mcp-state field-fmt
Mar  6 07:01:02 f51 notice tmsh[3560]: 01420002:5: AUDIT - pid=3560 user=root folder=/Common module=(tmos)# status=[Command OK] cmd_data=list sys db
Mar  6 07:02:36 qfile01 qlogd[24599]: event log: Users: System, Source IP: 127.0.0.1, Computer name: localhost, Content: [RTRR Job] (Sync) Job FTPServerToQnap1 finished.
Mar  6 07:11:01 f52 notice tmsh[7273]: 01420002:5: AUDIT - pid=7273 user=root folder=/Common module=(tmos)# status=[Command OK] cmd_data=show sys mcp-state field-fmt
Mar  6 07:11:01 f52 notice tmsh[7288]: 01420002:5: AUDIT - pid=7288 user=root folder=/Common module=(tmos)# status=[Command OK] cmd_data=list sys db
Mar  6 07:11:01 f51 notice tmsh[4258]: 01420002:5: AUDIT - pid=4258 user=root folder=/Common module=(tmos)# status=[Command OK] cmd_data=show sys mcp-state field-fmt
Mar  6 07:11:01 f51 notice tmsh[4262]: 01420002:5: AUDIT - pid=4262 user=root folder=/Common module=(tmos)# status=[Command OK] cmd_data=list sys db
Mar  6 07:20:01 qfile01 qlogd[24599]: event log: Users: System, Source IP: 127.0.0.1, Computer name: localhost, Content: [RTRR Job] (Sync) Job qnap1TOqnap2-4 started.
Mar  6 07:21:15 qfile02 qlogd[29929]: event log: Users: #012, Source IP: 127.0.0.1, Computer name: localhost, Content: (Job from client: 192.168.20.245)[RTRR Job] (Sync) Job qnap1TOqnap2-4 started.#012 
Mar  6 07:20:03 qfile01 qlogd[24599]: event log: Users: System, Source IP: 127.0.0.1, Computer name: localhost, Content: [RTRR Job] (Sync) Job qnap1TOqnap2-1 started.
Mar  6 07:21:17 qfile02 qlogd[29929]: event log: Users: #012, Source IP: 127.0.0.1, Computer name: localhost, Content: (Job from client: 192.168.20.245)[RTRR Job] (Sync) Job qnap1TOqnap2-1 started.#012 
Mar  6 07:20:14 qfile01 qlogd[24599]: event log: Users: System, Source IP: 127.0.0.1, Computer name: localhost, Content:  [Snapshot volume:DataVol1] Created snapshot (Replication-Job9) successfully.
Mar  6 07:20:15 qfile01 qlogd[24599]: event log: Users: System, Source IP: 127.0.0.1, Computer name: localhost, Content: [RTRR Job] (Sync) Job qnap1TOqnap2-4 finished.
Mar  6 07:21:29 qfile02 qlogd[29929]: event log: Users: #012, Source IP: 127.0.0.1, Computer name: localhost, Content: (Job from client: 192.168.20.245)[RTRR Job] (Sync) Job qnap1TOqnap2-4 finished.#012 
Mar  6 07:20:23 qfile01 qlogd[24599]: event log: Users: System, Source IP: 127.0.0.1, Computer name: localhost, Content:  [Snapshot volume:DataVol1] Created snapshot (Replication-Job12) successfully.
Mar  6 07:20:24 qfile01 qlogd[24599]: event log: Users: System, Source IP: 127.0.0.1, Computer name: localhost, Content: [RTRR Job] (Sync) Job qnap1TOqnap2-1 finished.
Mar  6 07:21:38 qfile02 qlogd[29929]: event log: Users: #012, Source IP: 127.0.0.1, Computer name: localhost, Content: (Job from client: 192.168.20.245)[RTRR Job] (Sync) Job qnap1TOqnap2-1 finished.#012 
Mar  6 07:21:01 f51 notice tmsh[4742]: 01420002:5: AUDIT - pid=4742 user=root folder=/Common module=(tmos)# status=[Command OK] cmd_data=show sys mcp-state field-fmt
Mar  6 07:21:01 f51 notice tmsh[4746]: 01420002:5: AUDIT - pid=4746 user=root folder=/Common module=(tmos)# status=[Command OK] cmd_data=list sys db
Mar  6 07:21:02 f52 notice tmsh[7786]: 01420002:5: AUDIT - pid=7786 user=root folder=/Common module=(tmos)# status=[Command OK] cmd_data=show sys mcp-state field-fmt
Mar  6 07:21:02 f52 notice tmsh[7790]: 01420002:5: AUDIT - pid=7790 user=root folder=/Common module=(tmos)# status=[Command OK] cmd_data=list sys db
Mar  6 07:30:01 qfile02 qlogd[29929]: event log: Users: System, Source IP: 127.0.0.1, Computer name: localhost, Content: [RTRR Job] (Sync) Job qnap1->qnap2ForALLBank started.
Mar  6 07:28:48 qfile01 qlogd[24599]: event log: Users: #012, Source IP: 127.0.0.1, Computer name: localhost, Content: (Job from client: 10.51.188.19)[RTRR Job] (Sync) Job qnap1->qnap2ForALLBank started.#012 
Mar  6 07:30:14 qfile02 qlogd[29929]: event log: Users: System, Source IP: 127.0.0.1, Computer name: localhost, Content: [RTRR Job] (Sync) Job qnap1->qnap2ForALLBank finished.
Mar  6 07:29:01 qfile01 qlogd[24599]: event log: Users: #012, Source IP: 127.0.0.1, Computer name: localhost, Content: (Job from client: 10.51.188.19)[RTRR Job] (Sync) Job qnap1->qnap2ForALLBank finished.#012 
Mar  6 07:29:42 f51 notice tmm2[12763]: 01490506:5: /Common/TestInternalAP2:Common:cf8bc3ca: Received User-Agent header: Mozilla%2f5.0%20(compatible%3b%20MSIE%209.0%3b%20Windows%20NT%206.1%3b%20WOW64%3b%20Trident%2f5.0%3b%20MAAU)%20EdgeClient%2f7130.2016.0330.0220.
Mar  6 07:29:42 f51 notice tmm2[12763]: 01490500:5: /Common/TestInternalAP2:Common:cf8bc3ca: New session from client IP 10.7.5.74 (ST=/CC=/C=) at VIP 10.80.1.4 Listener /Common/InternalToCoreVip (Reputation=Unknown)
Mar  6 07:29:42 f51 notice apmd[7533]: 01490261:5: /Common/TestInternalAP2:Common:cf8bc3ca: Updating client info - Hostname: PC883-074-W7P Type: Standalone Version: 2.0 Platform: Win7 CPU: WOW64 UI Mode: Standalone Javascript Support: 1 ActiveX Support: 1 Plugin Support: 0
Mar  6 07:29:42 f51 info logger: [acc] 127.1.1.4 - - [06/Mar/2017:07:29:42 +0800] "GET /renderer/apd_inspection_host_enter_page.eui?cgc=18&epsec=1.0.0-427.0&uilang=zh-tw&uimode=7&ctype=Standalone&cversion=2.0&cjs=1&cactivex=1&cplugin=0&cplatform=Win7&cpu=WOW64&logout=/Common/TestInternalAP2_logout&general_ui=/Common/TestInternalAP2_general_ui&eps=/Common/TestInternalAP2_eps&installation=/Common/TestInternalAP2_frameworkinstallation&errormap=/Common/TestInternalAP2_errormap&defaultlang=zh-tw HTTP/1.0" 200 26918 "-" "-"
Mar  6 07:29:42 f51 info logger: [acc] 127.1.1.2 - - [06/Mar/2017:07:29:42 +0800] "GET /renderer/apm_css.php3?cgc=18&uilang=zh-tw&uimode=7&ctype=Standalone&cversion=2.0&cjs=1&cactivex=1&cplugin=0&cplatform=Win7&cpu=WOW64&logout=/Common/TestInternalAP2_logout&general_ui=/Common/TestInternalAP2_general_ui&eps=/Common/TestInternalAP2_eps&installation=/Common/TestInternalAP2_frameworkinstallation&errormap=/Common/TestInternalAP2_errormap&defaultlang=zh-tw HTTP/1.0" 200 23585 "-" "Mozilla/5.0 (compatible; MSIE 9.0; Windows NT 6.1; WOW64; Trident/5.0; MAAU) EdgeClient/7130.2016.0330.0220"
Mar  6 07:29:42 f51 info logger: [acc] 127.1.1.3 - - [06/Mar/2017:07:29:42 +0800] "GET /public/include/js/common.js?cgc=18 HTTP/1.0" 304 - "-" "Mozilla/5.0 (compatible; MSIE 9.0; Windows NT 6.1; WOW64; Trident/5.0; MAAU) EdgeClient/7130.2016.0330.0220"
Mar  6 07:29:42 f51 info logger: [acc] 127.1.1.4 - - [06/Mar/2017:07:29:42 +0800] "GET /public/include/js/u_debug.js?cgc=18 HTTP/1.0" 304 - "-" "Mozilla/5.0 (compatible; MSIE 9.0; Windows NT 6.1; WOW64; Trident/5.0; MAAU) EdgeClient/7130.2016.0330.0220"
Mar  6 07:29:42 f51 info logger: [acc] 127.1.1.1 - - [06/Mar/2017:07:29:42 +0800] "GET /public/include/js/u_createcontrol.js?cgc=18 HTTP/1.0" 304 - "-" "Mozilla/5.0 (compatible; MSIE 9.0; Windows NT 6.1; WOW64; Trident/5.0; MAAU) EdgeClient/7130.2016.0330.0220"
Mar  6 07:29:42 f51 info logger: [acc] 127.1.1.3 - - [06/Mar/2017:07:29:42 +0800] "GET /public/include/js/u_Control.js?cgc=18 HTTP/1.0" 304 - "-" "Mozilla/5.0 (compatible; MSIE 9.0; Windows NT 6.1; WOW64; Trident/5.0; MAAU) EdgeClient/7130.2016.0330.0220"
Mar  6 07:29:42 f51 info logger: [acc] 127.1.1.4 - - [06/Mar/2017:07:29:42 +0800] "GET /public/include/js/u_InstallerControl.2.js?cgc=18 HTTP/1.0" 304 - "-" "Mozilla/5.0 (compatible; MSIE 9.0; Windows NT 6.1; WOW64; Trident/5.0; MAAU) EdgeClient/7130.2016.0330.0220"
Mar  6 07:29:42 f51 info logger: [acc] 127.1.1.1 - - [06/Mar/2017:07:29:42 +0800] "GET /public/images/my/flogo_mobile.png?cgc=18 HTTP/1.0" 304 - "-" "Mozilla/5.0 (compatible; MSIE 9.0; Windows NT 6.1; WOW64; Trident/5.0; MAAU) EdgeClient/7130.2016.0330.0220"
Mar  6 07:29:42 f51 info logger: [acc] 127.1.1.2 - - [06/Mar/2017:07:29:42 +0800] "GET /public/images/my/tr.gif?cgc=18 HTTP/1.0" 304 - "-" "Mozilla/5.0 (compatible; MSIE 9.0; Windows NT 6.1; WOW64; Trident/5.0; MAAU) EdgeClient/7130.2016.0330.0220"
Mar  6 07:29:42 f51 info logger: [acc] 127.1.1.4 - - [06/Mar/2017:07:29:42 +0800] "GET /public/images/my/header-transient.png?cgc=18 HTTP/1.0" 304 - "-" "Mozilla/5.0 (compatible; MSIE 9.0; Windows NT 6.1; WOW64; Trident/5.0; MAAU) EdgeClient/7130.2016.0330.0220"
Mar  6 07:29:43 f51 info logger: [acc] 127.1.1.1 - - [06/Mar/2017:07:29:43 +0800] "GET /renderer/agent_endpoint_windows_machine_info_form.eui?cgc=18&epsec=1.0.0-427.0&uilang=zh-tw&uimode=7&ctype=Standalone&cversion=2.0&cjs=1&cactivex=1&cplugin=0&cplatform=Win7&cpu=WOW64&logout=/Common/TestInternalAP2_logout&general_ui=/Common/TestInternalAP2_general_ui&eps=/Common/TestInternalAP2_eps&installation=/Common/TestInternalAP2_frameworkinstallation&errormap=/Common/TestInternalAP2_errormap&defaultlang=zh-tw HTTP/1.0" 200 10908 "-" "-"
Mar  6 07:29:45 f51 info logger: [acc] 127.1.1.2 - - [06/Mar/2017:07:29:45 +0800] "GET /renderer/apd_inspection_host_exit_page.eui?cgc=18&epsec=1.0.0-427.0&uilang=zh-tw&uimode=7&ctype=Standalone&cversion=2.0&cjs=1&cactivex=1&cplugin=0&cplatform=Win7&cpu=WOW64&logout=/Common/TestInternalAP2_logout&general_ui=/Common/TestInternalAP2_general_ui&eps=/Common/TestInternalAP2_eps&installation=/Common/TestInternalAP2_frameworkinstallation&errormap=/Common/TestInternalAP2_errormap&defaultlang=zh-tw HTTP/1.0" 200 1386 "-" "-"
Mar  6 07:29:45 f51 notice apmd[7533]: 01490143:5: /Common/TestInternalAP2:Common:cf8bc3ca: Logging Agent: CLIENTMAC: 10:BF:48:4F:A2:1A
Mar  6 07:29:45 f51 notice apmd[7533]: 01490113:5: /Common/TestInternalAP2:Common:cf8bc3ca: session.machine_info.last.bios.manufacturer is American Megatrends Inc.
Mar  6 07:29:45 f51 notice apmd[7533]: 01490113:5: /Common/TestInternalAP2:Common:cf8bc3ca: session.machine_info.last.bios.sn is C5PFAG000JTH
Mar  6 07:29:45 f51 notice apmd[7533]: 01490113:5: /Common/TestInternalAP2:Common:cf8bc3ca: session.machine_info.last.bios.version is _ASUS_ - 1072009
Mar  6 07:29:45 f51 notice apmd[7533]: 01490113:5: /Common/TestInternalAP2:Common:cf8bc3ca: session.machine_info.last.cpu.description is Intel64 Family 6 Model 42 Stepping 7
Mar  6 07:29:45 f51 notice apmd[7533]: 01490113:5: /Common/TestInternalAP2:Common:cf8bc3ca: session.machine_info.last.cpu.max_clock is 3001
Mar  6 07:29:45 f51 notice apmd[7533]: 01490113:5: /Common/TestInternalAP2:Common:cf8bc3ca: session.machine_info.last.cpu.name is Intel(R) Core(TM) i5-2320 CPU @ 3.00GHz
Mar  6 07:29:45 f51 notice apmd[7533]: 01490113:5: /Common/TestInternalAP2:Common:cf8bc3ca: session.machine_info.last.cpu.vendor is GenuineIntel
Mar  6 07:29:45 f51 notice apmd[7533]: 01490113:5: /Common/TestInternalAP2:Common:cf8bc3ca: session.machine_info.last.error is 0
Mar  6 07:29:45 f51 notice apmd[7533]: 01490113:5: /Common/TestInternalAP2:Common:cf8bc3ca: session.machine_info.last.hdd.count is 1
Mar  6 07:29:45 f51 notice apmd[7533]: 01490113:5: /Common/TestInternalAP2:Common:cf8bc3ca: session.machine_info.last.hdd.list.[0].model is ST3500413AS ATA Device
Mar  6 07:29:45 f51 notice apmd[7533]: 01490113:5: /Common/TestInternalAP2:Common:cf8bc3ca: session.machine_info.last.hdd.list.[0].sn is Z2ASLNX3
Mar  6 07:29:45 f51 notice apmd[7533]: 01490113:5: /Common/TestInternalAP2:Common:cf8bc3ca: session.machine_info.last.motherboard.manufacturer is ASUSTeK COMPUTER INC.
Mar  6 07:29:45 f51 notice apmd[7533]: 01490113:5: /Common/TestInternalAP2:Common:cf8bc3ca: session.machine_info.last.motherboard.product is BM6630_BM6330_BP6230
