Mar  5 07:30:49 qfile01 qlogd[24599]: event log: Users: System, Source IP: 127.0.0.1, Computer name: localhost, Content: [RTRR Job] (Sync) Job qnap1TOqnap2-5 finished.
Mar  5 07:32:02 qfile02 qlogd[29929]: event log: Users: #012, Source IP: 127.0.0.1, Computer name: localhost, Content: (Job from client: 192.168.20.245)[RTRR Job] (Sync) Job qnap1TOqnap2-5 finished.#012 
Mar  5 07:39:05 f51 notice tmm2[12763]: 01490567:5: /Common/TestInternalAP2::e6116135: Session deleted (expired).
Mar  5 07:39:05 f52 notice tmm2[12770]: 01490567:5: /Common/TestInternalAP2::e6116135: Session deleted (expired).
Mar  5 07:39:46 f51 notice tmm2[12763]: 01490521:5: /Common/TestInternalAP2::e6116135: Session statistics - bytes in: 2008163, bytes out: 11284277
Mar  5 07:40:01 qfile01 qlogd[24599]: event log: Users: System, Source IP: 127.0.0.1, Computer name: localhost, Content: [RTRR Job] (Sync) Job qnap1TOqnap2-6 started.
Mar  5 07:41:14 qfile02 qlogd[29929]: event log: Users: #012, Source IP: 127.0.0.1, Computer name: localhost, Content: (Job from client: 192.168.20.245)[RTRR Job] (Sync) Job qnap1TOqnap2-6 started.#012 
Mar  5 07:40:03 qfile01 qlogd[24599]: event log: Users: System, Source IP: 127.0.0.1, Computer name: localhost, Content: [RTRR Job] (Sync) Job qnap1TOqnap2-3 started.
Mar  5 07:41:16 qfile02 qlogd[29929]: event log: Users: #012, Source IP: 127.0.0.1, Computer name: localhost, Content: (Job from client: 192.168.20.245)[RTRR Job] (Sync) Job qnap1TOqnap2-3 started.#012 
Mar  5 07:40:15 qfile01 qlogd[24599]: event log: Users: System, Source IP: 127.0.0.1, Computer name: localhost, Content:  [Snapshot volume:DataVol1] Created snapshot (Replication-Job0) successfully.
Mar  5 07:40:25 qfile01 qlogd[24599]: event log: Users: System, Source IP: 127.0.0.1, Computer name: localhost, Content:  [Snapshot volume:DataVol1] Created snapshot (Replication-Job10) successfully.
Mar  5 07:40:26 qfile01 qlogd[24599]: event log: Users: System, Source IP: 127.0.0.1, Computer name: localhost, Content: [RTRR Job] (Sync) Job qnap1TOqnap2-3 finished.
Mar  5 07:41:39 qfile02 qlogd[29929]: event log: Users: #012, Source IP: 127.0.0.1, Computer name: localhost, Content: (Job from client: 192.168.20.245)[RTRR Job] (Sync) Job qnap1TOqnap2-3 finished.#012 
Mar  5 07:41:01 f52 notice tmsh[29283]: 01420002:5: AUDIT - pid=29283 user=root folder=/Common module=(tmos)# status=[Command OK] cmd_data=show sys mcp-state field-fmt
Mar  5 07:41:01 f51 notice tmsh[26998]: 01420002:5: AUDIT - pid=26998 user=root folder=/Common module=(tmos)# status=[Command OK] cmd_data=show sys mcp-state field-fmt
Mar  5 07:41:01 f52 notice tmsh[29287]: 01420002:5: AUDIT - pid=29287 user=root folder=/Common module=(tmos)# status=[Command OK] cmd_data=list sys db
Mar  5 07:41:01 f51 notice tmsh[27002]: 01420002:5: AUDIT - pid=27002 user=root folder=/Common module=(tmos)# status=[Command OK] cmd_data=list sys db
Mar  5 07:40:42 qfile01 qlogd[24599]: event log: Users: System, Source IP: 127.0.0.1, Computer name: localhost, Content: [RTRR Job] (Sync) Job qnap1TOqnap2-6 finished.
Mar  5 07:41:56 qfile02 qlogd[29929]: event log: Users: #012, Source IP: 127.0.0.1, Computer name: localhost, Content: (Job from client: 192.168.20.245)[RTRR Job] (Sync) Job qnap1TOqnap2-6 finished.#012 
Mar  5 07:42:21 f51 notice tmm2[12763]: 01490567:5: /Common/TestInternalAP2::66cd5ca2: Session deleted (expired).
Mar  5 07:42:21 f52 notice tmm2[12770]: 01490567:5: /Common/TestInternalAP2::66cd5ca2: Session deleted (expired).
Mar  5 07:43:02 f51 notice tmm2[12763]: 01490521:5: /Common/TestInternalAP2::66cd5ca2: Session statistics - bytes in: 1708557, bytes out: 6517590
Mar  5 07:51:01 f52 notice tmsh[29757]: 01420002:5: AUDIT - pid=29757 user=root folder=/Common module=(tmos)# status=[Command OK] cmd_data=show sys mcp-state field-fmt
Mar  5 07:51:01 f51 notice tmsh[27474]: 01420002:5: AUDIT - pid=27474 user=root folder=/Common module=(tmos)# status=[Command OK] cmd_data=show sys mcp-state field-fmt
Mar  5 07:51:02 f52 notice tmsh[29761]: 01420002:5: AUDIT - pid=29761 user=root folder=/Common module=(tmos)# status=[Command OK] cmd_data=list sys db
Mar  5 07:51:02 f51 notice tmsh[27478]: 01420002:5: AUDIT - pid=27478 user=root folder=/Common module=(tmos)# status=[Command OK] cmd_data=list sys db
Mar  5 07:53:09 f51 notice tmm[12763]: 01490567:5: /Common/TestInternalAP2::61c918fb: Session deleted (expired).
Mar  5 07:53:09 f52 notice tmm[12770]: 01490567:5: /Common/TestInternalAP2::61c918fb: Session deleted (expired).
Mar  5 07:53:50 f51 notice tmm[12763]: 01490521:5: /Common/TestInternalAP2::61c918fb: Session statistics - bytes in: 725230725, bytes out: 8593482938
Mar  5 07:55:57 f51 notice tmm2[12763]: 01490567:5: /Common/TestInternalAP2::ae11fa03: Session deleted (expired).
Mar  5 07:55:57 f52 notice tmm2[12770]: 01490567:5: /Common/TestInternalAP2::ae11fa03: Session deleted (expired).
Mar  5 07:56:38 f51 notice tmm2[12763]: 01490521:5: /Common/TestInternalAP2::ae11fa03: Session statistics - bytes in: 6900118, bytes out: 69437606
Mar  5 08:00:01 qfile01 qlogd[24599]: event log: Users: System, Source IP: 127.0.0.1, Computer name: localhost, Content: [RTRR Job] (Sync) Job FTPServerToQnap1 started.
Mar  5 08:01:01 f52 notice tmsh[30267]: 01420002:5: AUDIT - pid=30267 user=root folder=/Common module=(tmos)# status=[Command OK] cmd_data=show sys mcp-state field-fmt
Mar  5 08:01:01 f51 notice tmsh[27980]: 01420002:5: AUDIT - pid=27980 user=root folder=/Common module=(tmos)# status=[Command OK] cmd_data=show sys mcp-state field-fmt
Mar  5 08:01:01 f52 notice tmsh[30271]: 01420002:5: AUDIT - pid=30271 user=root folder=/Common module=(tmos)# status=[Command OK] cmd_data=list sys db
Mar  5 08:01:01 f51 notice tmsh[27984]: 01420002:5: AUDIT - pid=27984 user=root folder=/Common module=(tmos)# status=[Command OK] cmd_data=list sys db
Mar  5 08:02:36 qfile01 qlogd[24599]: event log: Users: System, Source IP: 127.0.0.1, Computer name: localhost, Content: [RTRR Job] (Sync) Job FTPServerToQnap1 finished.
Mar  5 08:11:01 f51 notice tmsh[28674]: 01420002:5: AUDIT - pid=28674 user=root folder=/Common module=(tmos)# status=[Command OK] cmd_data=show sys mcp-state field-fmt
Mar  5 08:11:01 f51 notice tmsh[28678]: 01420002:5: AUDIT - pid=28678 user=root folder=/Common module=(tmos)# status=[Command OK] cmd_data=list sys db
Mar  5 08:11:02 f52 notice tmsh[30968]: 01420002:5: AUDIT - pid=30968 user=root folder=/Common module=(tmos)# status=[Command OK] cmd_data=show sys mcp-state field-fmt
Mar  5 08:11:02 f52 notice tmsh[30972]: 01420002:5: AUDIT - pid=30972 user=root folder=/Common module=(tmos)# status=[Command OK] cmd_data=list sys db
Mar  5 08:20:01 qfile01 qlogd[24599]: event log: Users: System, Source IP: 127.0.0.1, Computer name: localhost, Content: [RTRR Job] (Sync) Job qnap1TOqnap2-4 started.
Mar  5 08:20:03 qfile01 qlogd[24599]: event log: Users: System, Source IP: 127.0.0.1, Computer name: localhost, Content: [RTRR Job] (Sync) Job qnap1TOqnap2-1 started.
Mar  5 08:21:24 qfile02 qlogd[29929]: event log: Users: #012, Source IP: 127.0.0.1, Computer name: localhost, Content: (Job from client: 192.168.20.245)[RTRR Job] (Sync) Job qnap1TOqnap2-4 started.#012 
Mar  5 08:21:25 qfile02 qlogd[29929]: event log: Users: #012, Source IP: 127.0.0.1, Computer name: localhost, Content: (Job from client: 192.168.20.245)[RTRR Job] (Sync) Job qnap1TOqnap2-1 started.#012 
Mar  5 08:20:23 qfile01 qlogd[24599]: event log: Users: System, Source IP: 127.0.0.1, Computer name: localhost, Content:  [Snapshot volume:DataVol1] Created snapshot (Replication-Job9) successfully.
Mar  5 08:20:24 qfile01 qlogd[24599]: event log: Users: System, Source IP: 127.0.0.1, Computer name: localhost, Content: [RTRR Job] (Sync) Job qnap1TOqnap2-4 finished.
Mar  5 08:21:38 qfile02 qlogd[29929]: event log: Users: #012, Source IP: 127.0.0.1, Computer name: localhost, Content: (Job from client: 192.168.20.245)[RTRR Job] (Sync) Job qnap1TOqnap2-4 finished.#012 
Mar  5 08:20:33 qfile01 qlogd[24599]: event log: Users: System, Source IP: 127.0.0.1, Computer name: localhost, Content:  [Snapshot volume:DataVol1] Created snapshot (Replication-Job12) successfully.
Mar  5 08:20:34 qfile01 qlogd[24599]: event log: Users: System, Source IP: 127.0.0.1, Computer name: localhost, Content: [RTRR Job] (Sync) Job qnap1TOqnap2-1 finished.
Mar  5 08:21:01 f52 notice tmsh[31448]: 01420002:5: AUDIT - pid=31448 user=root folder=/Common module=(tmos)# status=[Command OK] cmd_data=show sys mcp-state field-fmt
Mar  5 08:21:01 f51 notice tmsh[29144]: 01420002:5: AUDIT - pid=29144 user=root folder=/Common module=(tmos)# status=[Command OK] cmd_data=show sys mcp-state field-fmt
Mar  5 08:21:01 f52 notice tmsh[31452]: 01420002:5: AUDIT - pid=31452 user=root folder=/Common module=(tmos)# status=[Command OK] cmd_data=list sys db
Mar  5 08:21:02 f51 notice tmsh[29148]: 01420002:5: AUDIT - pid=29148 user=root folder=/Common module=(tmos)# status=[Command OK] cmd_data=list sys db
Mar  5 08:21:48 qfile02 qlogd[29929]: event log: Users: #012, Source IP: 127.0.0.1, Computer name: localhost, Content: (Job from client: 192.168.20.245)[RTRR Job] (Sync) Job qnap1TOqnap2-1 finished.#012 
Mar  5 08:30:01 qfile02 qlogd[29929]: event log: Users: System, Source IP: 127.0.0.1, Computer name: localhost, Content: [RTRR Job] (Sync) Job qnap1->qnap2ForALLBank started.
Mar  5 08:28:48 qfile01 qlogd[24599]: event log: Users: #012, Source IP: 127.0.0.1, Computer name: localhost, Content: (Job from client: 10.51.188.19)[RTRR Job] (Sync) Job qnap1->qnap2ForALLBank started.#012 
Mar  5 08:30:14 qfile02 qlogd[29929]: event log: Users: System, Source IP: 127.0.0.1, Computer name: localhost, Content: [RTRR Job] (Sync) Job qnap1->qnap2ForALLBank finished.
Mar  5 08:29:02 qfile01 qlogd[24599]: event log: Users: #012, Source IP: 127.0.0.1, Computer name: localhost, Content: (Job from client: 10.51.188.19)[RTRR Job] (Sync) Job qnap1->qnap2ForALLBank finished.#012 
Mar  5 08:30:00 qfile01 qlogd[24599]: event log: Users: System, Source IP: 127.0.0.1, Computer name: localhost, Content: [RTRR Job] (Sync) Job qnap1TOqnap2-5 started.
Mar  5 08:31:13 qfile02 qlogd[29929]: event log: Users: #012, Source IP: 127.0.0.1, Computer name: localhost, Content: (Job from client: 192.168.20.245)[RTRR Job] (Sync) Job qnap1TOqnap2-5 started.#012 
Mar  5 08:30:01 qfile01 qlogd[24599]: event log: Users: System, Source IP: 127.0.0.1, Computer name: localhost, Content: [RTRR Job] (Sync) Job qnap1TOqnap2-2 started.
Mar  5 08:31:14 qfile02 qlogd[29929]: event log: Users: #012, Source IP: 127.0.0.1, Computer name: localhost, Content: (Job from client: 192.168.20.245)[RTRR Job] (Sync) Job qnap1TOqnap2-2 started.#012 
Mar  5 08:30:09 qfile01 qlogd[24599]: event log: Users: System, Source IP: 127.0.0.1, Computer name: localhost, Content:  [Snapshot volume:DataVol1] Created snapshot (Replication-Job11) successfully.
Mar  5 08:30:12 qfile01 qlogd[24599]: event log: Users: System, Source IP: 127.0.0.1, Computer name: localhost, Content: [RTRR Job] (Sync) Job qnap1TOqnap2-2 finished.
Mar  5 08:31:25 qfile02 qlogd[29929]: event log: Users: #012, Source IP: 127.0.0.1, Computer name: localhost, Content: (Job from client: 192.168.20.245)[RTRR Job] (Sync) Job qnap1TOqnap2-2 finished.#012 
Mar  5 08:30:13 qfile01 qlogd[24599]: event log: Users: System, Source IP: 127.0.0.1, Computer name: localhost, Content:  [Snapshot volume:DataVol1] Created snapshot (Replication-Job3) successfully.
Mar  5 08:31:01 f52 notice tmsh[31922]: 01420002:5: AUDIT - pid=31922 user=root folder=/Common module=(tmos)# status=[Command OK] cmd_data=show sys mcp-state field-fmt
Mar  5 08:31:01 f52 notice tmsh[31926]: 01420002:5: AUDIT - pid=31926 user=root folder=/Common module=(tmos)# status=[Command OK] cmd_data=list sys db
Mar  5 08:31:01 f51 notice tmsh[29614]: 01420002:5: AUDIT - pid=29614 user=root folder=/Common module=(tmos)# status=[Command OK] cmd_data=show sys mcp-state field-fmt
Mar  5 08:31:01 f51 notice tmsh[29618]: 01420002:5: AUDIT - pid=29618 user=root folder=/Common module=(tmos)# status=[Command OK] cmd_data=list sys db
Mar  5 08:30:43 qfile01 qlogd[24599]: event log: Users: System, Source IP: 127.0.0.1, Computer name: localhost, Content: [RTRR Job] (Sync) Job qnap1TOqnap2-5 finished.
Mar  5 08:31:56 qfile02 qlogd[29929]: event log: Users: #012, Source IP: 127.0.0.1, Computer name: localhost, Content: (Job from client: 192.168.20.245)[RTRR Job] (Sync) Job qnap1TOqnap2-5 finished.#012 
Mar  5 08:40:01 qfile01 qlogd[24599]: event log: Users: System, Source IP: 127.0.0.1, Computer name: localhost, Content: [RTRR Job] (Sync) Job qnap1TOqnap2-6 started.
Mar  5 08:41:15 qfile02 qlogd[29929]: event log: Users: #012, Source IP: 127.0.0.1, Computer name: localhost, Content: (Job from client: 192.168.20.245)[RTRR Job] (Sync) Job qnap1TOqnap2-6 started.#012 
Mar  5 08:40:03 qfile01 qlogd[24599]: event log: Users: System, Source IP: 127.0.0.1, Computer name: localhost, Content: [RTRR Job] (Sync) Job qnap1TOqnap2-3 started.
Mar  5 08:41:16 qfile02 qlogd[29929]: event log: Users: #012, Source IP: 127.0.0.1, Computer name: localhost, Content: (Job from client: 192.168.20.245)[RTRR Job] (Sync) Job qnap1TOqnap2-3 started.#012 
Mar  5 08:40:14 qfile01 qlogd[24599]: event log: Users: System, Source IP: 127.0.0.1, Computer name: localhost, Content:  [Snapshot volume:DataVol1] Created snapshot (Replication-Job0) successfully.
Mar  5 08:40:24 qfile01 qlogd[24599]: event log: Users: System, Source IP: 127.0.0.1, Computer name: localhost, Content:  [Snapshot volume:DataVol1] Created snapshot (Replication-Job10) successfully.
Mar  5 08:40:25 qfile01 qlogd[24599]: event log: Users: System, Source IP: 127.0.0.1, Computer name: localhost, Content: [RTRR Job] (Sync) Job qnap1TOqnap2-3 finished.
Mar  5 08:41:39 qfile02 qlogd[29929]: event log: Users: #012, Source IP: 127.0.0.1, Computer name: localhost, Content: (Job from client: 192.168.20.245)[RTRR Job] (Sync) Job qnap1TOqnap2-3 finished.#012 
Mar  5 08:41:01 f52 notice tmsh[32396]: 01420002:5: AUDIT - pid=32396 user=root folder=/Common module=(tmos)# status=[Command OK] cmd_data=show sys mcp-state field-fmt
Mar  5 08:41:02 f52 notice tmsh[32400]: 01420002:5: AUDIT - pid=32400 user=root folder=/Common module=(tmos)# status=[Command OK] cmd_data=list sys db
Mar  5 08:41:02 f51 notice tmsh[30084]: 01420002:5: AUDIT - pid=30084 user=root folder=/Common module=(tmos)# status=[Command OK] cmd_data=show sys mcp-state field-fmt
Mar  5 08:41:02 f51 notice tmsh[30088]: 01420002:5: AUDIT - pid=30088 user=root folder=/Common module=(tmos)# status=[Command OK] cmd_data=list sys db
Mar  5 08:40:38 qfile01 qlogd[24599]: event log: Users: System, Source IP: 127.0.0.1, Computer name: localhost, Content: [RTRR Job] (Sync) Job qnap1TOqnap2-6 finished.
Mar  5 08:41:52 qfile02 qlogd[29929]: event log: Users: #012, Source IP: 127.0.0.1, Computer name: localhost, Content: (Job from client: 192.168.20.245)[RTRR Job] (Sync) Job qnap1TOqnap2-6 finished.#012 
Mar  5 08:51:01 f52 notice tmsh[422]: 01420002:5: AUDIT - pid=422 user=root folder=/Common module=(tmos)# status=[Command OK] cmd_data=show sys mcp-state field-fmt
Mar  5 08:51:01 f52 notice tmsh[426]: 01420002:5: AUDIT - pid=426 user=root folder=/Common module=(tmos)# status=[Command OK] cmd_data=list sys db
Mar  5 08:51:01 f51 notice tmsh[30560]: 01420002:5: AUDIT - pid=30560 user=root folder=/Common module=(tmos)# status=[Command OK] cmd_data=show sys mcp-state field-fmt
Mar  5 08:51:01 f51 notice tmsh[30564]: 01420002:5: AUDIT - pid=30564 user=root folder=/Common module=(tmos)# status=[Command OK] cmd_data=list sys db
Mar  5 09:00:01 qfile01 qlogd[24599]: event log: Users: System, Source IP: 127.0.0.1, Computer name: localhost, Content: [RTRR Job] (Sync) Job FTPServerToQnap1 started.
Mar  5 09:01:01 f51 notice tmsh[31053]: 01420002:5: AUDIT - pid=31053 user=root folder=/Common module=(tmos)# status=[Command OK] cmd_data=show sys mcp-state field-fmt
Mar  5 09:01:01 f51 notice tmsh[31064]: 01420002:5: AUDIT - pid=31064 user=root folder=/Common module=(tmos)# status=[Command OK] cmd_data=list sys db
Mar  5 09:01:02 f52 notice tmsh[985]: 01420002:5: AUDIT - pid=985 user=root folder=/Common module=(tmos)# status=[Command OK] cmd_data=show sys mcp-state field-fmt
Mar  5 09:01:02 f52 notice tmsh[992]: 01420002:5: AUDIT - pid=992 user=root folder=/Common module=(tmos)# status=[Command OK] cmd_data=list sys db
Mar  5 09:02:36 qfile01 qlogd[24599]: event log: Users: System, Source IP: 127.0.0.1, Computer name: localhost, Content: [RTRR Job] (Sync) Job FTPServerToQnap1 finished.
Mar  5 09:11:02 f51 notice tmsh[31748]: 01420002:5: AUDIT - pid=31748 user=root folder=/Common module=(tmos)# status=[Command OK] cmd_data=show sys mcp-state field-fmt
Mar  5 09:11:02 f52 notice tmsh[1687]: 01420002:5: AUDIT - pid=1687 user=root folder=/Common module=(tmos)# status=[Command OK] cmd_data=show sys mcp-state field-fmt
Mar  5 09:11:02 f51 notice tmsh[31752]: 01420002:5: AUDIT - pid=31752 user=root folder=/Common module=(tmos)# status=[Command OK] cmd_data=list sys db
Mar  5 09:11:02 f52 notice tmsh[1691]: 01420002:5: AUDIT - pid=1691 user=root folder=/Common module=(tmos)# status=[Command OK] cmd_data=list sys db
Mar  5 09:20:01 qfile01 qlogd[24599]: event log: Users: System, Source IP: 127.0.0.1, Computer name: localhost, Content: [RTRR Job] (Sync) Job qnap1TOqnap2-4 started.
Mar  5 09:20:03 qfile01 qlogd[24599]: event log: Users: System, Source IP: 127.0.0.1, Computer name: localhost, Content: [RTRR Job] (Sync) Job qnap1TOqnap2-1 started.
Mar  5 09:21:25 qfile02 qlogd[29929]: event log: Users: #012, Source IP: 127.0.0.1, Computer name: localhost, Content: (Job from client: 192.168.20.245)[RTRR Job] (Sync) Job qnap1TOqnap2-4 started.#012 
Mar  5 09:21:26 qfile02 qlogd[29929]: event log: Users: #012, Source IP: 127.0.0.1, Computer name: localhost, Content: (Job from client: 192.168.20.245)[RTRR Job] (Sync) Job qnap1TOqnap2-1 started.#012 
Mar  5 09:20:23 qfile01 qlogd[24599]: event log: Users: System, Source IP: 127.0.0.1, Computer name: localhost, Content:  [Snapshot volume:DataVol1] Created snapshot (Replication-Job9) successfully.
Mar  5 09:20:23 qfile01 qlogd[24599]: event log: Users: System, Source IP: 127.0.0.1, Computer name: localhost, Content: [RTRR Job] (Sync) Job qnap1TOqnap2-4 finished.
Mar  5 09:21:36 qfile02 qlogd[29929]: event log: Users: #012, Source IP: 127.0.0.1, Computer name: localhost, Content: (Job from client: 192.168.20.245)[RTRR Job] (Sync) Job qnap1TOqnap2-4 finished.#012 
Mar  5 09:20:27 qfile01 qlogd[24599]: event log: Users: System, Source IP: 127.0.0.1, Computer name: localhost, Content:  [Snapshot volume:DataVol1] Created snapshot (Replication-Job12) successfully.
Mar  5 09:20:29 qfile01 qlogd[24599]: event log: Users: System, Source IP: 127.0.0.1, Computer name: localhost, Content: [RTRR Job] (Sync) Job qnap1TOqnap2-1 finished.
Mar  5 09:21:43 qfile02 qlogd[29929]: event log: Users: #012, Source IP: 127.0.0.1, Computer name: localhost, Content: (Job from client: 192.168.20.245)[RTRR Job] (Sync) Job qnap1TOqnap2-1 finished.#012 
Mar  5 09:21:01 f51 notice tmsh[32219]: 01420002:5: AUDIT - pid=32219 user=root folder=/Common module=(tmos)# status=[Command OK] cmd_data=show sys mcp-state field-fmt
Mar  5 09:21:01 f52 notice tmsh[2194]: 01420002:5: AUDIT - pid=2194 user=root folder=/Common module=(tmos)# status=[Command OK] cmd_data=show sys mcp-state field-fmt
Mar  5 09:21:01 f51 notice tmsh[32223]: 01420002:5: AUDIT - pid=32223 user=root folder=/Common module=(tmos)# status=[Command OK] cmd_data=list sys db
Mar  5 09:21:01 f52 notice tmsh[2198]: 01420002:5: AUDIT - pid=2198 user=root folder=/Common module=(tmos)# status=[Command OK] cmd_data=list sys db
Mar  5 09:30:01 qfile02 qlogd[29929]: event log: Users: System, Source IP: 127.0.0.1, Computer name: localhost, Content: [RTRR Job] (Sync) Job qnap1->qnap2ForALLBank started.
Mar  5 09:28:48 qfile01 qlogd[24599]: event log: Users: #012, Source IP: 127.0.0.1, Computer name: localhost, Content: (Job from client: 10.51.188.19)[RTRR Job] (Sync) Job qnap1->qnap2ForALLBank started.#012 
Mar  5 09:30:14 qfile02 qlogd[29929]: event log: Users: System, Source IP: 127.0.0.1, Computer name: localhost, Content: [RTRR Job] (Sync) Job qnap1->qnap2ForALLBank finished.
Mar  5 09:29:01 qfile01 qlogd[24599]: event log: Users: #012, Source IP: 127.0.0.1, Computer name: localhost, Content: (Job from client: 10.51.188.19)[RTRR Job] (Sync) Job qnap1->qnap2ForALLBank finished.#012 
Mar  5 09:30:00 qfile01 qlogd[24599]: event log: Users: System, Source IP: 127.0.0.1, Computer name: localhost, Content: [RTRR Job] (Sync) Job qnap1TOqnap2-5 started.
Mar  5 09:31:13 qfile02 qlogd[29929]: event log: Users: #012, Source IP: 127.0.0.1, Computer name: localhost, Content: (Job from client: 192.168.20.245)[RTRR Job] (Sync) Job qnap1TOqnap2-5 started.#012 
Mar  5 09:30:01 qfile01 qlogd[24599]: event log: Users: System, Source IP: 127.0.0.1, Computer name: localhost, Content: [RTRR Job] (Sync) Job qnap1TOqnap2-2 started.
Mar  5 09:31:15 qfile02 qlogd[29929]: event log: Users: #012, Source IP: 127.0.0.1, Computer name: localhost, Content: (Job from client: 192.168.20.245)[RTRR Job] (Sync) Job qnap1TOqnap2-2 started.#012 
Mar  5 09:30:09 qfile01 qlogd[24599]: event log: Users: System, Source IP: 127.0.0.1, Computer name: localhost, Content:  [Snapshot volume:DataVol1] Created snapshot (Replication-Job3) successfully.
Mar  5 09:30:13 qfile01 qlogd[24599]: event log: Users: System, Source IP: 127.0.0.1, Computer name: localhost, Content:  [Snapshot volume:DataVol1] Created snapshot (Replication-Job11) successfully.
Mar  5 09:30:14 qfile01 qlogd[24599]: event log: Users: System, Source IP: 127.0.0.1, Computer name: localhost, Content: [RTRR Job] (Sync) Job qnap1TOqnap2-2 finished.
Mar  5 09:31:28 qfile02 qlogd[29929]: event log: Users: #012, Source IP: 127.0.0.1, Computer name: localhost, Content: (Job from client: 192.168.20.245)[RTRR Job] (Sync) Job qnap1TOqnap2-2 finished.#012 
Mar  5 09:31:01 f51 notice tmsh[32689]: 01420002:5: AUDIT - pid=32689 user=root folder=/Common module=(tmos)# status=[Command OK] cmd_data=show sys mcp-state field-fmt
Mar  5 09:31:01 f52 notice tmsh[2669]: 01420002:5: AUDIT - pid=2669 user=root folder=/Common module=(tmos)# status=[Command OK] cmd_data=show sys mcp-state field-fmt
Mar  5 09:31:01 f51 notice tmsh[32693]: 01420002:5: AUDIT - pid=32693 user=root folder=/Common module=(tmos)# status=[Command OK] cmd_data=list sys db
Mar  5 09:31:01 f52 notice tmsh[2673]: 01420002:5: AUDIT - pid=2673 user=root folder=/Common module=(tmos)# status=[Command OK] cmd_data=list sys db
Mar  5 09:30:41 qfile01 qlogd[24599]: event log: Users: System, Source IP: 127.0.0.1, Computer name: localhost, Content: [RTRR Job] (Sync) Job qnap1TOqnap2-5 finished.
Mar  5 09:31:54 qfile02 qlogd[29929]: event log: Users: #012, Source IP: 127.0.0.1, Computer name: localhost, Content: (Job from client: 192.168.20.245)[RTRR Job] (Sync) Job qnap1TOqnap2-5 finished.#012 
Mar  5 09:40:00 qfile01 qlogd[24599]: event log: Users: System, Source IP: 127.0.0.1, Computer name: localhost, Content: [RTRR Job] (Sync) Job qnap1TOqnap2-6 started.
Mar  5 09:41:14 qfile02 qlogd[29929]: event log: Users: #012, Source IP: 127.0.0.1, Computer name: localhost, Content: (Job from client: 192.168.20.245)[RTRR Job] (Sync) Job qnap1TOqnap2-6 started.#012 
Mar  5 09:40:01 qfile01 qlogd[24599]: event log: Users: System, Source IP: 127.0.0.1, Computer name: localhost, Content: [RTRR Job] (Sync) Job qnap1TOqnap2-3 started.
Mar  5 09:41:15 qfile02 qlogd[29929]: event log: Users: #012, Source IP: 127.0.0.1, Computer name: localhost, Content: (Job from client: 192.168.20.245)[RTRR Job] (Sync) Job qnap1TOqnap2-3 started.#012 
Mar  5 09:40:09 qfile01 qlogd[24599]: event log: Users: System, Source IP: 127.0.0.1, Computer name: localhost, Content:  [Snapshot volume:DataVol1] Created snapshot (Replication-Job0) successfully.
Mar  5 09:40:13 qfile01 qlogd[24599]: event log: Users: System, Source IP: 127.0.0.1, Computer name: localhost, Content:  [Snapshot volume:DataVol1] Created snapshot (Replication-Job10) successfully.
Mar  5 09:40:13 qfile01 qlogd[24599]: event log: Users: System, Source IP: 127.0.0.1, Computer name: localhost, Content: [RTRR Job] (Sync) Job qnap1TOqnap2-3 finished.
Mar  5 09:41:26 qfile02 qlogd[29929]: event log: Users: #012, Source IP: 127.0.0.1, Computer name: localhost, Content: (Job from client: 192.168.20.245)[RTRR Job] (Sync) Job qnap1TOqnap2-3 finished.#012 
Mar  5 09:40:30 qfile01 qlogd[24599]: event log: Users: System, Source IP: 127.0.0.1, Computer name: localhost, Content: [RTRR Job] (Sync) Job qnap1TOqnap2-6 finished.
Mar  5 09:41:43 qfile02 qlogd[29929]: event log: Users: #012, Source IP: 127.0.0.1, Computer name: localhost, Content: (Job from client: 192.168.20.245)[RTRR Job] (Sync) Job qnap1TOqnap2-6 finished.#012 
Mar  5 09:41:01 f51 notice tmsh[741]: 01420002:5: AUDIT - pid=741 user=root folder=/Common module=(tmos)# status=[Command OK] cmd_data=show sys mcp-state field-fmt
Mar  5 09:41:01 f52 notice tmsh[3143]: 01420002:5: AUDIT - pid=3143 user=root folder=/Common module=(tmos)# status=[Command OK] cmd_data=show sys mcp-state field-fmt
Mar  5 09:41:02 f51 notice tmsh[754]: 01420002:5: AUDIT - pid=754 user=root folder=/Common module=(tmos)# status=[Command OK] cmd_data=list sys db
Mar  5 09:41:02 f52 notice tmsh[3147]: 01420002:5: AUDIT - pid=3147 user=root folder=/Common module=(tmos)# status=[Command OK] cmd_data=list sys db
Mar  5 09:51:01 f51 notice tmsh[1251]: 01420002:5: AUDIT - pid=1251 user=root folder=/Common module=(tmos)# status=[Command OK] cmd_data=show sys mcp-state field-fmt
Mar  5 09:51:01 f52 notice tmsh[3618]: 01420002:5: AUDIT - pid=3618 user=root folder=/Common module=(tmos)# status=[Command OK] cmd_data=show sys mcp-state field-fmt
Mar  5 09:51:01 f51 notice tmsh[1257]: 01420002:5: AUDIT - pid=1257 user=root folder=/Common module=(tmos)# status=[Command OK] cmd_data=list sys db
Mar  5 09:51:01 f52 notice tmsh[3622]: 01420002:5: AUDIT - pid=3622 user=root folder=/Common module=(tmos)# status=[Command OK] cmd_data=list sys db
Mar  5 10:00:01 qfile01 qlogd[24599]: event log: Users: System, Source IP: 127.0.0.1, Computer name: localhost, Content: [RTRR Job] (Sync) Job FTPServerToQnap1 started.
Mar  5 10:01:02 f51 notice tmsh[1753]: 01420002:5: AUDIT - pid=1753 user=root folder=/Common module=(tmos)# status=[Command OK] cmd_data=show sys mcp-state field-fmt
Mar  5 10:01:02 f52 notice tmsh[4123]: 01420002:5: AUDIT - pid=4123 user=root folder=/Common module=(tmos)# status=[Command OK] cmd_data=show sys mcp-state field-fmt
Mar  5 10:01:02 f51 notice tmsh[1758]: 01420002:5: AUDIT - pid=1758 user=root folder=/Common module=(tmos)# status=[Command OK] cmd_data=list sys db
Mar  5 10:01:02 f52 notice tmsh[4127]: 01420002:5: AUDIT - pid=4127 user=root folder=/Common module=(tmos)# status=[Command OK] cmd_data=list sys db
Mar  5 10:02:01 f52 notice auditd[4183]: Audit daemon rotating log files
Mar  5 10:02:36 qfile01 qlogd[24599]: event log: Users: System, Source IP: 127.0.0.1, Computer name: localhost, Content: [RTRR Job] (Sync) Job FTPServerToQnap1 finished.
Mar  5 10:11:01 f51 notice tmsh[2467]: 01420002:5: AUDIT - pid=2467 user=root folder=/Common module=(tmos)# status=[Command OK] cmd_data=show sys mcp-state field-fmt
Mar  5 10:11:01 f52 notice tmsh[4842]: 01420002:5: AUDIT - pid=4842 user=root folder=/Common module=(tmos)# status=[Command OK] cmd_data=show sys mcp-state field-fmt
Mar  5 10:11:01 f51 notice tmsh[2471]: 01420002:5: AUDIT - pid=2471 user=root folder=/Common module=(tmos)# status=[Command OK] cmd_data=list sys db
Mar  5 10:11:01 f52 notice tmsh[4846]: 01420002:5: AUDIT - pid=4846 user=root folder=/Common module=(tmos)# status=[Command OK] cmd_data=list sys db
Mar  5 10:20:00 qfile01 qlogd[24599]: event log: Users: System, Source IP: 127.0.0.1, Computer name: localhost, Content: [RTRR Job] (Sync) Job qnap1TOqnap2-4 started.
Mar  5 10:21:14 qfile02 qlogd[29929]: event log: Users: #012, Source IP: 127.0.0.1, Computer name: localhost, Content: (Job from client: 192.168.20.245)[RTRR Job] (Sync) Job qnap1TOqnap2-4 started.#012 
Mar  5 10:20:01 qfile01 qlogd[24599]: event log: Users: System, Source IP: 127.0.0.1, Computer name: localhost, Content: [RTRR Job] (Sync) Job qnap1TOqnap2-1 started.
Mar  5 10:21:15 qfile02 qlogd[29929]: event log: Users: #012, Source IP: 127.0.0.1, Computer name: localhost, Content: (Job from client: 192.168.20.245)[RTRR Job] (Sync) Job qnap1TOqnap2-1 started.#012 
Mar  5 10:20:07 qfile01 qlogd[24599]: event log: Users: System, Source IP: 127.0.0.1, Computer name: localhost, Content:  [Snapshot volume:DataVol1] Created snapshot (Replication-Job9) successfully.
Mar  5 10:20:07 qfile01 qlogd[24599]: event log: Users: System, Source IP: 127.0.0.1, Computer name: localhost, Content: [RTRR Job] (Sync) Job qnap1TOqnap2-4 finished.
Mar  5 10:21:21 qfile02 qlogd[29929]: event log: Users: #012, Source IP: 127.0.0.1, Computer name: localhost, Content: (Job from client: 192.168.20.245)[RTRR Job] (Sync) Job qnap1TOqnap2-4 finished.#012 
Mar  5 10:20:12 qfile01 qlogd[24599]: event log: Users: System, Source IP: 127.0.0.1, Computer name: localhost, Content:  [Snapshot volume:DataVol1] Created snapshot (Replication-Job12) successfully.
Mar  5 10:20:12 qfile01 qlogd[24599]: event log: Users: System, Source IP: 127.0.0.1, Computer name: localhost, Content: [RTRR Job] (Sync) Job qnap1TOqnap2-1 finished.
Mar  5 10:21:26 qfile02 qlogd[29929]: event log: Users: #012, Source IP: 127.0.0.1, Computer name: localhost, Content: (Job from client: 192.168.20.245)[RTRR Job] (Sync) Job qnap1TOqnap2-1 finished.#012 
Mar  5 10:21:01 f51 notice tmsh[2938]: 01420002:5: AUDIT - pid=2938 user=root folder=/Common module=(tmos)# status=[Command OK] cmd_data=show sys mcp-state field-fmt
Mar  5 10:21:01 f52 notice tmsh[5340]: 01420002:5: AUDIT - pid=5340 user=root folder=/Common module=(tmos)# status=[Command OK] cmd_data=show sys mcp-state field-fmt
Mar  5 10:21:01 f51 notice tmsh[2942]: 01420002:5: AUDIT - pid=2942 user=root folder=/Common module=(tmos)# status=[Command OK] cmd_data=list sys db
Mar  5 10:21:01 f52 notice tmsh[5344]: 01420002:5: AUDIT - pid=5344 user=root folder=/Common module=(tmos)# status=[Command OK] cmd_data=list sys db
Mar  5 10:30:02 qfile02 qlogd[29929]: event log: Users: System, Source IP: 127.0.0.1, Computer name: localhost, Content: [RTRR Job] (Sync) Job qnap1->qnap2ForALLBank started.
Mar  5 10:28:49 qfile01 qlogd[24599]: event log: Users: #012, Source IP: 127.0.0.1, Computer name: localhost, Content: (Job from client: 10.51.188.19)[RTRR Job] (Sync) Job qnap1->qnap2ForALLBank started.#012 
Mar  5 10:30:14 qfile02 qlogd[29929]: event log: Users: System, Source IP: 127.0.0.1, Computer name: localhost, Content: [RTRR Job] (Sync) Job qnap1->qnap2ForALLBank finished.
Mar  5 10:29:01 qfile01 qlogd[24599]: event log: Users: #012, Source IP: 127.0.0.1, Computer name: localhost, Content: (Job from client: 10.51.188.19)[RTRR Job] (Sync) Job qnap1->qnap2ForALLBank finished.#012 
Mar  5 10:30:00 qfile01 qlogd[24599]: event log: Users: System, Source IP: 127.0.0.1, Computer name: localhost, Content: [RTRR Job] (Sync) Job qnap1TOqnap2-5 started.
Mar  5 10:31:13 qfile02 qlogd[29929]: event log: Users: #012, Source IP: 127.0.0.1, Computer name: localhost, Content: (Job from client: 192.168.20.245)[RTRR Job] (Sync) Job qnap1TOqnap2-5 started.#012 
Mar  5 10:30:01 qfile01 qlogd[24599]: event log: Users: System, Source IP: 127.0.0.1, Computer name: localhost, Content: [RTRR Job] (Sync) Job qnap1TOqnap2-2 started.
Mar  5 10:31:14 qfile02 qlogd[29929]: event log: Users: #012, Source IP: 127.0.0.1, Computer name: localhost, Content: (Job from client: 192.168.20.245)[RTRR Job] (Sync) Job qnap1TOqnap2-2 started.#012 
Mar  5 10:30:09 qfile01 qlogd[24599]: event log: Users: System, Source IP: 127.0.0.1, Computer name: localhost, Content:  [Snapshot volume:DataVol1] Created snapshot (Replication-Job11) successfully.
Mar  5 10:30:11 qfile01 qlogd[24599]: event log: Users: System, Source IP: 127.0.0.1, Computer name: localhost, Content: [RTRR Job] (Sync) Job qnap1TOqnap2-2 finished.
Mar  5 10:31:25 qfile02 qlogd[29929]: event log: Users: #012, Source IP: 127.0.0.1, Computer name: localhost, Content: (Job from client: 192.168.20.245)[RTRR Job] (Sync) Job qnap1TOqnap2-2 finished.#012 
Mar  5 10:30:13 qfile01 qlogd[24599]: event log: Users: System, Source IP: 127.0.0.1, Computer name: localhost, Content:  [Snapshot volume:DataVol1] Created snapshot (Replication-Job3) successfully.
Mar  5 10:31:01 f51 notice tmsh[3409]: 01420002:5: AUDIT - pid=3409 user=root folder=/Common module=(tmos)# status=[Command OK] cmd_data=show sys mcp-state field-fmt
Mar  5 10:31:02 f52 notice tmsh[5833]: 01420002:5: AUDIT - pid=5833 user=root folder=/Common module=(tmos)# status=[Command OK] cmd_data=show sys mcp-state field-fmt
Mar  5 10:31:02 f51 notice tmsh[3413]: 01420002:5: AUDIT - pid=3413 user=root folder=/Common module=(tmos)# status=[Command OK] cmd_data=list sys db
Mar  5 10:31:02 f52 notice tmsh[5839]: 01420002:5: AUDIT - pid=5839 user=root folder=/Common module=(tmos)# status=[Command OK] cmd_data=list sys db
Mar  5 10:30:40 qfile01 qlogd[24599]: event log: Users: System, Source IP: 127.0.0.1, Computer name: localhost, Content: [RTRR Job] (Sync) Job qnap1TOqnap2-5 finished.
Mar  5 10:31:53 qfile02 qlogd[29929]: event log: Users: #012, Source IP: 127.0.0.1, Computer name: localhost, Content: (Job from client: 192.168.20.245)[RTRR Job] (Sync) Job qnap1TOqnap2-5 finished.#012 
Mar  5 10:40:01 qfile01 qlogd[24599]: event log: Users: System, Source IP: 127.0.0.1, Computer name: localhost, Content: [RTRR Job] (Sync) Job qnap1TOqnap2-6 started.
Mar  5 10:41:14 qfile02 qlogd[29929]: event log: Users: #012, Source IP: 127.0.0.1, Computer name: localhost, Content: (Job from client: 192.168.20.245)[RTRR Job] (Sync) Job qnap1TOqnap2-6 started.#012 
Mar  5 10:40:02 qfile01 qlogd[24599]: event log: Users: System, Source IP: 127.0.0.1, Computer name: localhost, Content: [RTRR Job] (Sync) Job qnap1TOqnap2-3 started.
Mar  5 10:41:16 qfile02 qlogd[29929]: event log: Users: #012, Source IP: 127.0.0.1, Computer name: localhost, Content: (Job from client: 192.168.20.245)[RTRR Job] (Sync) Job qnap1TOqnap2-3 started.#012 
Mar  5 10:40:09 qfile01 qlogd[24599]: event log: Users: System, Source IP: 127.0.0.1, Computer name: localhost, Content:  [Snapshot volume:DataVol1] Created snapshot (Replication-Job0) successfully.
Mar  5 10:40:13 qfile01 qlogd[24599]: event log: Users: System, Source IP: 127.0.0.1, Computer name: localhost, Content:  [Snapshot volume:DataVol1] Created snapshot (Replication-Job10) successfully.
Mar  5 10:40:13 qfile01 qlogd[24599]: event log: Users: System, Source IP: 127.0.0.1, Computer name: localhost, Content: [RTRR Job] (Sync) Job qnap1TOqnap2-3 finished.
Mar  5 10:41:27 qfile02 qlogd[29929]: event log: Users: #012, Source IP: 127.0.0.1, Computer name: localhost, Content: (Job from client: 192.168.20.245)[RTRR Job] (Sync) Job qnap1TOqnap2-3 finished.#012 
Mar  5 10:40:30 qfile01 qlogd[24599]: event log: Users: System, Source IP: 127.0.0.1, Computer name: localhost, Content: [RTRR Job] (Sync) Job qnap1TOqnap2-6 finished.
Mar  5 10:41:43 qfile02 qlogd[29929]: event log: Users: #012, Source IP: 127.0.0.1, Computer name: localhost, Content: (Job from client: 192.168.20.245)[RTRR Job] (Sync) Job qnap1TOqnap2-6 finished.#012 
Mar  5 10:41:01 f51 notice tmsh[3879]: 01420002:5: AUDIT - pid=3879 user=root folder=/Common module=(tmos)# status=[Command OK] cmd_data=show sys mcp-state field-fmt
Mar  5 10:41:01 f52 notice tmsh[6339]: 01420002:5: AUDIT - pid=6339 user=root folder=/Common module=(tmos)# status=[Command OK] cmd_data=show sys mcp-state field-fmt
Mar  5 10:41:01 f51 notice tmsh[3883]: 01420002:5: AUDIT - pid=3883 user=root folder=/Common module=(tmos)# status=[Command OK] cmd_data=list sys db
Mar  5 10:41:01 f52 notice tmsh[6343]: 01420002:5: AUDIT - pid=6343 user=root folder=/Common module=(tmos)# status=[Command OK] cmd_data=list sys db
Mar  5 10:51:01 f51 notice tmsh[4366]: 01420002:5: AUDIT - pid=4366 user=root folder=/Common module=(tmos)# status=[Command OK] cmd_data=show sys mcp-state field-fmt
Mar  5 10:51:01 f52 notice tmsh[6837]: 01420002:5: AUDIT - pid=6837 user=root folder=/Common module=(tmos)# status=[Command OK] cmd_data=show sys mcp-state field-fmt
Mar  5 10:51:01 f51 notice tmsh[4371]: 01420002:5: AUDIT - pid=4371 user=root folder=/Common module=(tmos)# status=[Command OK] cmd_data=list sys db
Mar  5 10:51:01 f52 notice tmsh[6841]: 01420002:5: AUDIT - pid=6841 user=root folder=/Common module=(tmos)# status=[Command OK] cmd_data=list sys db
Mar  5 10:58:40 f51 warning tmm1[12763]: 01260009:4: Connection error: ssl_hs_rxv2hello:7995: unsupported version (40)
Mar  5 10:58:40 f51 warning tmm2[12763]: 01260009:4: Connection error: ssl_hs_rxhello:7284: unsupported version (40)
Mar  5 10:59:38 f51 warning tmm[12763]: 01260009:4: Connection error: ssl_select_suite:6788: no shared ciphers (40)
Mar  5 10:59:38 f51 warning tmm[12763]: 01260026:4: No shared ciphers between SSL peers 208.93.152.80.36256:10.51.187.10.443.
Mar  5 11:00:21 f51 warning tmm3[12763]: 01260009:4: Connection error: ssl_select_suite:6788: no shared ciphers (40)
Mar  5 11:00:21 f51 warning tmm3[12763]: 01260026:4: No shared ciphers between SSL peers 208.93.152.80.37664:10.51.187.10.443.
Mar  5 11:00:00 qfile01 qlogd[24599]: event log: Users: System, Source IP: 127.0.0.1, Computer name: localhost, Content: [RTRR Job] (Sync) Job FTPServerToQnap1 started.
Mar  5 11:01:01 f51 notice tmsh[4872]: 01420002:5: AUDIT - pid=4872 user=root folder=/Common module=(tmos)# status=[Command OK] cmd_data=show sys mcp-state field-fmt
Mar  5 11:01:01 f52 notice tmsh[7372]: 01420002:5: AUDIT - pid=7372 user=root folder=/Common module=(tmos)# status=[Command OK] cmd_data=show sys mcp-state field-fmt
Mar  5 11:01:02 f52 notice tmsh[7376]: 01420002:5: AUDIT - pid=7376 user=root folder=/Common module=(tmos)# status=[Command OK] cmd_data=list sys db
Mar  5 11:01:02 f51 notice tmsh[4876]: 01420002:5: AUDIT - pid=4876 user=root folder=/Common module=(tmos)# status=[Command OK] cmd_data=list sys db
Mar  5 11:02:35 qfile01 qlogd[24599]: event log: Users: System, Source IP: 127.0.0.1, Computer name: localhost, Content: [RTRR Job] (Sync) Job FTPServerToQnap1 finished.
Mar  5 11:11:01 f51 notice tmsh[5603]: 01420002:5: AUDIT - pid=5603 user=root folder=/Common module=(tmos)# status=[Command OK] cmd_data=show sys mcp-state field-fmt
Mar  5 11:11:01 f52 notice tmsh[8110]: 01420002:5: AUDIT - pid=8110 user=root folder=/Common module=(tmos)# status=[Command OK] cmd_data=show sys mcp-state field-fmt
Mar  5 11:11:01 f51 notice tmsh[5607]: 01420002:5: AUDIT - pid=5607 user=root folder=/Common module=(tmos)# status=[Command OK] cmd_data=list sys db
Mar  5 11:11:01 f52 notice tmsh[8114]: 01420002:5: AUDIT - pid=8114 user=root folder=/Common module=(tmos)# status=[Command OK] cmd_data=list sys db
Mar  5 11:20:01 qfile01 qlogd[24599]: event log: Users: System, Source IP: 127.0.0.1, Computer name: localhost, Content: [RTRR Job] (Sync) Job qnap1TOqnap2-4 started.
Mar  5 11:20:02 qfile01 qlogd[24599]: event log: Users: System, Source IP: 127.0.0.1, Computer name: localhost, Content: [RTRR Job] (Sync) Job qnap1TOqnap2-1 started.
Mar  5 11:21:24 qfile02 qlogd[29929]: event log: Users: #012, Source IP: 127.0.0.1, Computer name: localhost, Content: (Job from client: 192.168.20.245)[RTRR Job] (Sync) Job qnap1TOqnap2-4 started.#012 
Mar  5 11:21:26 qfile02 qlogd[29929]: event log: Users: #012, Source IP: 127.0.0.1, Computer name: localhost, Content: (Job from client: 192.168.20.245)[RTRR Job] (Sync) Job qnap1TOqnap2-1 started.#012 
Mar  5 11:20:19 qfile01 qlogd[24599]: event log: Users: System, Source IP: 127.0.0.1, Computer name: localhost, Content:  [Snapshot volume:DataVol1] Created snapshot (Replication-Job9) successfully.
Mar  5 11:20:19 qfile01 qlogd[24599]: event log: Users: System, Source IP: 127.0.0.1, Computer name: localhost, Content: [RTRR Job] (Sync) Job qnap1TOqnap2-4 finished.
Mar  5 11:21:33 qfile02 qlogd[29929]: event log: Users: #012, Source IP: 127.0.0.1, Computer name: localhost, Content: (Job from client: 192.168.20.245)[RTRR Job] (Sync) Job qnap1TOqnap2-4 finished.#012 
Mar  5 11:20:23 qfile01 qlogd[24599]: event log: Users: System, Source IP: 127.0.0.1, Computer name: localhost, Content:  [Snapshot volume:DataVol1] Created snapshot (Replication-Job12) successfully.
Mar  5 11:20:23 qfile01 qlogd[24599]: event log: Users: System, Source IP: 127.0.0.1, Computer name: localhost, Content: [RTRR Job] (Sync) Job qnap1TOqnap2-1 finished.
Mar  5 11:21:37 qfile02 qlogd[29929]: event log: Users: #012, Source IP: 127.0.0.1, Computer name: localhost, Content: (Job from client: 192.168.20.245)[RTRR Job] (Sync) Job qnap1TOqnap2-1 finished.#012 
Mar  5 11:21:01 f52 notice tmsh[8605]: 01420002:5: AUDIT - pid=8605 user=root folder=/Common module=(tmos)# status=[Command OK] cmd_data=show sys mcp-state field-fmt
Mar  5 11:21:01 f52 notice tmsh[8609]: 01420002:5: AUDIT - pid=8609 user=root folder=/Common module=(tmos)# status=[Command OK] cmd_data=list sys db
Mar  5 11:21:02 f51 notice tmsh[6090]: 01420002:5: AUDIT - pid=6090 user=root folder=/Common module=(tmos)# status=[Command OK] cmd_data=show sys mcp-state field-fmt
Mar  5 11:21:02 f51 notice tmsh[6095]: 01420002:5: AUDIT - pid=6095 user=root folder=/Common module=(tmos)# status=[Command OK] cmd_data=list sys db
Mar  5 11:30:01 qfile02 qlogd[29929]: event log: Users: System, Source IP: 127.0.0.1, Computer name: localhost, Content: [RTRR Job] (Sync) Job qnap1->qnap2ForALLBank started.
Mar  5 11:28:48 qfile01 qlogd[24599]: event log: Users: #012, Source IP: 127.0.0.1, Computer name: localhost, Content: (Job from client: 10.51.188.19)[RTRR Job] (Sync) Job qnap1->qnap2ForALLBank started.#012 
Mar  5 11:30:14 qfile02 qlogd[29929]: event log: Users: System, Source IP: 127.0.0.1, Computer name: localhost, Content: [RTRR Job] (Sync) Job qnap1->qnap2ForALLBank finished.
Mar  5 11:29:01 qfile01 qlogd[24599]: event log: Users: #012, Source IP: 127.0.0.1, Computer name: localhost, Content: (Job from client: 10.51.188.19)[RTRR Job] (Sync) Job qnap1->qnap2ForALLBank finished.#012 
Mar  5 11:30:00 qfile01 qlogd[24599]: event log: Users: System, Source IP: 127.0.0.1, Computer name: localhost, Content: [RTRR Job] (Sync) Job qnap1TOqnap2-5 started.
Mar  5 11:31:13 qfile02 qlogd[29929]: event log: Users: #012, Source IP: 127.0.0.1, Computer name: localhost, Content: (Job from client: 192.168.20.245)[RTRR Job] (Sync) Job qnap1TOqnap2-5 started.#012 
Mar  5 11:30:01 qfile01 qlogd[24599]: event log: Users: System, Source IP: 127.0.0.1, Computer name: localhost, Content: [RTRR Job] (Sync) Job qnap1TOqnap2-2 started.
Mar  5 11:31:15 qfile02 qlogd[29929]: event log: Users: #012, Source IP: 127.0.0.1, Computer name: localhost, Content: (Job from client: 192.168.20.245)[RTRR Job] (Sync) Job qnap1TOqnap2-2 started.#012 
Mar  5 11:30:09 qfile01 qlogd[24599]: event log: Users: System, Source IP: 127.0.0.1, Computer name: localhost, Content:  [Snapshot volume:DataVol1] Created snapshot (Replication-Job3) successfully.
Mar  5 11:30:13 qfile01 qlogd[24599]: event log: Users: System, Source IP: 127.0.0.1, Computer name: localhost, Content:  [Snapshot volume:DataVol1] Created snapshot (Replication-Job11) successfully.
Mar  5 11:30:14 qfile01 qlogd[24599]: event log: Users: System, Source IP: 127.0.0.1, Computer name: localhost, Content: [RTRR Job] (Sync) Job qnap1TOqnap2-2 finished.
Mar  5 11:31:28 qfile02 qlogd[29929]: event log: Users: #012, Source IP: 127.0.0.1, Computer name: localhost, Content: (Job from client: 192.168.20.245)[RTRR Job] (Sync) Job qnap1TOqnap2-2 finished.#012 
Mar  5 11:31:01 f51 notice tmsh[6580]: 01420002:5: AUDIT - pid=6580 user=root folder=/Common module=(tmos)# status=[Command OK] cmd_data=show sys mcp-state field-fmt
Mar  5 11:31:01 f52 notice tmsh[9085]: 01420002:5: AUDIT - pid=9085 user=root folder=/Common module=(tmos)# status=[Command OK] cmd_data=show sys mcp-state field-fmt
Mar  5 11:31:02 f51 notice tmsh[6584]: 01420002:5: AUDIT - pid=6584 user=root folder=/Common module=(tmos)# status=[Command OK] cmd_data=list sys db
Mar  5 11:31:02 f52 notice tmsh[9089]: 01420002:5: AUDIT - pid=9089 user=root folder=/Common module=(tmos)# status=[Command OK] cmd_data=list sys db
Mar  5 11:30:40 qfile01 qlogd[24599]: event log: Users: System, Source IP: 127.0.0.1, Computer name: localhost, Content: [RTRR Job] (Sync) Job qnap1TOqnap2-5 finished.
Mar  5 11:31:54 qfile02 qlogd[29929]: event log: Users: #012, Source IP: 127.0.0.1, Computer name: localhost, Content: (Job from client: 192.168.20.245)[RTRR Job] (Sync) Job qnap1TOqnap2-5 finished.#012 
Mar  5 11:40:01 qfile01 qlogd[24599]: event log: Users: System, Source IP: 127.0.0.1, Computer name: localhost, Content: [RTRR Job] (Sync) Job qnap1TOqnap2-6 started.
Mar  5 11:41:14 qfile02 qlogd[29929]: event log: Users: #012, Source IP: 127.0.0.1, Computer name: localhost, Content: (Job from client: 192.168.20.245)[RTRR Job] (Sync) Job qnap1TOqnap2-6 started.#012 
Mar  5 11:40:02 qfile01 qlogd[24599]: event log: Users: System, Source IP: 127.0.0.1, Computer name: localhost, Content: [RTRR Job] (Sync) Job qnap1TOqnap2-3 started.
Mar  5 11:41:15 qfile02 qlogd[29929]: event log: Users: #012, Source IP: 127.0.0.1, Computer name: localhost, Content: (Job from client: 192.168.20.245)[RTRR Job] (Sync) Job qnap1TOqnap2-3 started.#012 
Mar  5 11:40:10 qfile01 qlogd[24599]: event log: Users: System, Source IP: 127.0.0.1, Computer name: localhost, Content:  [Snapshot volume:DataVol1] Created snapshot (Replication-Job0) successfully.
Mar  5 11:40:14 qfile01 qlogd[24599]: event log: Users: System, Source IP: 127.0.0.1, Computer name: localhost, Content:  [Snapshot volume:DataVol1] Created snapshot (Replication-Job10) successfully.
Mar  5 11:40:15 qfile01 qlogd[24599]: event log: Users: System, Source IP: 127.0.0.1, Computer name: localhost, Content: [RTRR Job] (Sync) Job qnap1TOqnap2-3 finished.
Mar  5 11:41:28 qfile02 qlogd[29929]: event log: Users: #012, Source IP: 127.0.0.1, Computer name: localhost, Content: (Job from client: 192.168.20.245)[RTRR Job] (Sync) Job qnap1TOqnap2-3 finished.#012 
Mar  5 11:40:30 qfile01 qlogd[24599]: event log: Users: System, Source IP: 127.0.0.1, Computer name: localhost, Content: [RTRR Job] (Sync) Job qnap1TOqnap2-6 finished.
Mar  5 11:41:43 qfile02 qlogd[29929]: event log: Users: #012, Source IP: 127.0.0.1, Computer name: localhost, Content: (Job from client: 192.168.20.245)[RTRR Job] (Sync) Job qnap1TOqnap2-6 finished.#012 
Mar  5 11:41:01 f51 notice tmsh[7067]: 01420002:5: AUDIT - pid=7067 user=root folder=/Common module=(tmos)# status=[Command OK] cmd_data=show sys mcp-state field-fmt
Mar  5 11:41:01 f52 notice tmsh[9562]: 01420002:5: AUDIT - pid=9562 user=root folder=/Common module=(tmos)# status=[Command OK] cmd_data=show sys mcp-state field-fmt
Mar  5 11:41:01 f51 notice tmsh[7071]: 01420002:5: AUDIT - pid=7071 user=root folder=/Common module=(tmos)# status=[Command OK] cmd_data=list sys db
Mar  5 11:41:01 f52 notice tmsh[9566]: 01420002:5: AUDIT - pid=9566 user=root folder=/Common module=(tmos)# status=[Command OK] cmd_data=list sys db
Mar  5 11:51:02 f51 notice tmsh[7587]: 01420002:5: AUDIT - pid=7587 user=root folder=/Common module=(tmos)# status=[Command OK] cmd_data=show sys mcp-state field-fmt
Mar  5 11:51:02 f52 notice tmsh[10036]: 01420002:5: AUDIT - pid=10036 user=root folder=/Common module=(tmos)# status=[Command OK] cmd_data=show sys mcp-state field-fmt
Mar  5 11:51:02 f51 notice tmsh[7591]: 01420002:5: AUDIT - pid=7591 user=root folder=/Common module=(tmos)# status=[Command OK] cmd_data=list sys db
Mar  5 11:51:02 f52 notice tmsh[10040]: 01420002:5: AUDIT - pid=10040 user=root folder=/Common module=(tmos)# status=[Command OK] cmd_data=list sys db
Mar  5 12:00:00 qfile01 qlogd[24599]: event log: Users: System, Source IP: 127.0.0.1, Computer name: localhost, Content: [RTRR Job] (Sync) Job FTPServerToQnap1 started.
Mar  5 12:01:01 f51 notice tmsh[8111]: 01420002:5: AUDIT - pid=8111 user=root folder=/Common module=(tmos)# status=[Command OK] cmd_data=show sys mcp-state field-fmt
Mar  5 12:01:01 f52 notice tmsh[10546]: 01420002:5: AUDIT - pid=10546 user=root folder=/Common module=(tmos)# status=[Command OK] cmd_data=show sys mcp-state field-fmt
Mar  5 12:01:01 f51 notice tmsh[8115]: 01420002:5: AUDIT - pid=8115 user=root folder=/Common module=(tmos)# status=[Command OK] cmd_data=list sys db
Mar  5 12:01:01 f52 notice tmsh[10550]: 01420002:5: AUDIT - pid=10550 user=root folder=/Common module=(tmos)# status=[Command OK] cmd_data=list sys db
Mar  5 12:02:47 qfile01 qlogd[24599]: event log: Users: System, Source IP: 127.0.0.1, Computer name: localhost, Content: [RTRR Job] (Sync) Job FTPServerToQnap1 finished.
Mar  5 12:11:01 f51 notice tmsh[8843]: 01420002:5: AUDIT - pid=8843 user=root folder=/Common module=(tmos)# status=[Command OK] cmd_data=show sys mcp-state field-fmt
Mar  5 12:11:01 f52 notice tmsh[11250]: 01420002:5: AUDIT - pid=11250 user=root folder=/Common module=(tmos)# status=[Command OK] cmd_data=show sys mcp-state field-fmt
Mar  5 12:11:01 f51 notice tmsh[8847]: 01420002:5: AUDIT - pid=8847 user=root folder=/Common module=(tmos)# status=[Command OK] cmd_data=list sys db
Mar  5 12:11:01 f52 notice tmsh[11254]: 01420002:5: AUDIT - pid=11254 user=root folder=/Common module=(tmos)# status=[Command OK] cmd_data=list sys db
Mar  5 12:20:00 qfile01 qlogd[24599]: event log: Users: System, Source IP: 127.0.0.1, Computer name: localhost, Content: [RTRR Job] (Sync) Job qnap1TOqnap2-4 started.
Mar  5 12:20:02 qfile01 qlogd[24599]: event log: Users: System, Source IP: 127.0.0.1, Computer name: localhost, Content: [RTRR Job] (Sync) Job qnap1TOqnap2-1 started.
