Feb  6 05:01:01 f52 notice tmsh[6037]: 01420002:5: AUDIT - pid=6037 user=root folder=/Common module=(tmos)# status=[Command OK] cmd_data=show sys mcp-state field-fmt
Feb  6 05:01:01 f52 notice tmsh[6041]: 01420002:5: AUDIT - pid=6041 user=root folder=/Common module=(tmos)# status=[Command OK] cmd_data=list sys db
Feb  6 05:02:33 qfile01 qlogd[24599]: event log: Users: System, Source IP: 127.0.0.1, Computer name: localhost, Content: [RTRR Job] (Sync) Job FTPServerToQnap1 finished.
Feb  6 05:04:01 f52 warning tmsh[6450]: 01420007:4: Certificate 'CN=Buypass Class 2 CA 1,O=Buypass AS-983163327,C=NO' in file /Common/ca-bundle.crt expired on Oct 13 10:25:09 2016 GMT
Feb  6 05:04:01 f52 warning tmsh[6450]: 01420007:4: Certificate 'CN=Buypass Class 2 CA 1,O=Buypass AS-983163327,C=NO' in file /Common/ca-bundle.crt expired on Oct 13 10:25:09 2016 GMT
Feb  6 05:04:01 f52 warning tmsh[6450]: 01420007:4: Certificate 'CN=e-Guven Kok Elektronik Sertifika Hizmet Saglayicisi,O=Elektronik Bilgi Guvenligi A.S.,C=TR' in file /Common/ca-bundle.crt expired on Jan  4 11:32:48 2017 GMT
Feb  6 05:04:01 f52 warning tmsh[6450]: 01420007:4: Certificate 'CN=Encryption e-Szigno CA5,OU=e-Szigno CA,O=Microsec Ltd.,L=Budapest,C=HU' in file /Common/ca-bundle.crt expired on Oct  5 14:28:14 2016 GMT
Feb  6 05:04:01 f52 warning tmsh[6450]: 01420007:4: Certificate 'CN=VeriSign Class 3 Extended Validation SSL CA,OU=Terms of use at https://www.verisign.com/rpa (c)06,OU=VeriSign Trust Network,O=VeriSign, Inc.,C=US' in file /Common/ca-bundle.crt expired on Nov  7 23:59:59 2016 GMT
Feb  6 05:04:01 f52 warning tmsh[6450]: 01420007:4: Per-invocation log rate exceeded; throttling.
Feb  6 05:04:01 f52 notice tmsh[6450]: 01420002:5: AUDIT - pid=6450 user=root folder=/Common module=(tmos)# status=[Command OK] cmd_data=run sys crypto check-cert stdout disabled
Feb  6 05:11:01 f52 notice tmsh[6781]: 01420002:5: AUDIT - pid=6781 user=root folder=/Common module=(tmos)# status=[Command OK] cmd_data=show sys mcp-state field-fmt
Feb  6 05:11:01 f52 notice tmsh[6785]: 01420002:5: AUDIT - pid=6785 user=root folder=/Common module=(tmos)# status=[Command OK] cmd_data=list sys db
Feb  6 05:11:01 f51 notice tmsh[23880]: 01420002:5: AUDIT - pid=23880 user=root folder=/Common module=(tmos)# status=[Command OK] cmd_data=show sys mcp-state field-fmt
Feb  6 05:11:02 f51 notice tmsh[23884]: 01420002:5: AUDIT - pid=23884 user=root folder=/Common module=(tmos)# status=[Command OK] cmd_data=list sys db
Feb  6 05:20:01 qfile01 qlogd[24599]: event log: Users: System, Source IP: 127.0.0.1, Computer name: localhost, Content: [RTRR Job] (Sync) Job qnap1TOqnap2-4 started.
Feb  6 05:20:03 qfile01 qlogd[24599]: event log: Users: System, Source IP: 127.0.0.1, Computer name: localhost, Content: [RTRR Job] (Sync) Job qnap1TOqnap2-1 started.
Feb  6 05:21:22 qfile02 qlogd[29929]: event log: Users: #012, Source IP: 127.0.0.1, Computer name: localhost, Content: (Job from client: 192.168.20.245)[RTRR Job] (Sync) Job qnap1TOqnap2-4 started.#012 
Feb  6 05:21:24 qfile02 qlogd[29929]: event log: Users: #012, Source IP: 127.0.0.1, Computer name: localhost, Content: (Job from client: 192.168.20.245)[RTRR Job] (Sync) Job qnap1TOqnap2-1 started.#012 
Feb  6 05:20:21 qfile01 qlogd[24599]: event log: Users: System, Source IP: 127.0.0.1, Computer name: localhost, Content:  [Snapshot volume:DataVol1] Created snapshot (Replication-Job9) successfully.
Feb  6 05:20:29 qfile01 qlogd[24599]: event log: Users: System, Source IP: 127.0.0.1, Computer name: localhost, Content: [RTRR Job] (Sync) Job qnap1TOqnap2-4 finished.
Feb  6 05:21:42 qfile02 qlogd[29929]: event log: Users: #012, Source IP: 127.0.0.1, Computer name: localhost, Content: (Job from client: 192.168.20.245)[RTRR Job] (Sync) Job qnap1TOqnap2-4 finished.#012 
Feb  6 05:20:32 qfile01 qlogd[24599]: event log: Users: System, Source IP: 127.0.0.1, Computer name: localhost, Content:  [Snapshot volume:DataVol1] Created snapshot (Replication-Job12) successfully.
Feb  6 05:20:35 qfile01 qlogd[24599]: event log: Users: System, Source IP: 127.0.0.1, Computer name: localhost, Content: [RTRR Job] (Sync) Job qnap1TOqnap2-1 finished.
Feb  6 05:21:47 qfile02 qlogd[29929]: event log: Users: #012, Source IP: 127.0.0.1, Computer name: localhost, Content: (Job from client: 192.168.20.245)[RTRR Job] (Sync) Job qnap1TOqnap2-1 finished.#012 
Feb  6 05:21:01 f51 notice tmsh[24342]: 01420002:5: AUDIT - pid=24342 user=root folder=/Common module=(tmos)# status=[Command OK] cmd_data=show sys mcp-state field-fmt
Feb  6 05:21:01 f51 notice tmsh[24346]: 01420002:5: AUDIT - pid=24346 user=root folder=/Common module=(tmos)# status=[Command OK] cmd_data=list sys db
Feb  6 05:21:02 f52 notice tmsh[7271]: 01420002:5: AUDIT - pid=7271 user=root folder=/Common module=(tmos)# status=[Command OK] cmd_data=show sys mcp-state field-fmt
Feb  6 05:21:02 f52 notice tmsh[7275]: 01420002:5: AUDIT - pid=7275 user=root folder=/Common module=(tmos)# status=[Command OK] cmd_data=list sys db
Feb  6 05:30:01 qfile02 qlogd[29929]: event log: Users: System, Source IP: 127.0.0.1, Computer name: localhost, Content: [RTRR Job] (Sync) Job qnap1->qnap2ForALLBank started.
Feb  6 05:28:49 qfile01 qlogd[24599]: event log: Users: #012, Source IP: 127.0.0.1, Computer name: localhost, Content: (Job from client: 10.51.188.19)[RTRR Job] (Sync) Job qnap1->qnap2ForALLBank started.#012 
Feb  6 05:30:17 qfile02 qlogd[29929]: event log: Users: System, Source IP: 127.0.0.1, Computer name: localhost, Content: [RTRR Job] (Sync) Job qnap1->qnap2ForALLBank finished.
Feb  6 05:29:05 qfile01 qlogd[24599]: event log: Users: #012, Source IP: 127.0.0.1, Computer name: localhost, Content: (Job from client: 10.51.188.19)[RTRR Job] (Sync) Job qnap1->qnap2ForALLBank finished.#012 
Feb  6 05:30:00 qfile01 qlogd[24599]: event log: Users: System, Source IP: 127.0.0.1, Computer name: localhost, Content: [RTRR Job] (Sync) Job qnap1TOqnap2-5 started.
Feb  6 05:31:13 qfile02 qlogd[29929]: event log: Users: #012, Source IP: 127.0.0.1, Computer name: localhost, Content: (Job from client: 192.168.20.245)[RTRR Job] (Sync) Job qnap1TOqnap2-5 started.#012 
Feb  6 05:30:01 qfile01 qlogd[24599]: event log: Users: System, Source IP: 127.0.0.1, Computer name: localhost, Content: [RTRR Job] (Sync) Job qnap1TOqnap2-2 started.
Feb  6 05:31:14 qfile02 qlogd[29929]: event log: Users: #012, Source IP: 127.0.0.1, Computer name: localhost, Content: (Job from client: 192.168.20.245)[RTRR Job] (Sync) Job qnap1TOqnap2-2 started.#012 
Feb  6 05:30:09 qfile01 qlogd[24599]: event log: Users: System, Source IP: 127.0.0.1, Computer name: localhost, Content:  [Snapshot volume:DataVol1] Created snapshot (Replication-Job11) successfully.
Feb  6 05:30:13 qfile01 qlogd[24599]: event log: Users: System, Source IP: 127.0.0.1, Computer name: localhost, Content: [RTRR Job] (Sync) Job qnap1TOqnap2-2 finished.
Feb  6 05:31:25 qfile02 qlogd[29929]: event log: Users: #012, Source IP: 127.0.0.1, Computer name: localhost, Content: (Job from client: 192.168.20.245)[RTRR Job] (Sync) Job qnap1TOqnap2-2 finished.#012 
Feb  6 05:30:14 qfile01 qlogd[24599]: event log: Users: System, Source IP: 127.0.0.1, Computer name: localhost, Content:  [Snapshot volume:DataVol1] Created snapshot (Replication-Job3) successfully.
Feb  6 05:31:01 f52 notice tmsh[7770]: 01420002:5: AUDIT - pid=7770 user=root folder=/Common module=(tmos)# status=[Command OK] cmd_data=show sys mcp-state field-fmt
Feb  6 05:31:01 f52 notice tmsh[7776]: 01420002:5: AUDIT - pid=7776 user=root folder=/Common module=(tmos)# status=[Command OK] cmd_data=list sys db
Feb  6 05:31:02 f51 notice tmsh[24808]: 01420002:5: AUDIT - pid=24808 user=root folder=/Common module=(tmos)# status=[Command OK] cmd_data=show sys mcp-state field-fmt
Feb  6 05:31:02 f51 notice tmsh[24812]: 01420002:5: AUDIT - pid=24812 user=root folder=/Common module=(tmos)# status=[Command OK] cmd_data=list sys db
Feb  6 05:30:40 qfile01 qlogd[24599]: event log: Users: System, Source IP: 127.0.0.1, Computer name: localhost, Content: [RTRR Job] (Sync) Job qnap1TOqnap2-5 finished.
Feb  6 05:31:53 qfile02 qlogd[29929]: event log: Users: #012, Source IP: 127.0.0.1, Computer name: localhost, Content: (Job from client: 192.168.20.245)[RTRR Job] (Sync) Job qnap1TOqnap2-5 finished.#012 
Feb  6 05:40:01 qfile01 qlogd[24599]: event log: Users: System, Source IP: 127.0.0.1, Computer name: localhost, Content: [RTRR Job] (Sync) Job qnap1TOqnap2-6 started.
Feb  6 05:41:14 qfile02 qlogd[29929]: event log: Users: #012, Source IP: 127.0.0.1, Computer name: localhost, Content: (Job from client: 192.168.20.245)[RTRR Job] (Sync) Job qnap1TOqnap2-6 started.#012 
Feb  6 05:40:03 qfile01 qlogd[24599]: event log: Users: System, Source IP: 127.0.0.1, Computer name: localhost, Content: [RTRR Job] (Sync) Job qnap1TOqnap2-3 started.
Feb  6 05:41:16 qfile02 qlogd[29929]: event log: Users: #012, Source IP: 127.0.0.1, Computer name: localhost, Content: (Job from client: 192.168.20.245)[RTRR Job] (Sync) Job qnap1TOqnap2-3 started.#012 
Feb  6 05:40:14 qfile01 qlogd[24599]: event log: Users: System, Source IP: 127.0.0.1, Computer name: localhost, Content:  [Snapshot volume:DataVol1] Created snapshot (Replication-Job0) successfully.
Feb  6 05:40:26 qfile01 qlogd[24599]: event log: Users: System, Source IP: 127.0.0.1, Computer name: localhost, Content:  [Snapshot volume:DataVol1] Created snapshot (Replication-Job10) successfully.
Feb  6 05:40:27 qfile01 qlogd[24599]: event log: Users: System, Source IP: 127.0.0.1, Computer name: localhost, Content: [RTRR Job] (Sync) Job qnap1TOqnap2-3 finished.
Feb  6 05:41:40 qfile02 qlogd[29929]: event log: Users: #012, Source IP: 127.0.0.1, Computer name: localhost, Content: (Job from client: 192.168.20.245)[RTRR Job] (Sync) Job qnap1TOqnap2-3 finished.#012 
Feb  6 05:41:01 f52 notice tmsh[8251]: 01420002:5: AUDIT - pid=8251 user=root folder=/Common module=(tmos)# status=[Command OK] cmd_data=show sys mcp-state field-fmt
Feb  6 05:41:01 f52 notice tmsh[8255]: 01420002:5: AUDIT - pid=8255 user=root folder=/Common module=(tmos)# status=[Command OK] cmd_data=list sys db
Feb  6 05:41:01 f51 notice tmsh[25272]: 01420002:5: AUDIT - pid=25272 user=root folder=/Common module=(tmos)# status=[Command OK] cmd_data=show sys mcp-state field-fmt
Feb  6 05:41:01 f51 notice tmsh[25276]: 01420002:5: AUDIT - pid=25276 user=root folder=/Common module=(tmos)# status=[Command OK] cmd_data=list sys db
Feb  6 05:40:45 qfile01 qlogd[24599]: event log: Users: System, Source IP: 127.0.0.1, Computer name: localhost, Content: [RTRR Job] (Sync) Job qnap1TOqnap2-6 finished.
Feb  6 05:41:58 qfile02 qlogd[29929]: event log: Users: #012, Source IP: 127.0.0.1, Computer name: localhost, Content: (Job from client: 192.168.20.245)[RTRR Job] (Sync) Job qnap1TOqnap2-6 finished.#012 
Feb  6 05:51:01 f51 notice tmsh[25742]: 01420002:5: AUDIT - pid=25742 user=root folder=/Common module=(tmos)# status=[Command OK] cmd_data=show sys mcp-state field-fmt
Feb  6 05:51:01 f51 notice tmsh[25746]: 01420002:5: AUDIT - pid=25746 user=root folder=/Common module=(tmos)# status=[Command OK] cmd_data=list sys db
Feb  6 05:51:01 f52 notice tmsh[8724]: 01420002:5: AUDIT - pid=8724 user=root folder=/Common module=(tmos)# status=[Command OK] cmd_data=show sys mcp-state field-fmt
Feb  6 05:51:02 f52 notice tmsh[8728]: 01420002:5: AUDIT - pid=8728 user=root folder=/Common module=(tmos)# status=[Command OK] cmd_data=list sys db
Feb  6 06:00:01 qfile01 qlogd[24599]: event log: Users: System, Source IP: 127.0.0.1, Computer name: localhost, Content: [RTRR Job] (Sync) Job FTPServerToQnap1 started.
Feb  6 06:01:01 f52 notice tmsh[9214]: 01420002:5: AUDIT - pid=9214 user=root folder=/Common module=(tmos)# status=[Command OK] cmd_data=show sys mcp-state field-fmt
Feb  6 06:01:01 f52 notice tmsh[9218]: 01420002:5: AUDIT - pid=9218 user=root folder=/Common module=(tmos)# status=[Command OK] cmd_data=list sys db
Feb  6 06:01:01 f51 notice tmsh[26230]: 01420002:5: AUDIT - pid=26230 user=root folder=/Common module=(tmos)# status=[Command OK] cmd_data=show sys mcp-state field-fmt
Feb  6 06:01:02 f51 notice tmsh[26234]: 01420002:5: AUDIT - pid=26234 user=root folder=/Common module=(tmos)# status=[Command OK] cmd_data=list sys db
Feb  6 06:02:32 qfile01 qlogd[24599]: event log: Users: System, Source IP: 127.0.0.1, Computer name: localhost, Content: [RTRR Job] (Sync) Job FTPServerToQnap1 finished.
Feb  6 06:11:01 f52 notice tmsh[9906]: 01420002:5: AUDIT - pid=9906 user=root folder=/Common module=(tmos)# status=[Command OK] cmd_data=show sys mcp-state field-fmt
Feb  6 06:11:01 f51 notice tmsh[26919]: 01420002:5: AUDIT - pid=26919 user=root folder=/Common module=(tmos)# status=[Command OK] cmd_data=show sys mcp-state field-fmt
Feb  6 06:11:01 f52 notice tmsh[9910]: 01420002:5: AUDIT - pid=9910 user=root folder=/Common module=(tmos)# status=[Command OK] cmd_data=list sys db
Feb  6 06:11:01 f51 notice tmsh[26923]: 01420002:5: AUDIT - pid=26923 user=root folder=/Common module=(tmos)# status=[Command OK] cmd_data=list sys db
Feb  6 06:20:02 qfile01 qlogd[24599]: event log: Users: System, Source IP: 127.0.0.1, Computer name: localhost, Content: [RTRR Job] (Sync) Job qnap1TOqnap2-4 started.
Feb  6 06:20:03 qfile01 qlogd[24599]: event log: Users: System, Source IP: 127.0.0.1, Computer name: localhost, Content: [RTRR Job] (Sync) Job qnap1TOqnap2-1 started.
Feb  6 06:21:21 qfile02 qlogd[29929]: event log: Users: #012, Source IP: 127.0.0.1, Computer name: localhost, Content: (Job from client: 192.168.20.245)[RTRR Job] (Sync) Job qnap1TOqnap2-4 started.#012 
Feb  6 06:21:23 qfile02 qlogd[29929]: event log: Users: #012, Source IP: 127.0.0.1, Computer name: localhost, Content: (Job from client: 192.168.20.245)[RTRR Job] (Sync) Job qnap1TOqnap2-1 started.#012 
Feb  6 06:20:21 qfile01 qlogd[24599]: event log: Users: System, Source IP: 127.0.0.1, Computer name: localhost, Content:  [Snapshot volume:DataVol1] Created snapshot (Replication-Job9) successfully.
Feb  6 06:20:22 qfile01 qlogd[24599]: event log: Users: System, Source IP: 127.0.0.1, Computer name: localhost, Content: [RTRR Job] (Sync) Job qnap1TOqnap2-4 finished.
Feb  6 06:21:35 qfile02 qlogd[29929]: event log: Users: #012, Source IP: 127.0.0.1, Computer name: localhost, Content: (Job from client: 192.168.20.245)[RTRR Job] (Sync) Job qnap1TOqnap2-4 finished.#012 
Feb  6 06:20:30 qfile01 qlogd[24599]: event log: Users: System, Source IP: 127.0.0.1, Computer name: localhost, Content:  [Snapshot volume:DataVol1] Created snapshot (Replication-Job12) successfully.
Feb  6 06:20:31 qfile01 qlogd[24599]: event log: Users: System, Source IP: 127.0.0.1, Computer name: localhost, Content: [RTRR Job] (Sync) Job qnap1TOqnap2-1 finished.
Feb  6 06:21:44 qfile02 qlogd[29929]: event log: Users: #012, Source IP: 127.0.0.1, Computer name: localhost, Content: (Job from client: 192.168.20.245)[RTRR Job] (Sync) Job qnap1TOqnap2-1 finished.#012 
Feb  6 06:21:01 f52 notice tmsh[10376]: 01420002:5: AUDIT - pid=10376 user=root folder=/Common module=(tmos)# status=[Command OK] cmd_data=show sys mcp-state field-fmt
Feb  6 06:21:02 f51 notice tmsh[27383]: 01420002:5: AUDIT - pid=27383 user=root folder=/Common module=(tmos)# status=[Command OK] cmd_data=show sys mcp-state field-fmt
Feb  6 06:21:02 f52 notice tmsh[10380]: 01420002:5: AUDIT - pid=10380 user=root folder=/Common module=(tmos)# status=[Command OK] cmd_data=list sys db
Feb  6 06:21:02 f51 notice tmsh[27387]: 01420002:5: AUDIT - pid=27387 user=root folder=/Common module=(tmos)# status=[Command OK] cmd_data=list sys db
Feb  6 06:27:49 f51 notice mcpd[7614]: 01070417:5: AUDIT - client Unknown, user root - transaction #14238326-2 - object 0 - create_if { auto_update_schedule { auto_update_schedule_check_status 1 } } [Status=Command OK]
Feb  6 06:27:49 f51 notice mcpd[7614]: 01070417:5: AUDIT - client Unknown, user root - transaction #14238327-2 - object 0 - create_if { auto_update_schedule { auto_update_schedule_check_status 5 auto_update_schedule_error_count 25 } } [Status=Command OK]
Feb  6 06:30:01 qfile02 qlogd[29929]: event log: Users: System, Source IP: 127.0.0.1, Computer name: localhost, Content: [RTRR Job] (Sync) Job qnap1->qnap2ForALLBank started.
Feb  6 06:28:49 qfile01 qlogd[24599]: event log: Users: #012, Source IP: 127.0.0.1, Computer name: localhost, Content: (Job from client: 10.51.188.19)[RTRR Job] (Sync) Job qnap1->qnap2ForALLBank started.#012 
Feb  6 06:30:12 qfile02 qlogd[29929]: event log: Users: System, Source IP: 127.0.0.1, Computer name: localhost, Content: [RTRR Job] (Sync) Job qnap1->qnap2ForALLBank finished.
Feb  6 06:29:01 qfile01 qlogd[24599]: event log: Users: #012, Source IP: 127.0.0.1, Computer name: localhost, Content: (Job from client: 10.51.188.19)[RTRR Job] (Sync) Job qnap1->qnap2ForALLBank finished.#012 
Feb  6 06:30:01 qfile01 qlogd[24599]: event log: Users: System, Source IP: 127.0.0.1, Computer name: localhost, Content: [RTRR Job] (Sync) Job qnap1TOqnap2-5 started.
Feb  6 06:31:13 qfile02 qlogd[29929]: event log: Users: #012, Source IP: 127.0.0.1, Computer name: localhost, Content: (Job from client: 192.168.20.245)[RTRR Job] (Sync) Job qnap1TOqnap2-5 started.#012 
Feb  6 06:30:02 qfile01 qlogd[24599]: event log: Users: System, Source IP: 127.0.0.1, Computer name: localhost, Content: [RTRR Job] (Sync) Job qnap1TOqnap2-2 started.
Feb  6 06:31:15 qfile02 qlogd[29929]: event log: Users: #012, Source IP: 127.0.0.1, Computer name: localhost, Content: (Job from client: 192.168.20.245)[RTRR Job] (Sync) Job qnap1TOqnap2-2 started.#012 
Feb  6 06:30:13 qfile01 qlogd[24599]: event log: Users: System, Source IP: 127.0.0.1, Computer name: localhost, Content:  [Snapshot volume:DataVol1] Created snapshot (Replication-Job11) successfully.
Feb  6 06:30:17 qfile01 qlogd[24599]: event log: Users: System, Source IP: 127.0.0.1, Computer name: localhost, Content: [RTRR Job] (Sync) Job qnap1TOqnap2-2 finished.
Feb  6 06:31:30 qfile02 qlogd[29929]: event log: Users: #012, Source IP: 127.0.0.1, Computer name: localhost, Content: (Job from client: 192.168.20.245)[RTRR Job] (Sync) Job qnap1TOqnap2-2 finished.#012 
Feb  6 06:30:18 qfile01 qlogd[24599]: event log: Users: System, Source IP: 127.0.0.1, Computer name: localhost, Content:  [Snapshot volume:DataVol1] Created snapshot (Replication-Job3) successfully.
Feb  6 06:31:01 f52 notice tmsh[10841]: 01420002:5: AUDIT - pid=10841 user=root folder=/Common module=(tmos)# status=[Command OK] cmd_data=show sys mcp-state field-fmt
Feb  6 06:31:01 f52 notice tmsh[10845]: 01420002:5: AUDIT - pid=10845 user=root folder=/Common module=(tmos)# status=[Command OK] cmd_data=list sys db
Feb  6 06:31:01 f51 notice tmsh[28033]: 01420002:5: AUDIT - pid=28033 user=root folder=/Common module=(tmos)# status=[Command OK] cmd_data=show sys mcp-state field-fmt
Feb  6 06:31:01 f51 notice tmsh[28037]: 01420002:5: AUDIT - pid=28037 user=root folder=/Common module=(tmos)# status=[Command OK] cmd_data=list sys db
Feb  6 06:30:45 qfile01 qlogd[24599]: event log: Users: System, Source IP: 127.0.0.1, Computer name: localhost, Content: [RTRR Job] (Sync) Job qnap1TOqnap2-5 finished.
Feb  6 06:31:58 qfile02 qlogd[29929]: event log: Users: #012, Source IP: 127.0.0.1, Computer name: localhost, Content: (Job from client: 192.168.20.245)[RTRR Job] (Sync) Job qnap1TOqnap2-5 finished.#012 
Feb  6 06:40:01 qfile01 qlogd[24599]: event log: Users: System, Source IP: 127.0.0.1, Computer name: localhost, Content: [RTRR Job] (Sync) Job qnap1TOqnap2-6 started.
Feb  6 06:41:14 qfile02 qlogd[29929]: event log: Users: #012, Source IP: 127.0.0.1, Computer name: localhost, Content: (Job from client: 192.168.20.245)[RTRR Job] (Sync) Job qnap1TOqnap2-6 started.#012 
Feb  6 06:40:02 qfile01 qlogd[24599]: event log: Users: System, Source IP: 127.0.0.1, Computer name: localhost, Content: [RTRR Job] (Sync) Job qnap1TOqnap2-3 started.
Feb  6 06:41:15 qfile02 qlogd[29929]: event log: Users: #012, Source IP: 127.0.0.1, Computer name: localhost, Content: (Job from client: 192.168.20.245)[RTRR Job] (Sync) Job qnap1TOqnap2-3 started.#012 
Feb  6 06:40:14 qfile01 qlogd[24599]: event log: Users: System, Source IP: 127.0.0.1, Computer name: localhost, Content:  [Snapshot volume:DataVol1] Created snapshot (Replication-Job0) successfully.
Feb  6 06:40:23 qfile01 qlogd[24599]: event log: Users: System, Source IP: 127.0.0.1, Computer name: localhost, Content:  [Snapshot volume:DataVol1] Created snapshot (Replication-Job10) successfully.
Feb  6 06:40:24 qfile01 qlogd[24599]: event log: Users: System, Source IP: 127.0.0.1, Computer name: localhost, Content: [RTRR Job] (Sync) Job qnap1TOqnap2-3 finished.
Feb  6 06:41:37 qfile02 qlogd[29929]: event log: Users: #012, Source IP: 127.0.0.1, Computer name: localhost, Content: (Job from client: 192.168.20.245)[RTRR Job] (Sync) Job qnap1TOqnap2-3 finished.#012 
Feb  6 06:41:01 f51 notice tmsh[28546]: 01420002:5: AUDIT - pid=28546 user=root folder=/Common module=(tmos)# status=[Command OK] cmd_data=show sys mcp-state field-fmt
Feb  6 06:41:01 f51 notice tmsh[28551]: 01420002:5: AUDIT - pid=28551 user=root folder=/Common module=(tmos)# status=[Command OK] cmd_data=list sys db
Feb  6 06:41:02 f52 notice tmsh[11336]: 01420002:5: AUDIT - pid=11336 user=root folder=/Common module=(tmos)# status=[Command OK] cmd_data=show sys mcp-state field-fmt
Feb  6 06:41:02 f52 notice tmsh[11340]: 01420002:5: AUDIT - pid=11340 user=root folder=/Common module=(tmos)# status=[Command OK] cmd_data=list sys db
Feb  6 06:40:39 qfile01 qlogd[24599]: event log: Users: System, Source IP: 127.0.0.1, Computer name: localhost, Content: [RTRR Job] (Sync) Job qnap1TOqnap2-6 finished.
Feb  6 06:41:52 qfile02 qlogd[29929]: event log: Users: #012, Source IP: 127.0.0.1, Computer name: localhost, Content: (Job from client: 192.168.20.245)[RTRR Job] (Sync) Job qnap1TOqnap2-6 finished.#012 
Feb  6 06:51:01 f52 notice tmsh[11854]: 01420002:5: AUDIT - pid=11854 user=root folder=/Common module=(tmos)# status=[Command OK] cmd_data=show sys mcp-state field-fmt
Feb  6 06:51:01 f52 notice tmsh[11858]: 01420002:5: AUDIT - pid=11858 user=root folder=/Common module=(tmos)# status=[Command OK] cmd_data=list sys db
Feb  6 06:51:01 f51 notice tmsh[29081]: 01420002:5: AUDIT - pid=29081 user=root folder=/Common module=(tmos)# status=[Command OK] cmd_data=show sys mcp-state field-fmt
Feb  6 06:51:02 f51 notice tmsh[29085]: 01420002:5: AUDIT - pid=29085 user=root folder=/Common module=(tmos)# status=[Command OK] cmd_data=list sys db
Feb  6 06:59:40 qfile01 qlogd[24599]: conn log: Users: admin, Source IP: 203.75.8.193, Computer name: localhost, Connection type: FTP, Accessed resources: ---, Action: Login OK
Feb  6 06:59:40 qfile01 qlogd[24599]: conn log: Users: admin, Source IP: 203.75.8.193, Computer name: localhost, Connection type: FTP, Accessed resources: 信託部/禮卷請款明細/2017-02-05/, Action: MakeDir
Feb  6 06:59:41 qfile01 qlogd[24599]: conn log: Users: admin, Source IP: 203.75.8.193, Computer name: localhost, Connection type: FTP, Accessed resources: /信託部/禮卷請款明細/2017-02-05/[105050900003] 20170205111338.csv, Action: Write
Feb  6 06:59:41 qfile01 qlogd[24599]: conn log: Users: admin, Source IP: 203.75.8.193, Computer name: localhost, Connection type: FTP, Accessed resources: /信託部/禮卷請款明細/2017-02-05/[105050050001] 20170205100305.csv, Action: Write
Feb  6 06:59:41 qfile01 qlogd[24599]: conn log: Users: admin, Source IP: 203.75.8.193, Computer name: localhost, Connection type: FTP, Accessed resources: /信託部/禮卷請款明細/2017-02-05/[101050770001] 20170205141402.csv, Action: Write
Feb  6 06:59:41 qfile01 qlogd[24599]: conn log: Users: admin, Source IP: 203.75.8.193, Computer name: localhost, Connection type: FTP, Accessed resources: /信託部/禮卷請款明細/2017-02-05/[102051190001] 20170205232350.csv, Action: Write
Feb  6 07:00:01 qfile01 qlogd[24599]: event log: Users: System, Source IP: 127.0.0.1, Computer name: localhost, Content: [RTRR Job] (Sync) Job FTPServerToQnap1 started.
Feb  6 07:01:01 f52 notice tmsh[12356]: 01420002:5: AUDIT - pid=12356 user=root folder=/Common module=(tmos)# status=[Command OK] cmd_data=show sys mcp-state field-fmt
Feb  6 07:01:01 f51 notice tmsh[29568]: 01420002:5: AUDIT - pid=29568 user=root folder=/Common module=(tmos)# status=[Command OK] cmd_data=show sys mcp-state field-fmt
Feb  6 07:01:01 f52 notice tmsh[12360]: 01420002:5: AUDIT - pid=12360 user=root folder=/Common module=(tmos)# status=[Command OK] cmd_data=list sys db
Feb  6 07:01:01 f51 notice tmsh[29572]: 01420002:5: AUDIT - pid=29572 user=root folder=/Common module=(tmos)# status=[Command OK] cmd_data=list sys db
Feb  6 07:02:34 qfile01 qlogd[24599]: event log: Users: System, Source IP: 127.0.0.1, Computer name: localhost, Content: [RTRR Job] (Sync) Job FTPServerToQnap1 finished.
Feb  6 07:11:01 f52 notice tmsh[13133]: 01420002:5: AUDIT - pid=13133 user=root folder=/Common module=(tmos)# status=[Command OK] cmd_data=show sys mcp-state field-fmt
Feb  6 07:11:01 f52 notice tmsh[13137]: 01420002:5: AUDIT - pid=13137 user=root folder=/Common module=(tmos)# status=[Command OK] cmd_data=list sys db
Feb  6 07:11:02 f51 notice tmsh[30257]: 01420002:5: AUDIT - pid=30257 user=root folder=/Common module=(tmos)# status=[Command OK] cmd_data=show sys mcp-state field-fmt
Feb  6 07:11:02 f51 notice tmsh[30261]: 01420002:5: AUDIT - pid=30261 user=root folder=/Common module=(tmos)# status=[Command OK] cmd_data=list sys db
Feb  6 07:20:01 qfile01 qlogd[24599]: event log: Users: System, Source IP: 127.0.0.1, Computer name: localhost, Content: [RTRR Job] (Sync) Job qnap1TOqnap2-4 started.
Feb  6 07:20:02 qfile01 qlogd[24599]: event log: Users: System, Source IP: 127.0.0.1, Computer name: localhost, Content: [RTRR Job] (Sync) Job qnap1TOqnap2-1 started.
Feb  6 07:21:22 qfile02 qlogd[29929]: event log: Users: #012, Source IP: 127.0.0.1, Computer name: localhost, Content: (Job from client: 192.168.20.245)[RTRR Job] (Sync) Job qnap1TOqnap2-4 started.#012 
Feb  6 07:21:24 qfile02 qlogd[29929]: event log: Users: #012, Source IP: 127.0.0.1, Computer name: localhost, Content: (Job from client: 192.168.20.245)[RTRR Job] (Sync) Job qnap1TOqnap2-1 started.#012 
Feb  6 07:20:21 qfile01 qlogd[24599]: event log: Users: System, Source IP: 127.0.0.1, Computer name: localhost, Content:  [Snapshot volume:DataVol1] Created snapshot (Replication-Job9) successfully.
Feb  6 07:20:28 qfile01 qlogd[24599]: event log: Users: System, Source IP: 127.0.0.1, Computer name: localhost, Content: [RTRR Job] (Sync) Job qnap1TOqnap2-4 finished.
Feb  6 07:21:41 qfile02 qlogd[29929]: event log: Users: #012, Source IP: 127.0.0.1, Computer name: localhost, Content: (Job from client: 192.168.20.245)[RTRR Job] (Sync) Job qnap1TOqnap2-4 finished.#012 
Feb  6 07:20:31 qfile01 qlogd[24599]: event log: Users: System, Source IP: 127.0.0.1, Computer name: localhost, Content:  [Snapshot volume:DataVol1] Created snapshot (Replication-Job12) successfully.
Feb  6 07:20:32 qfile01 qlogd[24599]: event log: Users: System, Source IP: 127.0.0.1, Computer name: localhost, Content: [RTRR Job] (Sync) Job qnap1TOqnap2-1 finished.
Feb  6 07:21:45 qfile02 qlogd[29929]: event log: Users: #012, Source IP: 127.0.0.1, Computer name: localhost, Content: (Job from client: 192.168.20.245)[RTRR Job] (Sync) Job qnap1TOqnap2-1 finished.#012 
Feb  6 07:21:01 f52 notice tmsh[13630]: 01420002:5: AUDIT - pid=13630 user=root folder=/Common module=(tmos)# status=[Command OK] cmd_data=show sys mcp-state field-fmt
Feb  6 07:21:01 f52 notice tmsh[13635]: 01420002:5: AUDIT - pid=13635 user=root folder=/Common module=(tmos)# status=[Command OK] cmd_data=list sys db
Feb  6 07:21:01 f51 notice tmsh[30721]: 01420002:5: AUDIT - pid=30721 user=root folder=/Common module=(tmos)# status=[Command OK] cmd_data=show sys mcp-state field-fmt
Feb  6 07:21:01 f51 notice tmsh[30725]: 01420002:5: AUDIT - pid=30725 user=root folder=/Common module=(tmos)# status=[Command OK] cmd_data=list sys db
Feb  6 07:30:01 qfile02 qlogd[29929]: event log: Users: System, Source IP: 127.0.0.1, Computer name: localhost, Content: [RTRR Job] (Sync) Job qnap1->qnap2ForALLBank started.
Feb  6 07:28:49 qfile01 qlogd[24599]: event log: Users: #012, Source IP: 127.0.0.1, Computer name: localhost, Content: (Job from client: 10.51.188.19)[RTRR Job] (Sync) Job qnap1->qnap2ForALLBank started.#012 
Feb  6 07:30:12 qfile02 qlogd[29929]: event log: Users: System, Source IP: 127.0.0.1, Computer name: localhost, Content: [RTRR Job] (Sync) Job qnap1->qnap2ForALLBank finished.
Feb  6 07:29:01 qfile01 qlogd[24599]: event log: Users: #012, Source IP: 127.0.0.1, Computer name: localhost, Content: (Job from client: 10.51.188.19)[RTRR Job] (Sync) Job qnap1->qnap2ForALLBank finished.#012 
Feb  6 07:30:00 qfile01 qlogd[24599]: event log: Users: System, Source IP: 127.0.0.1, Computer name: localhost, Content: [RTRR Job] (Sync) Job qnap1TOqnap2-5 started.
Feb  6 07:31:13 qfile02 qlogd[29929]: event log: Users: #012, Source IP: 127.0.0.1, Computer name: localhost, Content: (Job from client: 192.168.20.245)[RTRR Job] (Sync) Job qnap1TOqnap2-5 started.#012 
Feb  6 07:30:01 qfile01 qlogd[24599]: event log: Users: System, Source IP: 127.0.0.1, Computer name: localhost, Content: [RTRR Job] (Sync) Job qnap1TOqnap2-2 started.
Feb  6 07:31:14 qfile02 qlogd[29929]: event log: Users: #012, Source IP: 127.0.0.1, Computer name: localhost, Content: (Job from client: 192.168.20.245)[RTRR Job] (Sync) Job qnap1TOqnap2-2 started.#012 
Feb  6 07:30:09 qfile01 qlogd[24599]: event log: Users: System, Source IP: 127.0.0.1, Computer name: localhost, Content:  [Snapshot volume:DataVol1] Created snapshot (Replication-Job11) successfully.
Feb  6 07:30:13 qfile01 qlogd[24599]: event log: Users: System, Source IP: 127.0.0.1, Computer name: localhost, Content: [RTRR Job] (Sync) Job qnap1TOqnap2-2 finished.
Feb  6 07:31:26 qfile02 qlogd[29929]: event log: Users: #012, Source IP: 127.0.0.1, Computer name: localhost, Content: (Job from client: 192.168.20.245)[RTRR Job] (Sync) Job qnap1TOqnap2-2 finished.#012 
Feb  6 07:30:15 qfile01 qlogd[24599]: event log: Users: System, Source IP: 127.0.0.1, Computer name: localhost, Content:  [Snapshot volume:DataVol1] Created snapshot (Replication-Job3) successfully.
Feb  6 07:31:01 f51 notice tmsh[31185]: 01420002:5: AUDIT - pid=31185 user=root folder=/Common module=(tmos)# status=[Command OK] cmd_data=show sys mcp-state field-fmt
Feb  6 07:31:01 f51 notice tmsh[31189]: 01420002:5: AUDIT - pid=31189 user=root folder=/Common module=(tmos)# status=[Command OK] cmd_data=list sys db
Feb  6 07:31:01 f52 notice tmsh[14404]: 01420002:5: AUDIT - pid=14404 user=root folder=/Common module=(tmos)# status=[Command OK] cmd_data=show sys mcp-state field-fmt
Feb  6 07:31:02 f52 notice tmsh[14408]: 01420002:5: AUDIT - pid=14408 user=root folder=/Common module=(tmos)# status=[Command OK] cmd_data=list sys db
Feb  6 07:30:44 qfile01 qlogd[24599]: event log: Users: System, Source IP: 127.0.0.1, Computer name: localhost, Content: [RTRR Job] (Sync) Job qnap1TOqnap2-5 finished.
Feb  6 07:31:56 qfile02 qlogd[29929]: event log: Users: #012, Source IP: 127.0.0.1, Computer name: localhost, Content: (Job from client: 192.168.20.245)[RTRR Job] (Sync) Job qnap1TOqnap2-5 finished.#012 
Feb  6 07:31:26 f51 warning tmm[12476]: 01260009:4: Connection error: ssl_hs_rxhello:7284: unsupported version (40)
Feb  6 07:31:32 f51 warning tmm1[12476]: 01490531:4: 5a67c054: Detected invalid host header ().
Feb  6 07:31:32 f51 notice tmm1[12476]: 01490567:5: /Common/sunny_access_profile:Common:5a67c054: Session deleted (no_hostname).
Feb  6 07:31:32 f52 notice tmm1[12602]: 01490567:5: /Common/sunny_access_profile:Common:5a67c054: Session deleted (no_hostname).
Feb  6 07:31:32 f51 info logger: [acc] 127.1.1.4 - - [06/Feb/2017:07:31:32 +0800] "GET /renderer/access_notfound.php3?ORIG_URI=%25%7Baccess.perflow.orig_uri%7D&cgc=12&epsec=<null>&logout=/Common/sunny_access_profile_logout&general_ui=/Common/sunny_access_profile_general_ui&eps=/Common/sunny_access_profile_eps&installation=/Common/sunny_access_profile_frameworkinstallation&errormap=/Common/sunny_access_profile_errormap&defaultlang=zh-tw HTTP/1.0" 200 3060 "-" "-"
Feb  6 07:31:33 f51 warning tmm3[12476]: 01490531:4: ee7fced6: Detected invalid host header ().
Feb  6 07:31:33 f51 notice tmm3[12476]: 01490567:5: /Common/sunny_access_profile:Common:ee7fced6: Session deleted (no_hostname).
Feb  6 07:31:33 f52 notice tmm3[12602]: 01490567:5: /Common/sunny_access_profile:Common:ee7fced6: Session deleted (no_hostname).
Feb  6 07:32:06 f51 notice tmm1[12476]: 01490521:5: /Common/sunny_access_profile:Common:5a67c054: Session statistics - bytes in: 0, bytes out: 0
Feb  6 07:32:14 f51 notice tmm3[12476]: 01490521:5: /Common/sunny_access_profile:Common:ee7fced6: Session statistics - bytes in: 0, bytes out: 0
Feb  6 07:32:52 f51 warning tmm[12476]: 01490531:4: a7daf206: Detected invalid host header ().
Feb  6 07:32:52 f51 notice tmm[12476]: 01490567:5: /Common/sunny_access_profile:Common:a7daf206: Session deleted (no_hostname).
Feb  6 07:32:52 f52 notice tmm[12602]: 01490567:5: /Common/sunny_access_profile:Common:a7daf206: Session deleted (no_hostname).
Feb  6 07:33:28 f51 notice tmm[12476]: 01490521:5: /Common/sunny_access_profile:Common:a7daf206: Session statistics - bytes in: 0, bytes out: 0
Feb  6 07:33:33 f51 notice tmm1[12476]: 01490517:5: /Common/sunny_access_profile:Common:5b8bcf78: User-Agent header is absent or empty
Feb  6 07:33:33 f51 notice tmm1[12476]: 01490500:5: /Common/sunny_access_profile:Common:5b8bcf78: New session from client IP 113.240.250.156 (ST=Hunan/CC=CN/C=AS) at VIP 10.51.187.10 Listener /Common/vs_sunny_sslvpn (Reputation=Unknown)
Feb  6 07:38:40 f51 notice tmm1[12476]: 01490502:5: /Common/sunny_access_profile::5b8bcf78: Session deleted due to user inactivity.
Feb  6 07:38:40 f52 notice tmm1[12602]: 01490502:5: /Common/sunny_access_profile::5b8bcf78: Session deleted due to user inactivity.
Feb  6 07:39:21 f51 notice tmm1[12476]: 01490521:5: /Common/sunny_access_profile::5b8bcf78: Session statistics - bytes in: 0, bytes out: 0
Feb  6 07:40:01 qfile01 qlogd[24599]: event log: Users: System, Source IP: 127.0.0.1, Computer name: localhost, Content: [RTRR Job] (Sync) Job qnap1TOqnap2-6 started.
Feb  6 07:41:14 qfile02 qlogd[29929]: event log: Users: #012, Source IP: 127.0.0.1, Computer name: localhost, Content: (Job from client: 192.168.20.245)[RTRR Job] (Sync) Job qnap1TOqnap2-6 started.#012 
Feb  6 07:40:02 qfile01 qlogd[24599]: event log: Users: System, Source IP: 127.0.0.1, Computer name: localhost, Content: [RTRR Job] (Sync) Job qnap1TOqnap2-3 started.
Feb  6 07:41:15 qfile02 qlogd[29929]: event log: Users: #012, Source IP: 127.0.0.1, Computer name: localhost, Content: (Job from client: 192.168.20.245)[RTRR Job] (Sync) Job qnap1TOqnap2-3 started.#012 
Feb  6 07:40:08 qfile01 qlogd[24599]: event log: Users: System, Source IP: 127.0.0.1, Computer name: localhost, Content:  [Snapshot volume:DataVol1] Created snapshot (Replication-Job0) successfully.
Feb  6 07:40:13 qfile01 qlogd[24599]: event log: Users: System, Source IP: 127.0.0.1, Computer name: localhost, Content:  [Snapshot volume:DataVol1] Created snapshot (Replication-Job10) successfully.
Feb  6 07:40:13 qfile01 qlogd[24599]: event log: Users: System, Source IP: 127.0.0.1, Computer name: localhost, Content: [RTRR Job] (Sync) Job qnap1TOqnap2-3 finished.
Feb  6 07:41:26 qfile02 qlogd[29929]: event log: Users: #012, Source IP: 127.0.0.1, Computer name: localhost, Content: (Job from client: 192.168.20.245)[RTRR Job] (Sync) Job qnap1TOqnap2-3 finished.#012 
Feb  6 07:40:30 qfile01 qlogd[24599]: event log: Users: System, Source IP: 127.0.0.1, Computer name: localhost, Content: [RTRR Job] (Sync) Job qnap1TOqnap2-6 finished.
Feb  6 07:41:43 qfile02 qlogd[29929]: event log: Users: #012, Source IP: 127.0.0.1, Computer name: localhost, Content: (Job from client: 192.168.20.245)[RTRR Job] (Sync) Job qnap1TOqnap2-6 finished.#012 
Feb  6 07:41:01 f52 notice tmsh[14870]: 01420002:5: AUDIT - pid=14870 user=root folder=/Common module=(tmos)# status=[Command OK] cmd_data=show sys mcp-state field-fmt
Feb  6 07:41:01 f52 notice tmsh[14874]: 01420002:5: AUDIT - pid=14874 user=root folder=/Common module=(tmos)# status=[Command OK] cmd_data=list sys db
Feb  6 07:41:02 f51 notice tmsh[31649]: 01420002:5: AUDIT - pid=31649 user=root folder=/Common module=(tmos)# status=[Command OK] cmd_data=show sys mcp-state field-fmt
Feb  6 07:41:02 f51 notice tmsh[31653]: 01420002:5: AUDIT - pid=31653 user=root folder=/Common module=(tmos)# status=[Command OK] cmd_data=list sys db
Feb  6 07:51:01 f51 notice tmsh[32119]: 01420002:5: AUDIT - pid=32119 user=root folder=/Common module=(tmos)# status=[Command OK] cmd_data=show sys mcp-state field-fmt
Feb  6 07:51:01 f51 notice tmsh[32123]: 01420002:5: AUDIT - pid=32123 user=root folder=/Common module=(tmos)# status=[Command OK] cmd_data=list sys db
Feb  6 07:51:02 f52 notice tmsh[15334]: 01420002:5: AUDIT - pid=15334 user=root folder=/Common module=(tmos)# status=[Command OK] cmd_data=show sys mcp-state field-fmt
Feb  6 07:51:02 f52 notice tmsh[15338]: 01420002:5: AUDIT - pid=15338 user=root folder=/Common module=(tmos)# status=[Command OK] cmd_data=list sys db
Feb  6 07:52:46 f51 notice tmm1[12476]: 01490506:5: /Common/sunny_access_profile_intra_production:Common:baad74f2: Received User-Agent header: Mozilla%2f5.0%20(compatible%3b%20MSIE%209.0%3b%20Windows%20NT%206.1%3b%20Trident%2f5.0%3b%20MAAU)%20EdgeClient%2f7130.2016.0330.0220.
Feb  6 07:52:46 f51 notice tmm1[12476]: 01490500:5: /Common/sunny_access_profile_intra_production:Common:baad74f2: New session from client IP 10.7.5.1 (ST=/CC=/C=) at VIP 10.51.187.15 Listener /Common/vs_sunny_sslvpn_intra (Reputation=Unknown)
Feb  6 07:52:47 f51 notice apmd[7284]: 01490261:5: /Common/sunny_access_profile_intra_production:Common:baad74f2: Updating client info - Hostname: PC883-001-W7P Type: Standalone Version: 2.0 Platform: Win7 CPU: x86 UI Mode: Standalone Javascript Support: 1 ActiveX Support: 1 Plugin Support: 0
Feb  6 07:52:47 f51 info logger: [acc] 127.1.1.3 - - [06/Feb/2017:07:52:47 +0800] "GET /renderer/apd_inspection_host_enter_page.eui?cgc=10&epsec=<null>&uilang=zh-tw&uimode=7&ctype=Standalone&cversion=2.0&cjs=1&cactivex=1&cplugin=0&cplatform=Win7&cpu=x86&logout=/Common/sunny_access_profile_intra_production_logout&general_ui=/Common/sunny_access_profile_intra_production_general_ui&eps=/Common/sunny_access_profile_intra_production_eps&installation=/Common/sunny_access_profile_intra_production_frameworkinstallation&errormap=/Common/sunny_access_profile_intra_production_errormap&defaultlang=zh-tw HTTP/1.0" 200 26918 "-" "-"
Feb  6 07:52:47 f51 info logger: [acc] 127.1.1.4 - - [06/Feb/2017:07:52:47 +0800] "GET /renderer/apm_css.php3?cgc=10&uilang=zh-tw&uimode=7&ctype=Standalone&cversion=2.0&cjs=1&cactivex=1&cplugin=0&cplatform=Win7&cpu=x86&logout=/Common/sunny_access_profile_intra_production_logout&general_ui=/Common/sunny_access_profile_intra_production_general_ui&eps=/Common/sunny_access_profile_intra_production_eps&installation=/Common/sunny_access_profile_intra_production_frameworkinstallation&errormap=/Common/sunny_access_profile_intra_production_errormap&defaultlang=zh-tw HTTP/1.0" 200 23585 "-" "Mozilla/5.0 (compatible; MSIE 9.0; Windows NT 6.1; Trident/5.0; MAAU) EdgeClient/7130.2016.0330.0220"
Feb  6 07:52:47 f51 info logger: [acc] 127.1.1.2 - - [06/Feb/2017:07:52:47 +0800] "GET /public/include/js/common.js?cgc=10 HTTP/1.0" 304 - "-" "Mozilla/5.0 (compatible; MSIE 9.0; Windows NT 6.1; Trident/5.0; MAAU) EdgeClient/7130.2016.0330.0220"
Feb  6 07:52:47 f51 info logger: [acc] 127.1.1.3 - - [06/Feb/2017:07:52:47 +0800] "GET /public/include/js/u_debug.js?cgc=10 HTTP/1.0" 304 - "-" "Mozilla/5.0 (compatible; MSIE 9.0; Windows NT 6.1; Trident/5.0; MAAU) EdgeClient/7130.2016.0330.0220"
Feb  6 07:52:47 f51 info logger: [acc] 127.1.1.4 - - [06/Feb/2017:07:52:47 +0800] "GET /public/include/js/u_createcontrol.js?cgc=10 HTTP/1.0" 304 - "-" "Mozilla/5.0 (compatible; MSIE 9.0; Windows NT 6.1; Trident/5.0; MAAU) EdgeClient/7130.2016.0330.0220"
Feb  6 07:52:47 f51 info logger: [acc] 127.1.1.1 - - [06/Feb/2017:07:52:47 +0800] "GET /public/include/js/u_Control.js?cgc=10 HTTP/1.0" 304 - "-" "Mozilla/5.0 (compatible; MSIE 9.0; Windows NT 6.1; Trident/5.0; MAAU) EdgeClient/7130.2016.0330.0220"
Feb  6 07:52:47 f51 info logger: [acc] 127.1.1.3 - - [06/Feb/2017:07:52:47 +0800] "GET /public/include/js/u_InstallerControl.2.js?cgc=10 HTTP/1.0" 304 - "-" "Mozilla/5.0 (compatible; MSIE 9.0; Windows NT 6.1; Trident/5.0; MAAU) EdgeClient/7130.2016.0330.0220"
Feb  6 07:52:47 f51 info logger: [acc] 127.1.1.4 - - [06/Feb/2017:07:52:47 +0800] "GET /public/images/my/flogo_mobile.png?cgc=10 HTTP/1.0" 304 - "-" "Mozilla/5.0 (compatible; MSIE 9.0; Windows NT 6.1; Trident/5.0; MAAU) EdgeClient/7130.2016.0330.0220"
Feb  6 07:52:47 f51 info logger: [acc] 127.1.1.1 - - [06/Feb/2017:07:52:47 +0800] "GET /public/images/my/tr.gif?cgc=10 HTTP/1.0" 304 - "-" "Mozilla/5.0 (compatible; MSIE 9.0; Windows NT 6.1; Trident/5.0; MAAU) EdgeClient/7130.2016.0330.0220"
Feb  6 07:52:47 f51 info logger: [acc] 127.1.1.2 - - [06/Feb/2017:07:52:47 +0800] "GET /public/images/my/header-transient.png?cgc=10 HTTP/1.0" 304 - "-" "Mozilla/5.0 (compatible; MSIE 9.0; Windows NT 6.1; Trident/5.0; MAAU) EdgeClient/7130.2016.0330.0220"
Feb  6 07:52:47 f51 info logger: [acc] 127.1.1.2 - - [06/Feb/2017:07:52:47 +0800] "GET /renderer/agent_endpoint_windows_machine_info_form.eui?cgc=10&epsec=<null>&uilang=zh-tw&uimode=7&ctype=Standalone&cversion=2.0&cjs=1&cactivex=1&cplugin=0&cplatform=Win7&cpu=x86&logout=/Common/sunny_access_profile_intra_production_logout&general_ui=/Common/sunny_access_profile_intra_production_general_ui&eps=/Common/sunny_access_profile_intra_production_eps&installation=/Common/sunny_access_profile_intra_production_frameworkinstallation&errormap=/Common/sunny_access_profile_intra_production_errormap&defaultlang=zh-tw HTTP/1.0" 200 10908 "-" "-"
Feb  6 07:52:49 f51 info logger: [acc] 127.1.1.3 - - [06/Feb/2017:07:52:49 +0800] "GET /renderer/apd_inspection_host_exit_page.eui?cgc=10&epsec=<null>&uilang=zh-tw&uimode=7&ctype=Standalone&cversion=2.0&cjs=1&cactivex=1&cplugin=0&cplatform=Win7&cpu=x86&logout=/Common/sunny_access_profile_intra_production_logout&general_ui=/Common/sunny_access_profile_intra_production_general_ui&eps=/Common/sunny_access_profile_intra_production_eps&installation=/Common/sunny_access_profile_intra_production_frameworkinstallation&errormap=/Common/sunny_access_profile_intra_production_errormap&defaultlang=zh-tw HTTP/1.0" 200 1386 "-" "-"
Feb  6 07:52:49 f51 notice apmd[7284]: 01490143:5: /Common/sunny_access_profile_intra_production:Common:baad74f2: Logging Agent: CLIENTMAC: F0:79:59:38:8C:19
Feb  6 07:52:49 f51 notice apmd[7284]: 01490113:5: /Common/sunny_access_profile_intra_production:Common:baad74f2: session.machine_info.last.bios.manufacturer is ASUSTeK COMPUTER INC.
Feb  6 07:52:49 f51 notice apmd[7284]: 01490113:5: /Common/sunny_access_profile_intra_production:Common:baad74f2: session.machine_info.last.bios.sn is F1PFAG000RUR
Feb  6 07:52:49 f51 notice apmd[7284]: 01490113:5: /Common/sunny_access_profile_intra_production:Common:baad74f2: session.machine_info.last.bios.version is _ASUS_ - 1072009
Feb  6 07:52:49 f51 notice apmd[7284]: 01490113:5: /Common/sunny_access_profile_intra_production:Common:baad74f2: session.machine_info.last.cpu.description is x64 Family 6 Model 60 Stepping 3
Feb  6 07:52:49 f51 notice apmd[7284]: 01490113:5: /Common/sunny_access_profile_intra_production:Common:baad74f2: session.machine_info.last.cpu.max_clock is 3601
Feb  6 07:52:49 f51 notice apmd[7284]: 01490113:5: /Common/sunny_access_profile_intra_production:Common:baad74f2: session.machine_info.last.cpu.name is Intel(R) Core(TM) i7-4790 CPU @ 3.60GHz
Feb  6 07:52:49 f51 notice apmd[7284]: 01490113:5: /Common/sunny_access_profile_intra_production:Common:baad74f2: session.machine_info.last.cpu.vendor is GenuineIntel
Feb  6 07:52:49 f51 notice apmd[7284]: 01490113:5: /Common/sunny_access_profile_intra_production:Common:baad74f2: session.machine_info.last.error is 0
Feb  6 07:52:49 f51 notice apmd[7284]: 01490113:5: /Common/sunny_access_profile_intra_production:Common:baad74f2: session.machine_info.last.hdd.count is 5
Feb  6 07:52:49 f51 notice apmd[7284]: 01490113:5: /Common/sunny_access_profile_intra_production:Common:baad74f2: session.machine_info.last.hdd.list.[0].model is TOSHIBA DT01ACA100 SCSI Disk Device
Feb  6 07:52:49 f51 notice apmd[7284]: 01490113:5: /Common/sunny_access_profile_intra_production:Common:baad74f2: session.machine_info.last.hdd.list.[0].sn is 2 148U9ASN
Feb  6 07:52:49 f51 notice apmd[7284]: 01490113:5: /Common/sunny_access_profile_intra_production:Common:baad74f2: session.machine_info.last.hdd.list.[1].model is Generic- Compact Flash USB Device
Feb  6 07:52:49 f51 notice apmd[7284]: 01490113:5: /Common/sunny_access_profile_intra_production:Common:baad74f2: session.machine_info.last.hdd.list.[1].sn is 
Feb  6 07:52:49 f51 notice apmd[7284]: 01490113:5: /Common/sunny_access_profile_intra_production:Common:baad74f2: session.machine_info.last.hdd.list.[2].model is Generic- MS/MS-Pro USB Device
Feb  6 07:52:49 f51 notice apmd[7284]: 01490113:5: /Common/sunny_access_profile_intra_production:Common:baad74f2: session.machine_info.last.hdd.list.[2].sn is 
Feb  6 07:52:49 f51 notice apmd[7284]: 01490113:5: /Common/sunny_access_profile_intra_production:Common:baad74f2: session.machine_info.last.hdd.list.[3].model is Generic- SD/MMC USB Device
Feb  6 07:52:49 f51 notice apmd[7284]: 01490113:5: /Common/sunny_access_profile_intra_production:Common:baad74f2: session.machine_info.last.hdd.list.[3].sn is 
Feb  6 07:52:49 f51 notice apmd[7284]: 01490113:5: /Common/sunny_access_profile_intra_production:Common:baad74f2: session.machine_info.last.hdd.list.[4].model is Generic- SM/xD-Picture USB Device
Feb  6 07:52:49 f51 notice apmd[7284]: 01490113:5: /Common/sunny_access_profile_intra_production:Common:baad74f2: session.machine_info.last.hdd.list.[4].sn is 
Feb  6 07:52:49 f51 notice apmd[7284]: 01490113:5: /Common/sunny_access_profile_intra_production:Common:baad74f2: session.machine_info.last.motherboard.manufacturer is ASUSTeK COMPUTER INC.
Feb  6 07:52:49 f51 notice apmd[7284]: 01490113:5: /Common/sunny_access_profile_intra_production:Common:baad74f2: session.machine_info.last.motherboard.product is BM1AF_BP1AF_BM6AF
Feb  6 07:52:49 f51 notice apmd[7284]: 01490113:5: /Common/sunny_access_profile_intra_production:Common:baad74f2: session.machine_info.last.motherboard.sn is 141235915601956
Feb  6 07:52:49 f51 notice apmd[7284]: 01490113:5: /Common/sunny_access_profile_intra_production:Common:baad74f2: session.machine_info.last.net_adapter.count is 1
Feb  6 07:52:49 f51 notice apmd[7284]: 01490113:5: /Common/sunny_access_profile_intra_production:Common:baad74f2: session.machine_info.last.net_adapter.list.[0].mac_address is F0:79:59:38:8C:19
Feb  6 07:52:49 f51 notice apmd[7284]: 01490113:5: /Common/sunny_access_profile_intra_production:Common:baad74f2: session.machine_info.last.net_adapter.list.[0].name is Intel(R) Ethernet Connection I217-V
Feb  6 07:52:49 f51 info logger: [acc] 127.1.1.1 - - [06/Feb/2017:07:52:49 +0800] "GET /renderer/agent_logon_page_form.eui?&cgc=10&epsec=<null>&logon=/Common/sunny_access_profile_intra_production_act_logon_page_ag&uilang=zh-tw&uimode=7&ctype=Standalone&cversion=2.0&cjs=1&cactivex=1&cplugin=0&cplatform=Win7&cpu=x86&logout=/Common/sunny_access_profile_intra_production_logout&general_ui=/Common/sunny_access_profile_intra_production_general_ui&eps=/Common/sunny_access_profile_intra_production_eps&installation=/Common/sunny_access_profile_intra_production_frameworkinstallation&errormap=/Common/sunny_access_profile_intra_production_errormap&defaultlang=zh-tw HTTP/1.0" 200 26376 "-" "-"
Feb  6 07:52:49 f51 info logger: [acc] 127.1.1.3 - - [06/Feb/2017:07:52:49 +0800] "GET /public/include/js/agent_common.js?cgc=10 HTTP/1.0" 304 - "-" "Mozilla/5.0 (compatible; MSIE 9.0; Windows NT 6.1; Trident/5.0; MAAU) EdgeClient/7130.2016.0330.0220"
Feb  6 07:52:49 f51 info logger: [acc] 127.1.1.2 - - [06/Feb/2017:07:52:49 +0800] "GET /public/include/js/session_check.js?cgc=10 HTTP/1.0" 304 - "-" "Mozilla/5.0 (compatible; MSIE 9.0; Windows NT 6.1; Trident/5.0; MAAU) EdgeClient/7130.2016.0330.0220"
Feb  6 07:52:49 f51 info logger: [acc] 127.1.1.4 - - [06/Feb/2017:07:52:49 +0800] "GET /public/include/js/web_host.js?cgc=10 HTTP/1.0" 304 - "-" "Mozilla/5.0 (compatible; MSIE 9.0; Windows NT 6.1; Trident/5.0; MAAU) EdgeClient/7130.2016.0330.0220"
Feb  6 07:58:25 f51 notice tmm1[12476]: 01490502:5: /Common/sunny_access_profile_intra_production::baad74f2: Session deleted due to user inactivity.
Feb  6 07:58:25 f52 notice tmm1[12602]: 01490502:5: /Common/sunny_access_profile_intra_production::baad74f2: Session deleted due to user inactivity.
Feb  6 07:59:06 f51 notice tmm1[12476]: 01490521:5: /Common/sunny_access_profile_intra_production::baad74f2: Session statistics - bytes in: 14336, bytes out: 4551
Feb  6 08:00:01 qfile01 qlogd[24599]: event log: Users: System, Source IP: 127.0.0.1, Computer name: localhost, Content: [RTRR Job] (Sync) Job FTPServerToQnap1 started.
Feb  6 08:01:01 f51 notice tmsh[32619]: 01420002:5: AUDIT - pid=32619 user=root folder=/Common module=(tmos)# status=[Command OK] cmd_data=show sys mcp-state field-fmt
Feb  6 08:01:01 f51 notice tmsh[32623]: 01420002:5: AUDIT - pid=32623 user=root folder=/Common module=(tmos)# status=[Command OK] cmd_data=list sys db
Feb  6 08:01:01 f52 notice tmsh[15834]: 01420002:5: AUDIT - pid=15834 user=root folder=/Common module=(tmos)# status=[Command OK] cmd_data=show sys mcp-state field-fmt
Feb  6 08:01:01 f52 notice tmsh[15838]: 01420002:5: AUDIT - pid=15838 user=root folder=/Common module=(tmos)# status=[Command OK] cmd_data=list sys db
