Feb  6 09:48:31 f51 info logger: [acc] 127.1.1.2 - - [06/Feb/2017:09:48:31 +0800] "GET /public/images/full_wt/search_res.png?cgc=10 HTTP/1.0" 304 - "-" "Mozilla/4.0 (compatible; MSIE 7.0; Windows NT 5.1; Trident/4.0; .NET CLR 1.1.4322; .NET CLR 2.0.50727; .NET CLR 3.0.4506.2152; .NET CLR 3.5.30729; .NET4.0C; .NET4.0E)"
Feb  6 09:48:31 f51 info logger: [acc] 127.1.1.4 - - [06/Feb/2017:09:48:31 +0800] "GET /public/images/full_wt/network_access.png?cgc=10 HTTP/1.0" 304 - "-" "Mozilla/4.0 (compatible; MSIE 7.0; Windows NT 5.1; Trident/4.0; .NET CLR 1.1.4322; .NET CLR 2.0.50727; .NET CLR 3.0.4506.2152; .NET CLR 3.5.30729; .NET4.0C; .NET4.0E)"
Feb  6 09:48:32 f51 info logger: [acc] 127.1.1.2 - - [06/Feb/2017:09:48:32 +0800] "GET /renderer/resource_all_info.php3?resourcename=/Common/sunny_na_profile&resourcetype=network_access&cgc=10&errorcode=0&logon=/Common/sunny_access_profile_intra_production_act_logon_page_ag&webtop_cust_grp=/Common/sunny_webtop_customization&webtop_id=/Common/sunny_webtop&uilang=zh-tw&uimode=0&ctype=IE&cversion=7&cjs=1&cactivex=1&cplugin=0&cplatform=WinXP&cpu=unknown&logout=/Common/sunny_access_profile_intra_production_logout&general_ui=/Common/sunny_access_profile_intra_production_general_ui&eps=/Common/sunny_access_profile_intra_production_eps&installation=/Common/sunny_access_profile_intra_production_frameworkinstallation&errormap=/Common/sunny_access_profile_intra_production_errormap&defaultlang=zh-tw HTTP/1.0" 200 71900 "-" "Mozilla/4.0 (compatible; MSIE 7.0; Windows NT 5.1; Trident/4.0; .NET CLR 1.1.4322; .NET CLR 2.0.50727; .NET CLR 3.0.4506.2152; .NET CLR 3.5.30729; .NET4.0C; .NET4.0E)"
Feb  6 09:48:32 f51 info logger: [acc] 127.1.1.3 - - [06/Feb/2017:09:48:32 +0800] "GET /public/include/js/u_na.js?cgc=10 HTTP/1.0" 304 - "-" "Mozilla/4.0 (compatible; MSIE 7.0; Windows NT 5.1; Trident/4.0; .NET CLR 1.1.4322; .NET CLR 2.0.50727; .NET CLR 3.0.4506.2152; .NET CLR 3.5.30729; .NET4.0C; .NET4.0E)"
Feb  6 09:48:32 f51 info logger: [acc] 127.1.1.3 - - [06/Feb/2017:09:48:32 +0800] "GET /public/images/full_wt/icon_webtop_status_disconnected.png?cgc=10 HTTP/1.0" 304 - "-" "Mozilla/4.0 (compatible; MSIE 7.0; Windows NT 5.1; Trident/4.0; .NET CLR 1.1.4322; .NET CLR 2.0.50727; .NET CLR 3.0.4506.2152; .NET CLR 3.5.30729; .NET4.0C; .NET4.0E)"
Feb  6 09:48:32 f51 info logger: [acc] 127.1.1.2 - - [06/Feb/2017:09:48:32 +0800] "GET /public/images/full_wt/icon_webtop_status_connected.png?cgc=10 HTTP/1.0" 304 - "-" "Mozilla/4.0 (compatible; MSIE 7.0; Windows NT 5.1; Trident/4.0; .NET CLR 1.1.4322; .NET CLR 2.0.50727; .NET CLR 3.0.4506.2152; .NET CLR 3.5.30729; .NET4.0C; .NET4.0E)"
Feb  6 09:48:32 f51 info logger: [acc] 127.1.1.1 - - [06/Feb/2017:09:48:32 +0800] "GET /public/images/full_wt/waiting.gif?cgc=10 HTTP/1.0" 304 - "-" "Mozilla/4.0 (compatible; MSIE 7.0; Windows NT 5.1; Trident/4.0; .NET CLR 1.1.4322; .NET CLR 2.0.50727; .NET CLR 3.0.4506.2152; .NET CLR 3.5.30729; .NET4.0C; .NET4.0E)"
Feb  6 09:48:32 f51 info logger: [acc] 127.1.1.3 - - [06/Feb/2017:09:48:32 +0800] "GET /public/images/full_wt/logo_f5_small.png?cgc=10 HTTP/1.0" 304 - "-" "Mozilla/4.0 (compatible; MSIE 7.0; Windows NT 5.1; Trident/4.0; .NET CLR 1.1.4322; .NET CLR 2.0.50727; .NET CLR 3.0.4506.2152; .NET CLR 3.5.30729; .NET4.0C; .NET4.0E)"
Feb  6 09:48:33 f51 info logger: [acc] 127.1.1.4 - - [06/Feb/2017:09:48:33 +0800] "GET /renderer/my.logout.php3?cgc=10&logout=/Common/sunny_access_profile_intra_production_logout&general_ui=/Common/sunny_access_profile_intra_production_general_ui&eps=/Common/sunny_access_profile_intra_production_eps&installation=/Common/sunny_access_profile_intra_production_frameworkinstallation&errormap=/Common/sunny_access_profile_intra_production_errormap&defaultlang=zh-tw HTTP/1.0" 200 4083 "-" "Mozilla/5.0 (Windows NT 6.1; Trident/7.0; rv:11.0) like Gecko EdgeClient/7130.2016.0330.0220"
Feb  6 09:48:33 f51 info logger: [acc] 127.1.1.4 - - [06/Feb/2017:09:48:33 +0800] "GET /renderer/webtop_resource_inner.eui?cgc=10&errorcode=0&logon=/Common/sunny_access_profile_intra_production_act_logon_page_ag&webtop_cust_grp=/Common/sunny_webtop_customization&webtop_id=/Common/sunny_webtop&uilang=zh-tw&uimode=0&ctype=IE&cversion=7&cjs=1&cactivex=1&cplugin=0&cplatform=WinXP&cpu=unknown&logout=/Common/sunny_access_profile_intra_production_logout&general_ui=/Common/sunny_access_profile_intra_production_general_ui&eps=/Common/sunny_access_profile_intra_production_eps&installation=/Common/sunny_access_profile_intra_production_frameworkinstallation&errormap=/Common/sunny_access_profile_intra_production_errormap&defaultlang=zh-tw HTTP/1.0" 200 66785 "-" "Mozilla/4.0 (compatible; MSIE 7.0; Windows NT 5.1; Trident/4.0; .NET CLR 1.1.4322; .NET CLR 2.0.50727; .NET CLR 3.0.4506.2152; .NET CLR 3.5.30729; .NET4.0C; .NET4.0E)"
Feb  6 09:48:37 f51 notice tmm1[12476]: 01490549:5: /Common/sunny_access_profile_intra_production:Common:0ef9f023: Assigned PPP Static IPv4: 10.51.199.101 Tunnel Type: VPN_TUNNELTYPE_TLS NA Resource: /Common/sunny_na_profile Client IP: 10.7.5.6 
Feb  6 09:48:37 f51 notice tmm1[12476]: 01490505:5: /Common/sunny_access_profile_intra_production:Common:0ef9f023: User tmm.uuid./Common/sunny_access_profile_intra_production.11468 starting new session c74a9c92c6d5bf29c4ce7b760ef9f023 Terminated old session 62dd5850b8c1e7a6541ea6cee2c181cb
Feb  6 09:48:37 f51 notice tmm1[12476]: 01490502:5: /Common/sunny_access_profile_intra_production::e2c181cb: Session deleted due to user inactivity.
Feb  6 09:48:37 f51 notice tmm1[12476]: 01490505:5: /Common/sunny_access_profile_intra_production:Common:0ef9f023: PPP tunnel 0x5701143de300 started.
Feb  6 09:48:37 f52 notice tmm1[12602]: 01490502:5: /Common/sunny_access_profile_intra_production::e2c181cb: Session deleted due to user inactivity.
Feb  6 09:48:30 qfile01 qlogd[24599]: conn log: Users: SUNNY\58003, Source IP: 10.1.31.2, Computer name: ---, Connection type: HTTP, Accessed resources: Administration, Action: Login Fail
Feb  6 09:48:39 qfile01 qlogd[24599]: conn log: Users: SUNNY\58003, Source IP: 10.1.31.2, Computer name: ---, Connection type: HTTP, Accessed resources: Administration, Action: Login OK
Feb  6 09:49:09 f51 notice tmm[12476]: 01490521:5: /Common/sunny_access_profile_intra_production:Common:292ec0b8: Session statistics - bytes in: 20017503, bytes out: 30957502
Feb  6 09:49:18 f51 notice tmm1[12476]: 01490521:5: /Common/sunny_access_profile_intra_production::e2c181cb: Session statistics - bytes in: 7508453, bytes out: 8184221
Feb  6 09:50:06 qfile01 qlogd[24599]: conn log: Users: SUNNY\58003, Source IP: 10.1.31.2, Computer name: ---, Connection type: HTTP, Accessed resources: /交換區/FTP/branch/031/backup/smeg1060203.tx, Action: Open
Feb  6 09:51:01 f52 notice tmsh[21427]: 01420002:5: AUDIT - pid=21427 user=root folder=/Common module=(tmos)# status=[Command OK] cmd_data=show sys mcp-state field-fmt
Feb  6 09:51:01 f52 notice tmsh[21431]: 01420002:5: AUDIT - pid=21431 user=root folder=/Common module=(tmos)# status=[Command OK] cmd_data=list sys db
Feb  6 09:51:02 f51 notice tmsh[5939]: 01420002:5: AUDIT - pid=5939 user=root folder=/Common module=(tmos)# status=[Command OK] cmd_data=show sys mcp-state field-fmt
Feb  6 09:51:02 f51 notice tmsh[5943]: 01420002:5: AUDIT - pid=5943 user=root folder=/Common module=(tmos)# status=[Command OK] cmd_data=list sys db
Feb  6 09:53:20 qfile01 qlogd[24599]: conn log: Users: SUNNY\58003, Source IP: 10.1.31.2, Computer name: ---, Connection type: HTTP, Accessed resources: /交換區/FTP/branch/031/backup/smeg1060203.txt, Action: Read
Feb  6 09:53:20 qfile01 qlogd[24599]: conn log: Users: SUNNY\58003, Source IP: 10.1.31.2, Computer name: ---, Connection type: HTTP, Accessed resources: /交換區/FTP/branch/031/backup/smeg1060202.txt, Action: Read
Feb  6 10:00:01 qfile01 qlogd[24599]: event log: Users: System, Source IP: 127.0.0.1, Computer name: localhost, Content: [RTRR Job] (Sync) Job FTPServerToQnap1 started.
Feb  6 10:01:01 f51 notice tmsh[6454]: 01420002:5: AUDIT - pid=6454 user=root folder=/Common module=(tmos)# status=[Command OK] cmd_data=show sys mcp-state field-fmt
Feb  6 10:01:01 f51 notice tmsh[6460]: 01420002:5: AUDIT - pid=6460 user=root folder=/Common module=(tmos)# status=[Command OK] cmd_data=list sys db
Feb  6 10:01:01 f52 notice tmsh[21914]: 01420002:5: AUDIT - pid=21914 user=root folder=/Common module=(tmos)# status=[Command OK] cmd_data=show sys mcp-state field-fmt
Feb  6 10:01:02 f52 notice tmsh[21918]: 01420002:5: AUDIT - pid=21918 user=root folder=/Common module=(tmos)# status=[Command OK] cmd_data=list sys db
Feb  6 10:02:44 qfile01 qlogd[24599]: event log: Users: System, Source IP: 127.0.0.1, Computer name: localhost, Content: [RTRR Job] (Sync) Job FTPServerToQnap1 finished.
Feb  6 10:11:01 f51 notice tmsh[7172]: 01420002:5: AUDIT - pid=7172 user=root folder=/Common module=(tmos)# status=[Command OK] cmd_data=show sys mcp-state field-fmt
Feb  6 10:11:01 f51 notice tmsh[7176]: 01420002:5: AUDIT - pid=7176 user=root folder=/Common module=(tmos)# status=[Command OK] cmd_data=list sys db
Feb  6 10:11:02 f52 notice tmsh[22606]: 01420002:5: AUDIT - pid=22606 user=root folder=/Common module=(tmos)# status=[Command OK] cmd_data=show sys mcp-state field-fmt
Feb  6 10:11:02 f52 notice tmsh[22610]: 01420002:5: AUDIT - pid=22610 user=root folder=/Common module=(tmos)# status=[Command OK] cmd_data=list sys db
Feb  6 10:20:00 qfile01 qlogd[24599]: event log: Users: System, Source IP: 127.0.0.1, Computer name: localhost, Content: [RTRR Job] (Sync) Job qnap1TOqnap2-4 started.
Feb  6 10:21:13 qfile02 qlogd[29929]: event log: Users: #012, Source IP: 127.0.0.1, Computer name: localhost, Content: (Job from client: 192.168.20.245)[RTRR Job] (Sync) Job qnap1TOqnap2-4 started.#012 
Feb  6 10:20:01 qfile01 qlogd[24599]: event log: Users: System, Source IP: 127.0.0.1, Computer name: localhost, Content: [RTRR Job] (Sync) Job qnap1TOqnap2-1 started.
Feb  6 10:21:14 qfile02 qlogd[29929]: event log: Users: #012, Source IP: 127.0.0.1, Computer name: localhost, Content: (Job from client: 192.168.20.245)[RTRR Job] (Sync) Job qnap1TOqnap2-1 started.#012 
Feb  6 10:20:10 qfile01 qlogd[24599]: event log: Users: System, Source IP: 127.0.0.1, Computer name: localhost, Content:  [Snapshot volume:DataVol1] Created snapshot (Replication-Job9) successfully.
Feb  6 10:20:14 qfile01 qlogd[24599]: event log: Users: System, Source IP: 127.0.0.1, Computer name: localhost, Content: [RTRR Job] (Sync) Job qnap1TOqnap2-4 finished.
Feb  6 10:21:27 qfile02 qlogd[29929]: event log: Users: #012, Source IP: 127.0.0.1, Computer name: localhost, Content: (Job from client: 192.168.20.245)[RTRR Job] (Sync) Job qnap1TOqnap2-4 finished.#012 
Feb  6 10:20:16 qfile01 qlogd[24599]: event log: Users: System, Source IP: 127.0.0.1, Computer name: localhost, Content:  [Snapshot volume:DataVol1] Created snapshot (Replication-Job12) successfully.
Feb  6 10:20:17 qfile01 qlogd[24599]: event log: Users: System, Source IP: 127.0.0.1, Computer name: localhost, Content: [RTRR Job] (Sync) Job qnap1TOqnap2-1 finished.
Feb  6 10:21:30 qfile02 qlogd[29929]: event log: Users: #012, Source IP: 127.0.0.1, Computer name: localhost, Content: (Job from client: 192.168.20.245)[RTRR Job] (Sync) Job qnap1TOqnap2-1 finished.#012 
Feb  6 10:21:01 f52 notice tmsh[23076]: 01420002:5: AUDIT - pid=23076 user=root folder=/Common module=(tmos)# status=[Command OK] cmd_data=show sys mcp-state field-fmt
Feb  6 10:21:01 f51 notice tmsh[7672]: 01420002:5: AUDIT - pid=7672 user=root folder=/Common module=(tmos)# status=[Command OK] cmd_data=show sys mcp-state field-fmt
Feb  6 10:21:01 f52 notice tmsh[23080]: 01420002:5: AUDIT - pid=23080 user=root folder=/Common module=(tmos)# status=[Command OK] cmd_data=list sys db
Feb  6 10:21:02 f51 notice tmsh[7676]: 01420002:5: AUDIT - pid=7676 user=root folder=/Common module=(tmos)# status=[Command OK] cmd_data=list sys db
Feb  6 10:21:17 f51 notice tmm1[12476]: 01490506:5: /Common/sunny_access_profile:Common:6b7ea39f: Received User-Agent header: Mozilla%2f5.0%20(X11%3b%20Linux%20x86_64)%20AppleWebKit%2f537.36%20(KHTML%2c%20like%20Gecko)%20Chrome%2f34.0.1847.137%20Safari%2f537.36.
Feb  6 10:21:17 f51 notice tmm1[12476]: 01490500:5: /Common/sunny_access_profile:Common:6b7ea39f: New session from client IP 198.20.69.74 (ST=Arizona/CC=US/C=NA) at VIP 10.51.187.10 Listener /Common/vs_sunny_sslvpn (Reputation=Unknown)
Feb  6 10:21:20 f51 info logger: [acc] 127.1.1.1 - - [06/Feb/2017:10:21:20 +0800] "GET /renderer/my.logout.php3?errorcode=19&cgc=12&logout=/Common/sunny_access_profile_logout&general_ui=/Common/sunny_access_profile_general_ui&eps=/Common/sunny_access_profile_eps&installation=/Common/sunny_access_profile_frameworkinstallation&errormap=/Common/sunny_access_profile_errormap&defaultlang=zh-tw HTTP/1.0" 200 5147 "-" "Mozilla/5.0 (X11; Linux x86_64) AppleWebKit/537.36 (KHTML, like Gecko) Chrome/34.0.1847.137 Safari/537.36"
Feb  6 10:21:22 f51 warning tmm3[12476]: 01260009:4: Connection error: ssl_hs_rxv2hello:7995: unsupported version (40)
Feb  6 10:21:22 f51 warning tmm2[12476]: 01260009:4: Connection error: ssl_hs_rxhello:7284: unsupported version (40)
Feb  6 10:21:29 f51 warning tmm[12476]: 01260009:4: Connection error: ssl_codec_parse:1471: unknown record type (10)
Feb  6 10:21:34 f51 warning tmm2[12476]: 01260009:4: Connection error: ssl_select_suite:6788: no shared ciphers (40)
Feb  6 10:21:34 f51 warning tmm2[12476]: 01260026:4: No shared ciphers between SSL peers 198.20.69.74.35163:10.51.187.10.443.
Feb  6 10:26:20 f51 notice tmm1[12476]: 01490502:5: /Common/sunny_access_profile::6b7ea39f: Session deleted due to user inactivity.
Feb  6 10:26:20 f52 notice tmm1[12602]: 01490502:5: /Common/sunny_access_profile::6b7ea39f: Session deleted due to user inactivity.
Feb  6 10:27:01 f51 notice tmm1[12476]: 01490521:5: /Common/sunny_access_profile::6b7ea39f: Session statistics - bytes in: 0, bytes out: 0
Feb  6 10:29:00 f51 notice tmm3[12476]: 01490506:5: /Common/sunny_access_profile_intra_production:Common:d6f8e5f0: Received User-Agent header: Mozilla%2f5.0%20(Windows%20NT%206.1%3b%20Trident%2f7.0%3b%20rv%3a11.0)%20like%20Gecko%20EdgeClient%2f7130.2016.0330.0220.
Feb  6 10:29:00 f51 notice tmm3[12476]: 01490500:5: /Common/sunny_access_profile_intra_production:Common:d6f8e5f0: New session from client IP 10.199.6.65 (ST=/CC=/C=) at VIP 10.51.187.15 Listener /Common/vs_sunny_sslvpn_intra (Reputation=Unknown)
Feb  6 10:29:00 f51 notice apmd[7284]: 01490261:5: /Common/sunny_access_profile_intra_production:Common:d6f8e5f0: Updating client info - Hostname: PC8833-065-W7P Type: Standalone Version: 2.0 Platform: Win7 CPU: x86 UI Mode: Standalone Javascript Support: 1 ActiveX Support: 1 Plugin Support: 0
Feb  6 10:29:00 f51 info logger: [acc] 127.1.1.3 - - [06/Feb/2017:10:29:00 +0800] "GET /renderer/apm_css.php3?cgc=10&uilang=zh-tw&uimode=7&ctype=Standalone&cversion=2.0&cjs=1&cactivex=1&cplugin=0&cplatform=Win7&cpu=x86&logout=/Common/sunny_access_profile_intra_production_logout&general_ui=/Common/sunny_access_profile_intra_production_general_ui&eps=/Common/sunny_access_profile_intra_production_eps&installation=/Common/sunny_access_profile_intra_production_frameworkinstallation&errormap=/Common/sunny_access_profile_intra_production_errormap&defaultlang=zh-tw HTTP/1.0" 200 23585 "-" "Mozilla/5.0 (Windows NT 6.1; Trident/7.0; rv:11.0) like Gecko EdgeClient/7130.2016.0330.0220"
Feb  6 10:29:02 f51 notice apmd[7284]: 01490143:5: /Common/sunny_access_profile_intra_production:Common:d6f8e5f0: Logging Agent: CLIENTMAC: 10:BF:48:4F:9F:8F
Feb  6 10:29:02 f51 notice apmd[7284]: 01490113:5: /Common/sunny_access_profile_intra_production:Common:d6f8e5f0: session.machine_info.last.bios.manufacturer is American Megatrends Inc.
Feb  6 10:29:02 f51 notice apmd[7284]: 01490113:5: /Common/sunny_access_profile_intra_production:Common:d6f8e5f0: session.machine_info.last.bios.sn is C5PFAG000JU4
Feb  6 10:29:02 f51 notice apmd[7284]: 01490113:5: /Common/sunny_access_profile_intra_production:Common:d6f8e5f0: session.machine_info.last.bios.version is _ASUS_ - 1072009
Feb  6 10:29:02 f51 notice apmd[7284]: 01490113:5: /Common/sunny_access_profile_intra_production:Common:d6f8e5f0: session.machine_info.last.cpu.description is x64 Family 6 Model 42 Stepping 7
Feb  6 10:29:02 f51 notice apmd[7284]: 01490113:5: /Common/sunny_access_profile_intra_production:Common:d6f8e5f0: session.machine_info.last.cpu.max_clock is 3001
Feb  6 10:29:02 f51 notice apmd[7284]: 01490113:5: /Common/sunny_access_profile_intra_production:Common:d6f8e5f0: session.machine_info.last.cpu.name is Intel(R) Core(TM) i5-2320 CPU @ 3.00GHz
Feb  6 10:29:02 f51 notice apmd[7284]: 01490113:5: /Common/sunny_access_profile_intra_production:Common:d6f8e5f0: session.machine_info.last.cpu.vendor is GenuineIntel
Feb  6 10:29:02 f51 notice apmd[7284]: 01490113:5: /Common/sunny_access_profile_intra_production:Common:d6f8e5f0: session.machine_info.last.error is 0
Feb  6 10:29:02 f51 notice apmd[7284]: 01490113:5: /Common/sunny_access_profile_intra_production:Common:d6f8e5f0: session.machine_info.last.hdd.count is 5
Feb  6 10:29:02 f51 notice apmd[7284]: 01490113:5: /Common/sunny_access_profile_intra_production:Common:d6f8e5f0: session.machine_info.last.hdd.list.[0].model is ST500DM002-1BD142 ATA Device
Feb  6 10:29:02 f51 notice apmd[7284]: 01490113:5: /Common/sunny_access_profile_intra_production:Common:d6f8e5f0: session.machine_info.last.hdd.list.[0].sn is Z3THW3ZX
Feb  6 10:29:02 f51 notice apmd[7284]: 01490113:5: /Common/sunny_access_profile_intra_production:Common:d6f8e5f0: session.machine_info.last.hdd.list.[1].model is Generic- Compact Flash USB Device
Feb  6 10:29:02 f51 notice apmd[7284]: 01490113:5: /Common/sunny_access_profile_intra_production:Common:d6f8e5f0: session.machine_info.last.hdd.list.[1].sn is 
Feb  6 10:29:02 f51 notice apmd[7284]: 01490113:5: /Common/sunny_access_profile_intra_production:Common:d6f8e5f0: session.machine_info.last.hdd.list.[2].model is Generic- MS/MS-Pro USB Device
Feb  6 10:29:02 f51 notice apmd[7284]: 01490113:5: /Common/sunny_access_profile_intra_production:Common:d6f8e5f0: session.machine_info.last.hdd.list.[2].sn is 
Feb  6 10:29:02 f51 notice apmd[7284]: 01490113:5: /Common/sunny_access_profile_intra_production:Common:d6f8e5f0: session.machine_info.last.hdd.list.[3].model is Generic- SD/MMC USB Device
Feb  6 10:29:02 f51 notice apmd[7284]: 01490113:5: /Common/sunny_access_profile_intra_production:Common:d6f8e5f0: session.machine_info.last.hdd.list.[3].sn is 
Feb  6 10:29:02 f51 notice apmd[7284]: 01490113:5: /Common/sunny_access_profile_intra_production:Common:d6f8e5f0: session.machine_info.last.hdd.list.[4].model is Generic- SM/xD-Picture USB Device
Feb  6 10:29:02 f51 notice apmd[7284]: 01490113:5: /Common/sunny_access_profile_intra_production:Common:d6f8e5f0: session.machine_info.last.hdd.list.[4].sn is 
Feb  6 10:29:02 f51 notice apmd[7284]: 01490113:5: /Common/sunny_access_profile_intra_production:Common:d6f8e5f0: session.machine_info.last.motherboard.manufacturer is ASUSTeK COMPUTER INC.
Feb  6 10:29:02 f51 notice apmd[7284]: 01490113:5: /Common/sunny_access_profile_intra_production:Common:d6f8e5f0: session.machine_info.last.motherboard.product is BM6630_BM6330_BP6230
Feb  6 10:29:02 f51 notice apmd[7284]: 01490113:5: /Common/sunny_access_profile_intra_production:Common:d6f8e5f0: session.machine_info.last.motherboard.sn is MT7024019501225
Feb  6 10:29:02 f51 notice apmd[7284]: 01490113:5: /Common/sunny_access_profile_intra_production:Common:d6f8e5f0: session.machine_info.last.net_adapter.count is 1
Feb  6 10:29:02 f51 notice apmd[7284]: 01490113:5: /Common/sunny_access_profile_intra_production:Common:d6f8e5f0: session.machine_info.last.net_adapter.list.[0].mac_address is 10:BF:48:4F:9F:8F
Feb  6 10:29:02 f51 notice apmd[7284]: 01490113:5: /Common/sunny_access_profile_intra_production:Common:d6f8e5f0: session.machine_info.last.net_adapter.list.[0].name is Intel(R) 82579V Gigabit Network Connection
Feb  6 10:30:01 qfile02 qlogd[29929]: event log: Users: System, Source IP: 127.0.0.1, Computer name: localhost, Content: [RTRR Job] (Sync) Job qnap1->qnap2ForALLBank started.
Feb  6 10:28:49 qfile01 qlogd[24599]: event log: Users: #012, Source IP: 127.0.0.1, Computer name: localhost, Content: (Job from client: 10.51.188.19)[RTRR Job] (Sync) Job qnap1->qnap2ForALLBank started.#012 
Feb  6 10:30:14 qfile02 qlogd[29929]: event log: Users: System, Source IP: 127.0.0.1, Computer name: localhost, Content: [RTRR Job] (Sync) Job qnap1->qnap2ForALLBank finished.
Feb  6 10:29:03 qfile01 qlogd[24599]: event log: Users: #012, Source IP: 127.0.0.1, Computer name: localhost, Content: (Job from client: 10.51.188.19)[RTRR Job] (Sync) Job qnap1->qnap2ForALLBank finished.#012 
Feb  6 10:30:01 qfile01 qlogd[24599]: event log: Users: System, Source IP: 127.0.0.1, Computer name: localhost, Content: [RTRR Job] (Sync) Job qnap1TOqnap2-5 started.
Feb  6 10:31:13 qfile02 qlogd[29929]: event log: Users: #012, Source IP: 127.0.0.1, Computer name: localhost, Content: (Job from client: 192.168.20.245)[RTRR Job] (Sync) Job qnap1TOqnap2-5 started.#012 
Feb  6 10:30:02 qfile01 qlogd[24599]: event log: Users: System, Source IP: 127.0.0.1, Computer name: localhost, Content: [RTRR Job] (Sync) Job qnap1TOqnap2-2 started.
Feb  6 10:31:15 qfile02 qlogd[29929]: event log: Users: #012, Source IP: 127.0.0.1, Computer name: localhost, Content: (Job from client: 192.168.20.245)[RTRR Job] (Sync) Job qnap1TOqnap2-2 started.#012 
Feb  6 10:30:14 qfile01 qlogd[24599]: event log: Users: System, Source IP: 127.0.0.1, Computer name: localhost, Content:  [Snapshot volume:DataVol1] Created snapshot (Replication-Job3) successfully.
Feb  6 10:30:22 qfile01 qlogd[24599]: event log: Users: System, Source IP: 127.0.0.1, Computer name: localhost, Content:  [Snapshot volume:DataVol1] Created snapshot (Replication-Job11) successfully.
Feb  6 10:30:23 qfile01 qlogd[24599]: event log: Users: System, Source IP: 127.0.0.1, Computer name: localhost, Content: [RTRR Job] (Sync) Job qnap1TOqnap2-2 finished.
Feb  6 10:31:36 qfile02 qlogd[29929]: event log: Users: #012, Source IP: 127.0.0.1, Computer name: localhost, Content: (Job from client: 192.168.20.245)[RTRR Job] (Sync) Job qnap1TOqnap2-2 finished.#012 
Feb  6 10:31:01 f52 notice tmsh[23540]: 01420002:5: AUDIT - pid=23540 user=root folder=/Common module=(tmos)# status=[Command OK] cmd_data=show sys mcp-state field-fmt
Feb  6 10:31:01 f51 notice tmsh[8151]: 01420002:5: AUDIT - pid=8151 user=root folder=/Common module=(tmos)# status=[Command OK] cmd_data=show sys mcp-state field-fmt
Feb  6 10:31:01 f52 notice tmsh[23544]: 01420002:5: AUDIT - pid=23544 user=root folder=/Common module=(tmos)# status=[Command OK] cmd_data=list sys db
Feb  6 10:31:01 f51 notice tmsh[8155]: 01420002:5: AUDIT - pid=8155 user=root folder=/Common module=(tmos)# status=[Command OK] cmd_data=list sys db
Feb  6 10:30:49 qfile01 qlogd[24599]: event log: Users: System, Source IP: 127.0.0.1, Computer name: localhost, Content: [RTRR Job] (Sync) Job qnap1TOqnap2-5 finished.
Feb  6 10:32:02 qfile02 qlogd[29929]: event log: Users: #012, Source IP: 127.0.0.1, Computer name: localhost, Content: (Job from client: 192.168.20.245)[RTRR Job] (Sync) Job qnap1TOqnap2-5 finished.#012 
Feb  6 10:34:21 f51 notice tmm3[12476]: 01490502:5: /Common/sunny_access_profile_intra_production::d6f8e5f0: Session deleted due to user inactivity.
Feb  6 10:34:21 f52 notice tmm3[12602]: 01490502:5: /Common/sunny_access_profile_intra_production::d6f8e5f0: Session deleted due to user inactivity.
Feb  6 10:35:02 f51 notice tmm3[12476]: 01490521:5: /Common/sunny_access_profile_intra_production::d6f8e5f0: Session statistics - bytes in: 17925, bytes out: 6987
Feb  6 10:40:01 qfile01 qlogd[24599]: event log: Users: System, Source IP: 127.0.0.1, Computer name: localhost, Content: [RTRR Job] (Sync) Job qnap1TOqnap2-6 started.
Feb  6 10:41:14 qfile02 qlogd[29929]: event log: Users: #012, Source IP: 127.0.0.1, Computer name: localhost, Content: (Job from client: 192.168.20.245)[RTRR Job] (Sync) Job qnap1TOqnap2-6 started.#012 
Feb  6 10:40:02 qfile01 qlogd[24599]: event log: Users: System, Source IP: 127.0.0.1, Computer name: localhost, Content: [RTRR Job] (Sync) Job qnap1TOqnap2-3 started.
Feb  6 10:41:15 qfile02 qlogd[29929]: event log: Users: #012, Source IP: 127.0.0.1, Computer name: localhost, Content: (Job from client: 192.168.20.245)[RTRR Job] (Sync) Job qnap1TOqnap2-3 started.#012 
Feb  6 10:40:14 qfile01 qlogd[24599]: event log: Users: System, Source IP: 127.0.0.1, Computer name: localhost, Content:  [Snapshot volume:DataVol1] Created snapshot (Replication-Job0) successfully.
Feb  6 10:40:24 qfile01 qlogd[24599]: event log: Users: System, Source IP: 127.0.0.1, Computer name: localhost, Content:  [Snapshot volume:DataVol1] Created snapshot (Replication-Job10) successfully.
Feb  6 10:40:25 qfile01 qlogd[24599]: event log: Users: System, Source IP: 127.0.0.1, Computer name: localhost, Content: [RTRR Job] (Sync) Job qnap1TOqnap2-3 finished.
Feb  6 10:41:38 qfile02 qlogd[29929]: event log: Users: #012, Source IP: 127.0.0.1, Computer name: localhost, Content: (Job from client: 192.168.20.245)[RTRR Job] (Sync) Job qnap1TOqnap2-3 finished.#012 
Feb  6 10:41:02 f52 notice tmsh[24004]: 01420002:5: AUDIT - pid=24004 user=root folder=/Common module=(tmos)# status=[Command OK] cmd_data=show sys mcp-state field-fmt
Feb  6 10:41:02 f51 notice tmsh[8628]: 01420002:5: AUDIT - pid=8628 user=root folder=/Common module=(tmos)# status=[Command OK] cmd_data=show sys mcp-state field-fmt
Feb  6 10:41:02 f52 notice tmsh[24008]: 01420002:5: AUDIT - pid=24008 user=root folder=/Common module=(tmos)# status=[Command OK] cmd_data=list sys db
Feb  6 10:41:02 f51 notice tmsh[8632]: 01420002:5: AUDIT - pid=8632 user=root folder=/Common module=(tmos)# status=[Command OK] cmd_data=list sys db
Feb  6 10:40:42 qfile01 qlogd[24599]: event log: Users: System, Source IP: 127.0.0.1, Computer name: localhost, Content: [RTRR Job] (Sync) Job qnap1TOqnap2-6 finished.
Feb  6 10:41:55 qfile02 qlogd[29929]: event log: Users: #012, Source IP: 127.0.0.1, Computer name: localhost, Content: (Job from client: 192.168.20.245)[RTRR Job] (Sync) Job qnap1TOqnap2-6 finished.#012 
Feb  6 10:51:01 f52 notice tmsh[24468]: 01420002:5: AUDIT - pid=24468 user=root folder=/Common module=(tmos)# status=[Command OK] cmd_data=show sys mcp-state field-fmt
Feb  6 10:51:01 f51 notice tmsh[9100]: 01420002:5: AUDIT - pid=9100 user=root folder=/Common module=(tmos)# status=[Command OK] cmd_data=show sys mcp-state field-fmt
Feb  6 10:51:01 f52 notice tmsh[24472]: 01420002:5: AUDIT - pid=24472 user=root folder=/Common module=(tmos)# status=[Command OK] cmd_data=list sys db
Feb  6 10:51:01 f51 notice tmsh[9104]: 01420002:5: AUDIT - pid=9104 user=root folder=/Common module=(tmos)# status=[Command OK] cmd_data=list sys db
Feb  6 11:00:00 qfile01 qlogd[24599]: event log: Users: System, Source IP: 127.0.0.1, Computer name: localhost, Content: [RTRR Job] (Sync) Job FTPServerToQnap1 started.
Feb  6 11:01:01 f51 notice tmsh[9587]: 01420002:5: AUDIT - pid=9587 user=root folder=/Common module=(tmos)# status=[Command OK] cmd_data=show sys mcp-state field-fmt
Feb  6 11:01:01 f51 notice tmsh[9591]: 01420002:5: AUDIT - pid=9591 user=root folder=/Common module=(tmos)# status=[Command OK] cmd_data=list sys db
Feb  6 11:01:02 f52 notice tmsh[24955]: 01420002:5: AUDIT - pid=24955 user=root folder=/Common module=(tmos)# status=[Command OK] cmd_data=show sys mcp-state field-fmt
Feb  6 11:01:02 f52 notice tmsh[24959]: 01420002:5: AUDIT - pid=24959 user=root folder=/Common module=(tmos)# status=[Command OK] cmd_data=list sys db
Feb  6 11:02:43 qfile01 qlogd[24599]: event log: Users: System, Source IP: 127.0.0.1, Computer name: localhost, Content: [RTRR Job] (Sync) Job FTPServerToQnap1 finished.
Feb  6 11:07:42 f51 notice tmm3[12476]: 01490506:5: /Common/TestInternalAP:Common:fdb9442d: Received User-Agent header: Mozilla%2f5.0%20(compatible%3b%20MSIE%209.0%3b%20Windows%20NT%206.1%3b%20Trident%2f5.0)%20EdgeClient%2f7130.2016.0330.0220.
Feb  6 11:07:42 f51 notice tmm3[12476]: 01490500:5: /Common/TestInternalAP:Common:fdb9442d: New session from client IP 10.1.10.229 (ST=/CC=/C=) at VIP 10.80.1.4 Listener /Common/InternalToCoreVip (Reputation=Unknown)
Feb  6 11:07:43 f51 notice apmd[7284]: 01490261:5: /Common/TestInternalAP:Common:fdb9442d: Updating client info - Hostname: PC010-229-W7P Type: Standalone Version: 2.0 Platform: Win7 CPU: x86 UI Mode: Standalone Javascript Support: 1 ActiveX Support: 1 Plugin Support: 0
Feb  6 11:07:43 f51 info logger: [acc] 127.1.1.2 - - [06/Feb/2017:11:07:43 +0800] "GET /renderer/apm_css.php3?cgc=18&uilang=zh-tw&uimode=7&ctype=Standalone&cversion=2.0&cjs=1&cactivex=1&cplugin=0&cplatform=Win7&cpu=x86&logout=/Common/TestInternalAP_logout&general_ui=/Common/TestInternalAP_general_ui&eps=/Common/TestInternalAP_eps&installation=/Common/TestInternalAP_frameworkinstallation&errormap=/Common/TestInternalAP_errormap&defaultlang=zh-tw HTTP/1.0" 200 23585 "-" "Mozilla/5.0 (compatible; MSIE 9.0; Windows NT 6.1; Trident/5.0) EdgeClient/7130.2016.0330.0220"
Feb  6 11:07:44 f51 info logger: [acc] 127.1.1.4 - - [06/Feb/2017:11:07:44 +0800] "GET /renderer/agent_endpoint_windows_machine_info_form.eui?cgc=18&epsec=<null>&uilang=zh-tw&uimode=7&ctype=Standalone&cversion=2.0&cjs=1&cactivex=1&cplugin=0&cplatform=Win7&cpu=x86&logout=/Common/TestInternalAP_logout&general_ui=/Common/TestInternalAP_general_ui&eps=/Common/TestInternalAP_eps&installation=/Common/TestInternalAP_frameworkinstallation&errormap=/Common/TestInternalAP_errormap&defaultlang=zh-tw HTTP/1.0" 200 10908 "-" "-"
Feb  6 11:07:46 f51 info logger: [acc] 127.1.1.2 - - [06/Feb/2017:11:07:46 +0800] "GET /renderer/apd_inspection_host_exit_page.eui?cgc=18&epsec=<null>&uilang=zh-tw&uimode=7&ctype=Standalone&cversion=2.0&cjs=1&cactivex=1&cplugin=0&cplatform=Win7&cpu=x86&logout=/Common/TestInternalAP_logout&general_ui=/Common/TestInternalAP_general_ui&eps=/Common/TestInternalAP_eps&installation=/Common/TestInternalAP_frameworkinstallation&errormap=/Common/TestInternalAP_errormap&defaultlang=zh-tw HTTP/1.0" 200 1386 "-" "-"
Feb  6 11:07:46 f51 notice apmd[7284]: 01490143:5: /Common/TestInternalAP:Common:fdb9442d: Logging Agent: CLIENTMAC: 14:DD:A9:D4:F7:CD
Feb  6 11:07:46 f51 notice apmd[7284]: 01490113:5: /Common/TestInternalAP:Common:fdb9442d: session.machine_info.last.bios.manufacturer is ASUSTeK COMPUTER INC.
Feb  6 11:07:46 f51 notice apmd[7284]: 01490113:5: /Common/TestInternalAP:Common:fdb9442d: session.machine_info.last.bios.sn is F7PFAG000BV5
Feb  6 11:07:46 f51 notice apmd[7284]: 01490113:5: /Common/TestInternalAP:Common:fdb9442d: session.machine_info.last.bios.version is _ASUS_ - 1072009
Feb  6 11:07:46 f51 notice apmd[7284]: 01490113:5: /Common/TestInternalAP:Common:fdb9442d: session.machine_info.last.cpu.description is x64 Family 6 Model 60 Stepping 3
Feb  6 11:07:46 f51 notice apmd[7284]: 01490113:5: /Common/TestInternalAP:Common:fdb9442d: session.machine_info.last.cpu.max_clock is 3200
Feb  6 11:07:46 f51 notice apmd[7284]: 01490113:5: /Common/TestInternalAP:Common:fdb9442d: session.machine_info.last.cpu.name is Intel(R) Pentium(R) CPU G3250 @ 3.20GHz
Feb  6 11:07:46 f51 notice apmd[7284]: 01490113:5: /Common/TestInternalAP:Common:fdb9442d: session.machine_info.last.cpu.vendor is GenuineIntel
Feb  6 11:07:46 f51 notice apmd[7284]: 01490113:5: /Common/TestInternalAP:Common:fdb9442d: session.machine_info.last.error is 0
Feb  6 11:07:46 f51 notice apmd[7284]: 01490113:5: /Common/TestInternalAP:Common:fdb9442d: session.machine_info.last.hdd.count is 1
Feb  6 11:07:46 f51 notice apmd[7284]: 01490113:5: /Common/TestInternalAP:Common:fdb9442d: session.machine_info.last.hdd.list.[0].model is TOSHIBA DT01ACA050 SCSI Disk Device
Feb  6 11:07:46 f51 notice apmd[7284]: 01490113:5: /Common/TestInternalAP:Common:fdb9442d: session.machine_info.last.hdd.list.[0].sn is Z I435W8SK
Feb  6 11:07:46 f51 notice apmd[7284]: 01490113:5: /Common/TestInternalAP:Common:fdb9442d: session.machine_info.last.motherboard.manufacturer is ASUSTeK COMPUTER INC.
Feb  6 11:07:46 f51 notice apmd[7284]: 01490113:5: /Common/TestInternalAP:Common:fdb9442d: session.machine_info.last.motherboard.product is BM6AD_BM1AD_BP1AD
Feb  6 11:07:46 f51 notice apmd[7284]: 01490113:5: /Common/TestInternalAP:Common:fdb9442d: session.machine_info.last.motherboard.sn is 150647325403870
Feb  6 11:07:46 f51 notice apmd[7284]: 01490113:5: /Common/TestInternalAP:Common:fdb9442d: session.machine_info.last.net_adapter.count is 1
Feb  6 11:07:46 f51 notice apmd[7284]: 01490113:5: /Common/TestInternalAP:Common:fdb9442d: session.machine_info.last.net_adapter.list.[0].mac_address is 14:DD:A9:D4:F7:CD
Feb  6 11:07:46 f51 notice apmd[7284]: 01490113:5: /Common/TestInternalAP:Common:fdb9442d: session.machine_info.last.net_adapter.list.[0].name is Intel(R) Ethernet Connection I217-V
Feb  6 11:07:46 f51 info logger: [acc] 127.1.1.1 - - [06/Feb/2017:11:07:46 +0800] "GET /renderer/agent_logon_page_form.eui?&cgc=18&epsec=<null>&logon=/Common/TestInternalAP_act_logon_page_ag&uilang=zh-tw&uimode=7&ctype=Standalone&cversion=2.0&cjs=1&cactivex=1&cplugin=0&cplatform=Win7&cpu=x86&logout=/Common/TestInternalAP_logout&general_ui=/Common/TestInternalAP_general_ui&eps=/Common/TestInternalAP_eps&installation=/Common/TestInternalAP_frameworkinstallation&errormap=/Common/TestInternalAP_errormap&defaultlang=zh-tw HTTP/1.0" 200 26376 "-" "-"
Feb  6 11:07:47 f51 info logger: [acc] 127.1.1.3 - - [06/Feb/2017:11:07:47 +0800] "GET /public/include/js/session_check.js?cgc=18 HTTP/1.0" 304 - "-" "Mozilla/5.0 (compatible; MSIE 9.0; Windows NT 6.1; Trident/5.0) EdgeClient/7130.2016.0330.0220"
Feb  6 11:07:47 f51 info logger: [acc] 127.1.1.3 - - [06/Feb/2017:11:07:47 +0800] "GET /public/include/js/agent_common.js?cgc=18 HTTP/1.0" 304 - "-" "Mozilla/5.0 (compatible; MSIE 9.0; Windows NT 6.1; Trident/5.0) EdgeClient/7130.2016.0330.0220"
Feb  6 11:07:47 f51 info logger: [acc] 127.1.1.2 - - [06/Feb/2017:11:07:47 +0800] "GET /public/include/js/web_host.js?cgc=18 HTTP/1.0" 304 - "-" "Mozilla/5.0 (compatible; MSIE 9.0; Windows NT 6.1; Trident/5.0) EdgeClient/7130.2016.0330.0220"
Feb  6 11:11:01 f52 notice tmsh[25647]: 01420002:5: AUDIT - pid=25647 user=root folder=/Common module=(tmos)# status=[Command OK] cmd_data=show sys mcp-state field-fmt
Feb  6 11:11:01 f51 notice tmsh[10290]: 01420002:5: AUDIT - pid=10290 user=root folder=/Common module=(tmos)# status=[Command OK] cmd_data=show sys mcp-state field-fmt
Feb  6 11:11:02 f52 notice tmsh[25651]: 01420002:5: AUDIT - pid=25651 user=root folder=/Common module=(tmos)# status=[Command OK] cmd_data=list sys db
Feb  6 11:11:02 f51 notice tmsh[10294]: 01420002:5: AUDIT - pid=10294 user=root folder=/Common module=(tmos)# status=[Command OK] cmd_data=list sys db
Feb  6 11:13:19 f51 notice tmm3[12476]: 01490502:5: /Common/TestInternalAP::fdb9442d: Session deleted due to user inactivity.
Feb  6 11:13:19 f52 notice tmm3[12602]: 01490502:5: /Common/TestInternalAP::fdb9442d: Session deleted due to user inactivity.
Feb  6 11:14:00 f51 notice tmm3[12476]: 01490521:5: /Common/TestInternalAP::fdb9442d: Session statistics - bytes in: 17761, bytes out: 7282
Feb  6 11:20:01 qfile01 qlogd[24599]: event log: Users: System, Source IP: 127.0.0.1, Computer name: localhost, Content: [RTRR Job] (Sync) Job qnap1TOqnap2-4 started.
Feb  6 11:20:02 qfile01 qlogd[24599]: event log: Users: System, Source IP: 127.0.0.1, Computer name: localhost, Content: [RTRR Job] (Sync) Job qnap1TOqnap2-1 started.
Feb  6 11:21:24 qfile02 qlogd[29929]: event log: Users: #012, Source IP: 127.0.0.1, Computer name: localhost, Content: (Job from client: 192.168.20.245)[RTRR Job] (Sync) Job qnap1TOqnap2-4 started.#012 
Feb  6 11:21:25 qfile02 qlogd[29929]: event log: Users: #012, Source IP: 127.0.0.1, Computer name: localhost, Content: (Job from client: 192.168.20.245)[RTRR Job] (Sync) Job qnap1TOqnap2-1 started.#012 
Feb  6 11:20:23 qfile01 qlogd[24599]: event log: Users: System, Source IP: 127.0.0.1, Computer name: localhost, Content:  [Snapshot volume:DataVol1] Created snapshot (Replication-Job9) successfully.
Feb  6 11:20:30 qfile01 qlogd[24599]: event log: Users: System, Source IP: 127.0.0.1, Computer name: localhost, Content: [RTRR Job] (Sync) Job qnap1TOqnap2-4 finished.
Feb  6 11:21:43 qfile02 qlogd[29929]: event log: Users: #012, Source IP: 127.0.0.1, Computer name: localhost, Content: (Job from client: 192.168.20.245)[RTRR Job] (Sync) Job qnap1TOqnap2-4 finished.#012 
Feb  6 11:20:32 qfile01 qlogd[24599]: event log: Users: System, Source IP: 127.0.0.1, Computer name: localhost, Content:  [Snapshot volume:DataVol1] Created snapshot (Replication-Job12) successfully.
Feb  6 11:20:34 qfile01 qlogd[24599]: event log: Users: System, Source IP: 127.0.0.1, Computer name: localhost, Content: [RTRR Job] (Sync) Job qnap1TOqnap2-1 finished.
Feb  6 11:21:47 qfile02 qlogd[29929]: event log: Users: #012, Source IP: 127.0.0.1, Computer name: localhost, Content: (Job from client: 192.168.20.245)[RTRR Job] (Sync) Job qnap1TOqnap2-1 finished.#012 
Feb  6 11:21:01 f52 notice tmsh[26117]: 01420002:5: AUDIT - pid=26117 user=root folder=/Common module=(tmos)# status=[Command OK] cmd_data=show sys mcp-state field-fmt
Feb  6 11:21:01 f51 notice tmsh[10754]: 01420002:5: AUDIT - pid=10754 user=root folder=/Common module=(tmos)# status=[Command OK] cmd_data=show sys mcp-state field-fmt
Feb  6 11:21:01 f52 notice tmsh[26121]: 01420002:5: AUDIT - pid=26121 user=root folder=/Common module=(tmos)# status=[Command OK] cmd_data=list sys db
Feb  6 11:21:01 f51 notice tmsh[10758]: 01420002:5: AUDIT - pid=10758 user=root folder=/Common module=(tmos)# status=[Command OK] cmd_data=list sys db
Feb  6 11:30:01 qfile02 qlogd[29929]: event log: Users: System, Source IP: 127.0.0.1, Computer name: localhost, Content: [RTRR Job] (Sync) Job qnap1->qnap2ForALLBank started.
Feb  6 11:28:49 qfile01 qlogd[24599]: event log: Users: #012, Source IP: 127.0.0.1, Computer name: localhost, Content: (Job from client: 10.51.188.19)[RTRR Job] (Sync) Job qnap1->qnap2ForALLBank started.#012 
Feb  6 11:30:15 qfile02 qlogd[29929]: event log: Users: System, Source IP: 127.0.0.1, Computer name: localhost, Content: [RTRR Job] (Sync) Job qnap1->qnap2ForALLBank finished.
Feb  6 11:29:03 qfile01 qlogd[24599]: event log: Users: #012, Source IP: 127.0.0.1, Computer name: localhost, Content: (Job from client: 10.51.188.19)[RTRR Job] (Sync) Job qnap1->qnap2ForALLBank finished.#012 
Feb  6 11:30:00 qfile01 qlogd[24599]: event log: Users: System, Source IP: 127.0.0.1, Computer name: localhost, Content: [RTRR Job] (Sync) Job qnap1TOqnap2-5 started.
Feb  6 11:31:13 qfile02 qlogd[29929]: event log: Users: #012, Source IP: 127.0.0.1, Computer name: localhost, Content: (Job from client: 192.168.20.245)[RTRR Job] (Sync) Job qnap1TOqnap2-5 started.#012 
Feb  6 11:30:02 qfile01 qlogd[24599]: event log: Users: System, Source IP: 127.0.0.1, Computer name: localhost, Content: [RTRR Job] (Sync) Job qnap1TOqnap2-2 started.
Feb  6 11:31:14 qfile02 qlogd[29929]: event log: Users: #012, Source IP: 127.0.0.1, Computer name: localhost, Content: (Job from client: 192.168.20.245)[RTRR Job] (Sync) Job qnap1TOqnap2-2 started.#012 
Feb  6 11:30:09 qfile01 qlogd[24599]: event log: Users: System, Source IP: 127.0.0.1, Computer name: localhost, Content:  [Snapshot volume:DataVol1] Created snapshot (Replication-Job11) successfully.
Feb  6 11:30:12 qfile01 qlogd[24599]: event log: Users: System, Source IP: 127.0.0.1, Computer name: localhost, Content: [RTRR Job] (Sync) Job qnap1TOqnap2-2 finished.
Feb  6 11:31:25 qfile02 qlogd[29929]: event log: Users: #012, Source IP: 127.0.0.1, Computer name: localhost, Content: (Job from client: 192.168.20.245)[RTRR Job] (Sync) Job qnap1TOqnap2-2 finished.#012 
Feb  6 11:30:13 qfile01 qlogd[24599]: event log: Users: System, Source IP: 127.0.0.1, Computer name: localhost, Content:  [Snapshot volume:DataVol1] Created snapshot (Replication-Job3) successfully.
Feb  6 11:31:02 f52 notice tmsh[26581]: 01420002:5: AUDIT - pid=26581 user=root folder=/Common module=(tmos)# status=[Command OK] cmd_data=show sys mcp-state field-fmt
Feb  6 11:31:02 f51 notice tmsh[11223]: 01420002:5: AUDIT - pid=11223 user=root folder=/Common module=(tmos)# status=[Command OK] cmd_data=show sys mcp-state field-fmt
Feb  6 11:31:02 f52 notice tmsh[26585]: 01420002:5: AUDIT - pid=26585 user=root folder=/Common module=(tmos)# status=[Command OK] cmd_data=list sys db
Feb  6 11:31:02 f51 notice tmsh[11227]: 01420002:5: AUDIT - pid=11227 user=root folder=/Common module=(tmos)# status=[Command OK] cmd_data=list sys db
Feb  6 11:30:42 qfile01 qlogd[24599]: event log: Users: System, Source IP: 127.0.0.1, Computer name: localhost, Content: [RTRR Job] (Sync) Job qnap1TOqnap2-5 finished.
Feb  6 11:31:55 qfile02 qlogd[29929]: event log: Users: #012, Source IP: 127.0.0.1, Computer name: localhost, Content: (Job from client: 192.168.20.245)[RTRR Job] (Sync) Job qnap1TOqnap2-5 finished.#012 
Feb  6 11:40:01 qfile01 qlogd[24599]: event log: Users: System, Source IP: 127.0.0.1, Computer name: localhost, Content: [RTRR Job] (Sync) Job qnap1TOqnap2-6 started.
Feb  6 11:41:14 qfile02 qlogd[29929]: event log: Users: #012, Source IP: 127.0.0.1, Computer name: localhost, Content: (Job from client: 192.168.20.245)[RTRR Job] (Sync) Job qnap1TOqnap2-6 started.#012 
Feb  6 11:40:02 qfile01 qlogd[24599]: event log: Users: System, Source IP: 127.0.0.1, Computer name: localhost, Content: [RTRR Job] (Sync) Job qnap1TOqnap2-3 started.
Feb  6 11:41:15 qfile02 qlogd[29929]: event log: Users: #012, Source IP: 127.0.0.1, Computer name: localhost, Content: (Job from client: 192.168.20.245)[RTRR Job] (Sync) Job qnap1TOqnap2-3 started.#012 
Feb  6 11:40:13 qfile01 qlogd[24599]: event log: Users: System, Source IP: 127.0.0.1, Computer name: localhost, Content:  [Snapshot volume:DataVol1] Created snapshot (Replication-Job0) successfully.
Feb  6 11:40:23 qfile01 qlogd[24599]: event log: Users: System, Source IP: 127.0.0.1, Computer name: localhost, Content:  [Snapshot volume:DataVol1] Created snapshot (Replication-Job10) successfully.
Feb  6 11:40:24 qfile01 qlogd[24599]: event log: Users: System, Source IP: 127.0.0.1, Computer name: localhost, Content: [RTRR Job] (Sync) Job qnap1TOqnap2-3 finished.
Feb  6 11:41:37 qfile02 qlogd[29929]: event log: Users: #012, Source IP: 127.0.0.1, Computer name: localhost, Content: (Job from client: 192.168.20.245)[RTRR Job] (Sync) Job qnap1TOqnap2-3 finished.#012 
Feb  6 11:41:01 f52 notice tmsh[27045]: 01420002:5: AUDIT - pid=27045 user=root folder=/Common module=(tmos)# status=[Command OK] cmd_data=show sys mcp-state field-fmt
Feb  6 11:41:01 f51 notice tmsh[11710]: 01420002:5: AUDIT - pid=11710 user=root folder=/Common module=(tmos)# status=[Command OK] cmd_data=show sys mcp-state field-fmt
Feb  6 11:41:01 f52 notice tmsh[27049]: 01420002:5: AUDIT - pid=27049 user=root folder=/Common module=(tmos)# status=[Command OK] cmd_data=list sys db
Feb  6 11:41:01 f51 notice tmsh[11714]: 01420002:5: AUDIT - pid=11714 user=root folder=/Common module=(tmos)# status=[Command OK] cmd_data=list sys db
Feb  6 11:40:42 qfile01 qlogd[24599]: event log: Users: System, Source IP: 127.0.0.1, Computer name: localhost, Content: [RTRR Job] (Sync) Job qnap1TOqnap2-6 finished.
Feb  6 11:41:55 qfile02 qlogd[29929]: event log: Users: #012, Source IP: 127.0.0.1, Computer name: localhost, Content: (Job from client: 192.168.20.245)[RTRR Job] (Sync) Job qnap1TOqnap2-6 finished.#012 
Feb  6 11:51:01 f52 notice tmsh[27509]: 01420002:5: AUDIT - pid=27509 user=root folder=/Common module=(tmos)# status=[Command OK] cmd_data=show sys mcp-state field-fmt
Feb  6 11:51:01 f51 notice tmsh[12188]: 01420002:5: AUDIT - pid=12188 user=root folder=/Common module=(tmos)# status=[Command OK] cmd_data=show sys mcp-state field-fmt
Feb  6 11:51:01 f52 notice tmsh[27513]: 01420002:5: AUDIT - pid=27513 user=root folder=/Common module=(tmos)# status=[Command OK] cmd_data=list sys db
Feb  6 11:51:01 f51 notice tmsh[12194]: 01420002:5: AUDIT - pid=12194 user=root folder=/Common module=(tmos)# status=[Command OK] cmd_data=list sys db
Feb  6 12:00:01 qfile01 qlogd[24599]: event log: Users: System, Source IP: 127.0.0.1, Computer name: localhost, Content: [RTRR Job] (Sync) Job FTPServerToQnap1 started.
Feb  6 12:01:01 f52 notice tmsh[28009]: 01420002:5: AUDIT - pid=28009 user=root folder=/Common module=(tmos)# status=[Command OK] cmd_data=show sys mcp-state field-fmt
Feb  6 12:01:02 f51 notice tmsh[12722]: 01420002:5: AUDIT - pid=12722 user=root folder=/Common module=(tmos)# status=[Command OK] cmd_data=show sys mcp-state field-fmt
Feb  6 12:01:02 f52 notice tmsh[28013]: 01420002:5: AUDIT - pid=28013 user=root folder=/Common module=(tmos)# status=[Command OK] cmd_data=list sys db
Feb  6 12:01:02 f51 notice tmsh[12726]: 01420002:5: AUDIT - pid=12726 user=root folder=/Common module=(tmos)# status=[Command OK] cmd_data=list sys db
Feb  6 12:02:44 qfile01 qlogd[24599]: event log: Users: System, Source IP: 127.0.0.1, Computer name: localhost, Content: [RTRR Job] (Sync) Job FTPServerToQnap1 finished.
Feb  6 12:11:01 f51 notice tmsh[13449]: 01420002:5: AUDIT - pid=13449 user=root folder=/Common module=(tmos)# status=[Command OK] cmd_data=show sys mcp-state field-fmt
Feb  6 12:11:01 f51 notice tmsh[13453]: 01420002:5: AUDIT - pid=13453 user=root folder=/Common module=(tmos)# status=[Command OK] cmd_data=list sys db
Feb  6 12:11:01 f52 notice tmsh[28701]: 01420002:5: AUDIT - pid=28701 user=root folder=/Common module=(tmos)# status=[Command OK] cmd_data=show sys mcp-state field-fmt
Feb  6 12:11:02 f52 notice tmsh[28705]: 01420002:5: AUDIT - pid=28705 user=root folder=/Common module=(tmos)# status=[Command OK] cmd_data=list sys db
Feb  6 12:20:02 qfile01 qlogd[24599]: event log: Users: System, Source IP: 127.0.0.1, Computer name: localhost, Content: [RTRR Job] (Sync) Job qnap1TOqnap2-4 started.
Feb  6 12:20:03 qfile01 qlogd[24599]: event log: Users: System, Source IP: 127.0.0.1, Computer name: localhost, Content: [RTRR Job] (Sync) Job qnap1TOqnap2-1 started.
Feb  6 12:21:24 qfile02 qlogd[29929]: event log: Users: #012, Source IP: 127.0.0.1, Computer name: localhost, Content: (Job from client: 192.168.20.245)[RTRR Job] (Sync) Job qnap1TOqnap2-4 started.#012 
Feb  6 12:21:25 qfile02 qlogd[29929]: event log: Users: #012, Source IP: 127.0.0.1, Computer name: localhost, Content: (Job from client: 192.168.20.245)[RTRR Job] (Sync) Job qnap1TOqnap2-1 started.#012 
Feb  6 12:20:21 qfile01 qlogd[24599]: event log: Users: System, Source IP: 127.0.0.1, Computer name: localhost, Content:  [Snapshot volume:DataVol1] Created snapshot (Replication-Job9) successfully.
Feb  6 12:20:28 qfile01 qlogd[24599]: event log: Users: System, Source IP: 127.0.0.1, Computer name: localhost, Content: [RTRR Job] (Sync) Job qnap1TOqnap2-4 finished.
Feb  6 12:21:41 qfile02 qlogd[29929]: event log: Users: #012, Source IP: 127.0.0.1, Computer name: localhost, Content: (Job from client: 192.168.20.245)[RTRR Job] (Sync) Job qnap1TOqnap2-4 finished.#012 
Feb  6 12:20:31 qfile01 qlogd[24599]: event log: Users: System, Source IP: 127.0.0.1, Computer name: localhost, Content:  [Snapshot volume:DataVol1] Created snapshot (Replication-Job12) successfully.
Feb  6 12:20:33 qfile01 qlogd[24599]: event log: Users: System, Source IP: 127.0.0.1, Computer name: localhost, Content: [RTRR Job] (Sync) Job qnap1TOqnap2-1 finished.
Feb  6 12:21:46 qfile02 qlogd[29929]: event log: Users: #012, Source IP: 127.0.0.1, Computer name: localhost, Content: (Job from client: 192.168.20.245)[RTRR Job] (Sync) Job qnap1TOqnap2-1 finished.#012 
Feb  6 12:21:01 f51 notice tmsh[14230]: 01420002:5: AUDIT - pid=14230 user=root folder=/Common module=(tmos)# status=[Command OK] cmd_data=show sys mcp-state field-fmt
Feb  6 12:21:01 f51 notice tmsh[14234]: 01420002:5: AUDIT - pid=14234 user=root folder=/Common module=(tmos)# status=[Command OK] cmd_data=list sys db
Feb  6 12:21:01 f52 notice tmsh[29171]: 01420002:5: AUDIT - pid=29171 user=root folder=/Common module=(tmos)# status=[Command OK] cmd_data=show sys mcp-state field-fmt
Feb  6 12:21:01 f52 notice tmsh[29175]: 01420002:5: AUDIT - pid=29175 user=root folder=/Common module=(tmos)# status=[Command OK] cmd_data=list sys db
Feb  6 12:26:17 qfile01 qlogd[24599]: event log: Users: SUNNY\91228, Source IP: 10.8.41.70, Computer name: ---, Content: [File Station] Download share file /電子金融部/提供對外下載資料夾/跨境支付營業計劃書確認會議(會議議事錄、會議簽到表、調整後之營業計劃書及其相關文件).zip. From IP : 10.8.41.70(FID:0iKfTt5)
Feb  6 12:30:00 qfile02 qlogd[29929]: event log: Users: System, Source IP: 127.0.0.1, Computer name: localhost, Content: [RTRR Job] (Sync) Job qnap1->qnap2ForALLBank started.
Feb  6 12:28:49 qfile01 qlogd[24599]: event log: Users: #012, Source IP: 127.0.0.1, Computer name: localhost, Content: (Job from client: 10.51.188.19)[RTRR Job] (Sync) Job qnap1->qnap2ForALLBank started.#012 
Feb  6 12:30:14 qfile02 qlogd[29929]: event log: Users: System, Source IP: 127.0.0.1, Computer name: localhost, Content: [RTRR Job] (Sync) Job qnap1->qnap2ForALLBank finished.
Feb  6 12:29:02 qfile01 qlogd[24599]: event log: Users: #012, Source IP: 127.0.0.1, Computer name: localhost, Content: (Job from client: 10.51.188.19)[RTRR Job] (Sync) Job qnap1->qnap2ForALLBank finished.#012 
Feb  6 12:30:01 qfile01 qlogd[24599]: event log: Users: System, Source IP: 127.0.0.1, Computer name: localhost, Content: [RTRR Job] (Sync) Job qnap1TOqnap2-5 started.
Feb  6 12:31:14 qfile02 qlogd[29929]: event log: Users: #012, Source IP: 127.0.0.1, Computer name: localhost, Content: (Job from client: 192.168.20.245)[RTRR Job] (Sync) Job qnap1TOqnap2-5 started.#012 
Feb  6 12:30:03 qfile01 qlogd[24599]: event log: Users: System, Source IP: 127.0.0.1, Computer name: localhost, Content: [RTRR Job] (Sync) Job qnap1TOqnap2-2 started.
