Mar  5 20:00:41 f51 info logger: [acc] 127.1.1.1 - - [05/Mar/2017:20:00:41 +0800] "GET /public/images/my/disconnect.png?cgc=18 HTTP/1.0" 304 - "-" "Mozilla/4.0 (compatible; MSIE 7.0; Windows NT 5.1; Trident/4.0; .NET CLR 1.1.4322; .NET CLR 2.0.50727; .NET CLR 3.0.4506.2152; .NET CLR 3.5.30729; .NET4.0C; .NET4.0E)"
Mar  5 20:00:41 f51 info logger: [acc] 127.1.1.4 - - [05/Mar/2017:20:00:41 +0800] "GET /public/images/full_wt/help.png?cgc=18 HTTP/1.0" 304 - "-" "Mozilla/4.0 (compatible; MSIE 7.0; Windows NT 5.1; Trident/4.0; .NET CLR 1.1.4322; .NET CLR 2.0.50727; .NET CLR 3.0.4506.2152; .NET CLR 3.5.30729; .NET4.0C; .NET4.0E)"
Mar  5 20:00:41 f51 info logger: [acc] 127.1.1.2 - - [05/Mar/2017:20:00:41 +0800] "GET /public/images/full_wt/toolbar-background.png?cgc=18 HTTP/1.0" 304 - "-" "Mozilla/4.0 (compatible; MSIE 7.0; Windows NT 5.1; Trident/4.0; .NET CLR 1.1.4322; .NET CLR 2.0.50727; .NET CLR 3.0.4506.2152; .NET CLR 3.5.30729; .NET4.0C; .NET4.0E)"
Mar  5 20:00:42 f51 info logger: [acc] 127.1.1.4 - - [05/Mar/2017:20:00:42 +0800] "GET /renderer/webtop_na_only_inner.eui?cgc=18&errorcode=0&logon=/Common/TestInternalAP2_act_logon_page_ag&webtop_cust_grp=/Common/WEBTOP_NA_customization&webtop_id=/Common/WEBTOP_NA&uilang=zh-tw&uimode=0&ctype=IE&cversion=7&cjs=1&cactivex=1&cplugin=0&cplatform=WinXP&cpu=unknown&logout=/Common/TestInternalAP2_logout&general_ui=/Common/TestInternalAP2_general_ui&eps=/Common/TestInternalAP2_eps&installation=/Common/TestInternalAP2_frameworkinstallation&errormap=/Common/TestInternalAP2_errormap&defaultlang=zh-tw HTTP/1.0" 200 66837 "-" "Mozilla/4.0 (compatible; MSIE 7.0; Windows NT 5.1; Trident/4.0; .NET CLR 1.1.4322; .NET CLR 2.0.50727; .NET CLR 3.0.4506.2152; .NET CLR 3.5.30729; .NET4.0C; .NET4.0E)"
Mar  5 20:00:48 f51 notice tmm2[12763]: 01490549:5: /Common/TestInternalAP2:Common:ec47e2a3: Assigned PPP Static IPv4: 10.51.168.6 Tunnel Type: VPN_TUNNELTYPE_TLS NA Resource: /Common/TestInternalAP Client IP: 10.7.5.6 
Mar  5 20:00:48 f51 notice tmm2[12763]: 01490505:5: /Common/TestInternalAP2:Common:ec47e2a3: PPP tunnel 0x570218ccdb00 started.
Mar  5 20:01:01 f51 notice tmsh[932]: 01420002:5: AUDIT - pid=932 user=root folder=/Common module=(tmos)# status=[Command OK] cmd_data=show sys mcp-state field-fmt
Mar  5 20:01:01 f52 notice tmsh[3559]: 01420002:5: AUDIT - pid=3559 user=root folder=/Common module=(tmos)# status=[Command OK] cmd_data=show sys mcp-state field-fmt
Mar  5 20:01:01 f51 notice tmsh[936]: 01420002:5: AUDIT - pid=936 user=root folder=/Common module=(tmos)# status=[Command OK] cmd_data=list sys db
Mar  5 20:01:01 f52 notice tmsh[3563]: 01420002:5: AUDIT - pid=3563 user=root folder=/Common module=(tmos)# status=[Command OK] cmd_data=list sys db
Mar  5 20:02:35 qfile01 qlogd[24599]: event log: Users: System, Source IP: 127.0.0.1, Computer name: localhost, Content: [RTRR Job] (Sync) Job FTPServerToQnap1 finished.
Mar  5 20:11:01 f52 notice tmsh[4271]: 01420002:5: AUDIT - pid=4271 user=root folder=/Common module=(tmos)# status=[Command OK] cmd_data=show sys mcp-state field-fmt
Mar  5 20:11:01 f51 notice tmsh[1626]: 01420002:5: AUDIT - pid=1626 user=root folder=/Common module=(tmos)# status=[Command OK] cmd_data=show sys mcp-state field-fmt
Mar  5 20:11:02 f52 notice tmsh[4275]: 01420002:5: AUDIT - pid=4275 user=root folder=/Common module=(tmos)# status=[Command OK] cmd_data=list sys db
Mar  5 20:11:02 f51 notice tmsh[1630]: 01420002:5: AUDIT - pid=1630 user=root folder=/Common module=(tmos)# status=[Command OK] cmd_data=list sys db
Mar  5 20:20:01 qfile01 qlogd[24599]: event log: Users: System, Source IP: 127.0.0.1, Computer name: localhost, Content: [RTRR Job] (Sync) Job qnap1TOqnap2-4 started.
Mar  5 20:21:14 qfile02 qlogd[29929]: event log: Users: #012, Source IP: 127.0.0.1, Computer name: localhost, Content: (Job from client: 192.168.20.245)[RTRR Job] (Sync) Job qnap1TOqnap2-4 started.#012 
Mar  5 20:20:02 qfile01 qlogd[24599]: event log: Users: System, Source IP: 127.0.0.1, Computer name: localhost, Content: [RTRR Job] (Sync) Job qnap1TOqnap2-1 started.
Mar  5 20:21:16 qfile02 qlogd[29929]: event log: Users: #012, Source IP: 127.0.0.1, Computer name: localhost, Content: (Job from client: 192.168.20.245)[RTRR Job] (Sync) Job qnap1TOqnap2-1 started.#012 
Mar  5 20:20:12 qfile01 qlogd[24599]: event log: Users: System, Source IP: 127.0.0.1, Computer name: localhost, Content:  [Snapshot volume:DataVol1] Created snapshot (Replication-Job9) successfully.
Mar  5 20:20:14 qfile01 qlogd[24599]: event log: Users: System, Source IP: 127.0.0.1, Computer name: localhost, Content: [RTRR Job] (Sync) Job qnap1TOqnap2-4 finished.
Mar  5 20:21:27 qfile02 qlogd[29929]: event log: Users: #012, Source IP: 127.0.0.1, Computer name: localhost, Content: (Job from client: 192.168.20.245)[RTRR Job] (Sync) Job qnap1TOqnap2-4 finished.#012 
Mar  5 20:20:21 qfile01 qlogd[24599]: event log: Users: System, Source IP: 127.0.0.1, Computer name: localhost, Content:  [Snapshot volume:DataVol1] Created snapshot (Replication-Job12) successfully.
Mar  5 20:20:23 qfile01 qlogd[24599]: event log: Users: System, Source IP: 127.0.0.1, Computer name: localhost, Content: [RTRR Job] (Sync) Job qnap1TOqnap2-1 finished.
Mar  5 20:21:37 qfile02 qlogd[29929]: event log: Users: #012, Source IP: 127.0.0.1, Computer name: localhost, Content: (Job from client: 192.168.20.245)[RTRR Job] (Sync) Job qnap1TOqnap2-1 finished.#012 
Mar  5 20:21:01 f52 notice tmsh[4766]: 01420002:5: AUDIT - pid=4766 user=root folder=/Common module=(tmos)# status=[Command OK] cmd_data=show sys mcp-state field-fmt
Mar  5 20:21:01 f51 notice tmsh[2123]: 01420002:5: AUDIT - pid=2123 user=root folder=/Common module=(tmos)# status=[Command OK] cmd_data=show sys mcp-state field-fmt
Mar  5 20:21:01 f52 notice tmsh[4770]: 01420002:5: AUDIT - pid=4770 user=root folder=/Common module=(tmos)# status=[Command OK] cmd_data=list sys db
Mar  5 20:21:01 f51 notice tmsh[2129]: 01420002:5: AUDIT - pid=2129 user=root folder=/Common module=(tmos)# status=[Command OK] cmd_data=list sys db
Mar  5 20:22:30 f51 warning tmm2[12763]: 01260009:4: Connection error: ssl_hs_rxhello:7284: unsupported version (40)
Mar  5 20:24:09 f51 warning tmm3[12763]: 01260009:4: Connection error: ssl_select_suite:6788: no shared ciphers (40)
Mar  5 20:24:09 f51 warning tmm3[12763]: 01260026:4: No shared ciphers between SSL peers 74.82.47.3.23002:10.51.187.10.443.
Mar  5 20:30:01 qfile02 qlogd[29929]: event log: Users: System, Source IP: 127.0.0.1, Computer name: localhost, Content: [RTRR Job] (Sync) Job qnap1->qnap2ForALLBank started.
Mar  5 20:28:48 qfile01 qlogd[24599]: event log: Users: #012, Source IP: 127.0.0.1, Computer name: localhost, Content: (Job from client: 10.51.188.19)[RTRR Job] (Sync) Job qnap1->qnap2ForALLBank started.#012 
Mar  5 20:30:14 qfile02 qlogd[29929]: event log: Users: System, Source IP: 127.0.0.1, Computer name: localhost, Content: [RTRR Job] (Sync) Job qnap1->qnap2ForALLBank finished.
Mar  5 20:29:02 qfile01 qlogd[24599]: event log: Users: #012, Source IP: 127.0.0.1, Computer name: localhost, Content: (Job from client: 10.51.188.19)[RTRR Job] (Sync) Job qnap1->qnap2ForALLBank finished.#012 
Mar  5 20:30:01 qfile01 qlogd[24599]: event log: Users: System, Source IP: 127.0.0.1, Computer name: localhost, Content: [RTRR Job] (Sync) Job qnap1TOqnap2-5 started.
Mar  5 20:31:15 qfile02 qlogd[29929]: event log: Users: #012, Source IP: 127.0.0.1, Computer name: localhost, Content: (Job from client: 192.168.20.245)[RTRR Job] (Sync) Job qnap1TOqnap2-5 started.#012 
Mar  5 20:30:03 qfile01 qlogd[24599]: event log: Users: System, Source IP: 127.0.0.1, Computer name: localhost, Content: [RTRR Job] (Sync) Job qnap1TOqnap2-2 started.
Mar  5 20:31:16 qfile02 qlogd[29929]: event log: Users: #012, Source IP: 127.0.0.1, Computer name: localhost, Content: (Job from client: 192.168.20.245)[RTRR Job] (Sync) Job qnap1TOqnap2-2 started.#012 
Mar  5 20:30:13 qfile01 qlogd[24599]: event log: Users: System, Source IP: 127.0.0.1, Computer name: localhost, Content:  [Snapshot volume:DataVol1] Created snapshot (Replication-Job3) successfully.
Mar  5 20:30:20 qfile01 qlogd[24599]: event log: Users: System, Source IP: 127.0.0.1, Computer name: localhost, Content:  [Snapshot volume:DataVol1] Created snapshot (Replication-Job11) successfully.
Mar  5 20:30:22 qfile01 qlogd[24599]: event log: Users: System, Source IP: 127.0.0.1, Computer name: localhost, Content: [RTRR Job] (Sync) Job qnap1TOqnap2-2 finished.
Mar  5 20:31:36 qfile02 qlogd[29929]: event log: Users: #012, Source IP: 127.0.0.1, Computer name: localhost, Content: (Job from client: 192.168.20.245)[RTRR Job] (Sync) Job qnap1TOqnap2-2 finished.#012 
Mar  5 20:31:02 f52 notice tmsh[5260]: 01420002:5: AUDIT - pid=5260 user=root folder=/Common module=(tmos)# status=[Command OK] cmd_data=show sys mcp-state field-fmt
Mar  5 20:31:02 f51 notice tmsh[2596]: 01420002:5: AUDIT - pid=2596 user=root folder=/Common module=(tmos)# status=[Command OK] cmd_data=show sys mcp-state field-fmt
Mar  5 20:31:02 f52 notice tmsh[5264]: 01420002:5: AUDIT - pid=5264 user=root folder=/Common module=(tmos)# status=[Command OK] cmd_data=list sys db
Mar  5 20:31:02 f51 notice tmsh[2600]: 01420002:5: AUDIT - pid=2600 user=root folder=/Common module=(tmos)# status=[Command OK] cmd_data=list sys db
Mar  5 20:30:49 qfile01 qlogd[24599]: event log: Users: System, Source IP: 127.0.0.1, Computer name: localhost, Content: [RTRR Job] (Sync) Job qnap1TOqnap2-5 finished.
Mar  5 20:32:03 qfile02 qlogd[29929]: event log: Users: #012, Source IP: 127.0.0.1, Computer name: localhost, Content: (Job from client: 192.168.20.245)[RTRR Job] (Sync) Job qnap1TOqnap2-5 finished.#012 
Mar  5 20:40:01 qfile01 qlogd[24599]: event log: Users: System, Source IP: 127.0.0.1, Computer name: localhost, Content: [RTRR Job] (Sync) Job qnap1TOqnap2-6 started.
Mar  5 20:41:14 qfile02 qlogd[29929]: event log: Users: #012, Source IP: 127.0.0.1, Computer name: localhost, Content: (Job from client: 192.168.20.245)[RTRR Job] (Sync) Job qnap1TOqnap2-6 started.#012 
Mar  5 20:40:02 qfile01 qlogd[24599]: event log: Users: System, Source IP: 127.0.0.1, Computer name: localhost, Content: [RTRR Job] (Sync) Job qnap1TOqnap2-3 started.
Mar  5 20:41:15 qfile02 qlogd[29929]: event log: Users: #012, Source IP: 127.0.0.1, Computer name: localhost, Content: (Job from client: 192.168.20.245)[RTRR Job] (Sync) Job qnap1TOqnap2-3 started.#012 
Mar  5 20:40:13 qfile01 qlogd[24599]: event log: Users: System, Source IP: 127.0.0.1, Computer name: localhost, Content:  [Snapshot volume:DataVol1] Created snapshot (Replication-Job0) successfully.
Mar  5 20:40:21 qfile01 qlogd[24599]: event log: Users: System, Source IP: 127.0.0.1, Computer name: localhost, Content:  [Snapshot volume:DataVol1] Created snapshot (Replication-Job10) successfully.
Mar  5 20:40:22 qfile01 qlogd[24599]: event log: Users: System, Source IP: 127.0.0.1, Computer name: localhost, Content: [RTRR Job] (Sync) Job qnap1TOqnap2-3 finished.
Mar  5 20:41:35 qfile02 qlogd[29929]: event log: Users: #012, Source IP: 127.0.0.1, Computer name: localhost, Content: (Job from client: 192.168.20.245)[RTRR Job] (Sync) Job qnap1TOqnap2-3 finished.#012 
Mar  5 20:41:01 f52 notice tmsh[5753]: 01420002:5: AUDIT - pid=5753 user=root folder=/Common module=(tmos)# status=[Command OK] cmd_data=show sys mcp-state field-fmt
Mar  5 20:41:01 f51 notice tmsh[3064]: 01420002:5: AUDIT - pid=3064 user=root folder=/Common module=(tmos)# status=[Command OK] cmd_data=show sys mcp-state field-fmt
Mar  5 20:41:01 f52 notice tmsh[5757]: 01420002:5: AUDIT - pid=5757 user=root folder=/Common module=(tmos)# status=[Command OK] cmd_data=list sys db
Mar  5 20:41:02 f51 notice tmsh[3070]: 01420002:5: AUDIT - pid=3070 user=root folder=/Common module=(tmos)# status=[Command OK] cmd_data=list sys db
Mar  5 20:40:36 qfile01 qlogd[24599]: event log: Users: System, Source IP: 127.0.0.1, Computer name: localhost, Content: [RTRR Job] (Sync) Job qnap1TOqnap2-6 finished.
Mar  5 20:41:49 qfile02 qlogd[29929]: event log: Users: #012, Source IP: 127.0.0.1, Computer name: localhost, Content: (Job from client: 192.168.20.245)[RTRR Job] (Sync) Job qnap1TOqnap2-6 finished.#012 
Mar  5 20:51:01 f52 notice tmsh[6258]: 01420002:5: AUDIT - pid=6258 user=root folder=/Common module=(tmos)# status=[Command OK] cmd_data=show sys mcp-state field-fmt
Mar  5 20:51:01 f51 notice tmsh[3541]: 01420002:5: AUDIT - pid=3541 user=root folder=/Common module=(tmos)# status=[Command OK] cmd_data=show sys mcp-state field-fmt
Mar  5 20:51:01 f52 notice tmsh[6262]: 01420002:5: AUDIT - pid=6262 user=root folder=/Common module=(tmos)# status=[Command OK] cmd_data=list sys db
Mar  5 20:51:01 f51 notice tmsh[3545]: 01420002:5: AUDIT - pid=3545 user=root folder=/Common module=(tmos)# status=[Command OK] cmd_data=list sys db
Mar  5 20:58:17 f51 warning tmm2[12763]: 01260009:4: Connection error: ssl_cn_decrypt_fin_cb:2025: fin decryption failed (20)
Mar  5 21:00:19 f51 warning tmm3[12763]: 01260009:4: Connection error: ssl_cn_decrypt_fin_cb:2025: fin decryption failed (20)
Mar  5 21:00:01 qfile01 qlogd[24599]: event log: Users: System, Source IP: 127.0.0.1, Computer name: localhost, Content: [RTRR Job] (Sync) Job FTPServerToQnap1 started.
Mar  5 21:01:01 f52 notice tmsh[6781]: 01420002:5: AUDIT - pid=6781 user=root folder=/Common module=(tmos)# status=[Command OK] cmd_data=show sys mcp-state field-fmt
Mar  5 21:01:02 f52 notice tmsh[6785]: 01420002:5: AUDIT - pid=6785 user=root folder=/Common module=(tmos)# status=[Command OK] cmd_data=list sys db
Mar  5 21:01:02 f51 notice tmsh[4042]: 01420002:5: AUDIT - pid=4042 user=root folder=/Common module=(tmos)# status=[Command OK] cmd_data=show sys mcp-state field-fmt
Mar  5 21:01:02 f51 notice tmsh[4046]: 01420002:5: AUDIT - pid=4046 user=root folder=/Common module=(tmos)# status=[Command OK] cmd_data=list sys db
Mar  5 21:01:25 f51 warning tmm2[12763]: 01260009:4: Connection error: ssl_cn_decrypt_fin_cb:2025: fin decryption failed (20)
Mar  5 21:02:36 qfile01 qlogd[24599]: event log: Users: System, Source IP: 127.0.0.1, Computer name: localhost, Content: [RTRR Job] (Sync) Job FTPServerToQnap1 finished.
Mar  5 21:11:01 f51 notice tmsh[4752]: 01420002:5: AUDIT - pid=4752 user=root folder=/Common module=(tmos)# status=[Command OK] cmd_data=show sys mcp-state field-fmt
Mar  5 21:11:01 f51 notice tmsh[4756]: 01420002:5: AUDIT - pid=4756 user=root folder=/Common module=(tmos)# status=[Command OK] cmd_data=list sys db
Mar  5 21:11:02 f52 notice tmsh[7520]: 01420002:5: AUDIT - pid=7520 user=root folder=/Common module=(tmos)# status=[Command OK] cmd_data=show sys mcp-state field-fmt
Mar  5 21:11:02 f52 notice tmsh[7524]: 01420002:5: AUDIT - pid=7524 user=root folder=/Common module=(tmos)# status=[Command OK] cmd_data=list sys db
Mar  5 21:20:01 qfile01 qlogd[24599]: event log: Users: System, Source IP: 127.0.0.1, Computer name: localhost, Content: [RTRR Job] (Sync) Job qnap1TOqnap2-4 started.
Mar  5 21:20:02 qfile01 qlogd[24599]: event log: Users: System, Source IP: 127.0.0.1, Computer name: localhost, Content: [RTRR Job] (Sync) Job qnap1TOqnap2-1 started.
Mar  5 21:21:24 qfile02 qlogd[29929]: event log: Users: #012, Source IP: 127.0.0.1, Computer name: localhost, Content: (Job from client: 192.168.20.245)[RTRR Job] (Sync) Job qnap1TOqnap2-4 started.#012 
Mar  5 21:21:25 qfile02 qlogd[29929]: event log: Users: #012, Source IP: 127.0.0.1, Computer name: localhost, Content: (Job from client: 192.168.20.245)[RTRR Job] (Sync) Job qnap1TOqnap2-1 started.#012 
Mar  5 21:20:22 qfile01 qlogd[24599]: event log: Users: System, Source IP: 127.0.0.1, Computer name: localhost, Content:  [Snapshot volume:DataVol1] Created snapshot (Replication-Job9) successfully.
Mar  5 21:20:28 qfile01 qlogd[24599]: event log: Users: System, Source IP: 127.0.0.1, Computer name: localhost, Content: [RTRR Job] (Sync) Job qnap1TOqnap2-4 finished.
Mar  5 21:21:42 qfile02 qlogd[29929]: event log: Users: #012, Source IP: 127.0.0.1, Computer name: localhost, Content: (Job from client: 192.168.20.245)[RTRR Job] (Sync) Job qnap1TOqnap2-4 finished.#012 
Mar  5 21:20:31 qfile01 qlogd[24599]: event log: Users: System, Source IP: 127.0.0.1, Computer name: localhost, Content:  [Snapshot volume:DataVol1] Created snapshot (Replication-Job12) successfully.
Mar  5 21:20:33 qfile01 qlogd[24599]: event log: Users: System, Source IP: 127.0.0.1, Computer name: localhost, Content: [RTRR Job] (Sync) Job qnap1TOqnap2-1 finished.
Mar  5 21:21:46 qfile02 qlogd[29929]: event log: Users: #012, Source IP: 127.0.0.1, Computer name: localhost, Content: (Job from client: 192.168.20.245)[RTRR Job] (Sync) Job qnap1TOqnap2-1 finished.#012 
Mar  5 21:21:01 f51 notice tmsh[5245]: 01420002:5: AUDIT - pid=5245 user=root folder=/Common module=(tmos)# status=[Command OK] cmd_data=show sys mcp-state field-fmt
Mar  5 21:21:01 f51 notice tmsh[5249]: 01420002:5: AUDIT - pid=5249 user=root folder=/Common module=(tmos)# status=[Command OK] cmd_data=list sys db
Mar  5 21:21:01 f52 notice tmsh[8037]: 01420002:5: AUDIT - pid=8037 user=root folder=/Common module=(tmos)# status=[Command OK] cmd_data=show sys mcp-state field-fmt
Mar  5 21:21:01 f52 notice tmsh[8041]: 01420002:5: AUDIT - pid=8041 user=root folder=/Common module=(tmos)# status=[Command OK] cmd_data=list sys db
Mar  5 21:24:27 f51 notice tmm2[12763]: 01490506:5: /Common/TestInternalAP2:Common:88829fd3: Received User-Agent header: Mozilla%2f5.0%20(compatible%3b%20MSIE%2010.0%3b%20Windows%20NT%206.1%3b%20Trident%2f6.0%3b%20NP08%3b%20MAAU)%20EdgeClient%2f7130.2016.0330.0220.
Mar  5 21:24:27 f51 notice tmm2[12763]: 01490500:5: /Common/TestInternalAP2:Common:88829fd3: New session from client IP 10.7.5.43 (ST=/CC=/C=) at VIP 10.80.1.4 Listener /Common/InternalToCoreVip (Reputation=Unknown)
Mar  5 21:24:27 f51 notice apmd[7533]: 01490261:5: /Common/TestInternalAP2:Common:88829fd3: Updating client info - Hostname: PC883-043-W7P Type: Standalone Version: 2.0 Platform: Win7 CPU: x86 UI Mode: Standalone Javascript Support: 1 ActiveX Support: 1 Plugin Support: 0
Mar  5 21:24:27 f51 info logger: [acc] 127.1.1.4 - - [05/Mar/2017:21:24:27 +0800] "GET /renderer/apd_inspection_host_enter_page.eui?cgc=18&epsec=1.0.0-427.0&uilang=zh-tw&uimode=7&ctype=Standalone&cversion=2.0&cjs=1&cactivex=1&cplugin=0&cplatform=Win7&cpu=x86&logout=/Common/TestInternalAP2_logout&general_ui=/Common/TestInternalAP2_general_ui&eps=/Common/TestInternalAP2_eps&installation=/Common/TestInternalAP2_frameworkinstallation&errormap=/Common/TestInternalAP2_errormap&defaultlang=zh-tw HTTP/1.0" 200 26918 "-" "-"
Mar  5 21:24:28 f51 info logger: [acc] 127.1.1.2 - - [05/Mar/2017:21:24:28 +0800] "GET /renderer/apm_css.php3?cgc=18&uilang=zh-tw&uimode=7&ctype=Standalone&cversion=2.0&cjs=1&cactivex=1&cplugin=0&cplatform=Win7&cpu=x86&logout=/Common/TestInternalAP2_logout&general_ui=/Common/TestInternalAP2_general_ui&eps=/Common/TestInternalAP2_eps&installation=/Common/TestInternalAP2_frameworkinstallation&errormap=/Common/TestInternalAP2_errormap&defaultlang=zh-tw HTTP/1.0" 200 23585 "-" "Mozilla/5.0 (compatible; MSIE 10.0; Windows NT 6.1; Trident/6.0; NP08; MAAU) EdgeClient/7130.2016.0330.0220"
Mar  5 21:24:28 f51 info logger: [acc] 127.1.1.3 - - [05/Mar/2017:21:24:28 +0800] "GET /public/images/my/flogo_mobile.png?cgc=18 HTTP/1.0" 304 - "-" "Mozilla/5.0 (compatible; MSIE 10.0; Windows NT 6.1; Trident/6.0; NP08; MAAU) EdgeClient/7130.2016.0330.0220"
Mar  5 21:24:29 f51 info logger: [acc] 127.1.1.4 - - [05/Mar/2017:21:24:29 +0800] "GET /renderer/agent_endpoint_windows_machine_info_form.eui?cgc=18&epsec=1.0.0-427.0&uilang=zh-tw&uimode=7&ctype=Standalone&cversion=2.0&cjs=1&cactivex=1&cplugin=0&cplatform=Win7&cpu=x86&logout=/Common/TestInternalAP2_logout&general_ui=/Common/TestInternalAP2_general_ui&eps=/Common/TestInternalAP2_eps&installation=/Common/TestInternalAP2_frameworkinstallation&errormap=/Common/TestInternalAP2_errormap&defaultlang=zh-tw HTTP/1.0" 200 10908 "-" "-"
Mar  5 21:24:31 f51 info logger: [acc] 127.1.1.3 - - [05/Mar/2017:21:24:31 +0800] "GET /renderer/apd_inspection_host_exit_page.eui?cgc=18&epsec=1.0.0-427.0&uilang=zh-tw&uimode=7&ctype=Standalone&cversion=2.0&cjs=1&cactivex=1&cplugin=0&cplatform=Win7&cpu=x86&logout=/Common/TestInternalAP2_logout&general_ui=/Common/TestInternalAP2_general_ui&eps=/Common/TestInternalAP2_eps&installation=/Common/TestInternalAP2_frameworkinstallation&errormap=/Common/TestInternalAP2_errormap&defaultlang=zh-tw HTTP/1.0" 200 1386 "-" "-"
Mar  5 21:24:31 f51 notice apmd[7533]: 01490143:5: /Common/TestInternalAP2:Common:88829fd3: Logging Agent: CLIENTMAC: 10:BF:48:4F:A4:9A
Mar  5 21:24:31 f51 notice apmd[7533]: 01490113:5: /Common/TestInternalAP2:Common:88829fd3: session.machine_info.last.bios.manufacturer is American Megatrends Inc.
Mar  5 21:24:31 f51 notice apmd[7533]: 01490113:5: /Common/TestInternalAP2:Common:88829fd3: session.machine_info.last.bios.sn is C5PFAG000JUJ
Mar  5 21:24:31 f51 notice apmd[7533]: 01490113:5: /Common/TestInternalAP2:Common:88829fd3: session.machine_info.last.bios.version is _ASUS_ - 1072009
Mar  5 21:24:31 f51 notice apmd[7533]: 01490113:5: /Common/TestInternalAP2:Common:88829fd3: session.machine_info.last.cpu.description is x64 Family 6 Model 42 Stepping 7
Mar  5 21:24:31 f51 notice apmd[7533]: 01490113:5: /Common/TestInternalAP2:Common:88829fd3: session.machine_info.last.cpu.max_clock is 3001
Mar  5 21:24:31 f51 notice apmd[7533]: 01490113:5: /Common/TestInternalAP2:Common:88829fd3: session.machine_info.last.cpu.name is Intel(R) Core(TM) i5-2320 CPU @ 3.00GHz
Mar  5 21:24:31 f51 notice apmd[7533]: 01490113:5: /Common/TestInternalAP2:Common:88829fd3: session.machine_info.last.cpu.vendor is GenuineIntel
Mar  5 21:24:31 f51 notice apmd[7533]: 01490113:5: /Common/TestInternalAP2:Common:88829fd3: session.machine_info.last.error is 0
Mar  5 21:24:31 f51 notice apmd[7533]: 01490113:5: /Common/TestInternalAP2:Common:88829fd3: session.machine_info.last.hdd.count is 1
Mar  5 21:24:31 f51 notice apmd[7533]: 01490113:5: /Common/TestInternalAP2:Common:88829fd3: session.machine_info.last.hdd.list.[0].model is ST3500413AS ATA Device
Mar  5 21:24:31 f51 notice apmd[7533]: 01490113:5: /Common/TestInternalAP2:Common:88829fd3: session.machine_info.last.hdd.list.[0].sn is Z2ASLQD4
Mar  5 21:24:31 f51 notice apmd[7533]: 01490113:5: /Common/TestInternalAP2:Common:88829fd3: session.machine_info.last.motherboard.manufacturer is ASUSTeK COMPUTER INC.
Mar  5 21:24:31 f51 notice apmd[7533]: 01490113:5: /Common/TestInternalAP2:Common:88829fd3: session.machine_info.last.motherboard.product is BM6630_BM6330_BP6230
Mar  5 21:24:31 f51 notice apmd[7533]: 01490113:5: /Common/TestInternalAP2:Common:88829fd3: session.machine_info.last.motherboard.sn is MT7024019503599
Mar  5 21:24:31 f51 notice apmd[7533]: 01490113:5: /Common/TestInternalAP2:Common:88829fd3: session.machine_info.last.net_adapter.count is 1
Mar  5 21:24:31 f51 notice apmd[7533]: 01490113:5: /Common/TestInternalAP2:Common:88829fd3: session.machine_info.last.net_adapter.list.[0].mac_address is 10:BF:48:4F:A4:9A
Mar  5 21:24:31 f51 notice apmd[7533]: 01490113:5: /Common/TestInternalAP2:Common:88829fd3: session.machine_info.last.net_adapter.list.[0].name is Intel(R) 82579V Gigabit Network Connection
Mar  5 21:24:31 f51 notice apmd[7533]: 01490142:5: /Common/TestInternalAP2:Common:88829fd3: Logging Agent
Mar  5 21:24:31 f51 notice apmd[7533]: 01490113:5: /Common/TestInternalAP2:Common:88829fd3: session.customization.mac.result is allow
Mar  5 21:24:31 f51 info logger: [acc] 127.1.1.4 - - [05/Mar/2017:21:24:31 +0800] "GET /renderer/agent_decision_box_form.eui?decision_box=/Common/TestInternalAP2_act_decision_box_two_ag&cgc=18&epsec=1.0.0-427.0&uilang=zh-tw&uimode=7&ctype=Standalone&cversion=2.0&cjs=1&cactivex=1&cplugin=0&cplatform=Win7&cpu=x86&logout=/Common/TestInternalAP2_logout&general_ui=/Common/TestInternalAP2_general_ui&eps=/Common/TestInternalAP2_eps&installation=/Common/TestInternalAP2_frameworkinstallation&errormap=/Common/TestInternalAP2_errormap&defaultlang=zh-tw HTTP/1.0" 200 4297 "-" "-"
Mar  5 21:27:00 f51 notice apmd[7533]: 01490116:5: /Common/TestInternalAP2:Common:88829fd3: User chose option: 1
Mar  5 21:27:00 f51 info logger: [acc] 127.1.1.1 - - [05/Mar/2017:21:27:00 +0800] "GET /renderer/agent_logon_page_form.eui?&cgc=18&epsec=1.0.0-427.0&logon=/Common/TestInternalAP2_act_logon_page_ag&uilang=zh-tw&uimode=7&ctype=Standalone&cversion=2.0&cjs=1&cactivex=1&cplugin=0&cplatform=Win7&cpu=x86&logout=/Common/TestInternalAP2_logout&general_ui=/Common/TestInternalAP2_general_ui&eps=/Common/TestInternalAP2_eps&installation=/Common/TestInternalAP2_frameworkinstallation&errormap=/Common/TestInternalAP2_errormap&defaultlang=zh-tw HTTP/1.0" 200 26383 "-" "-"
Mar  5 21:27:01 f51 notice apmd[7533]: 01490010:5: /Common/TestInternalAP2:Common:88829fd3: Username '10041'
Mar  5 21:27:01 f51 notice apmd[7533]: 01490008:5: /Common/TestInternalAP2:Common:88829fd3: Connectivity resource '/Common/TestInternalAP' assigned
Mar  5 21:27:01 f51 notice apmd[7533]: 01490128:5: /Common/TestInternalAP2:Common:88829fd3: Webtop '/Common/WEBTOP_NA' assigned
Mar  5 21:27:01 f51 notice apmd[7533]: 01490005:5: /Common/TestInternalAP2:Common:88829fd3: Following rule 'fallback' from item 'For_10_51_174_16' to ending 'Allow'
Mar  5 21:27:01 f51 notice apmd[7533]: 01490102:5: /Common/TestInternalAP2:Common:88829fd3: Access policy result: Network_Access
Mar  5 21:27:01 f51 notice apmd[7533]: 01490248:5: /Common/TestInternalAP2:Common:88829fd3: Received client info - Hostname: PC883-043-W7P Type: Standalone Version: 2.0 Platform: Win7 CPU: x86 UI Mode: Standalone Javascript Support: 1 ActiveX Support: 1 Plugin Support: 0
Mar  5 21:27:01 f51 info logger: [acc] 127.1.1.2 - - [05/Mar/2017:21:27:01 +0800] "GET /renderer/webtop.eui?z=/Common/TestInternalAP&webtop=/Common/WEBTOP_NA&webtop_type=webtop_na_only&cgc=18&errorcode=0&logon=/Common/TestInternalAP2_act_logon_page_ag&webtop_cust_grp=/Common/WEBTOP_NA_customization&webtop_id=/Common/WEBTOP_NA&uilang=zh-tw&uimode=7&ctype=Standalone&cversion=2.0&cjs=1&cactivex=1&cplugin=0&cplatform=Win7&cpu=x86&logout=/Common/TestInternalAP2_logout&general_ui=/Common/TestInternalAP2_general_ui&eps=/Common/TestInternalAP2_eps&installation=/Common/TestInternalAP2_frameworkinstallation&errormap=/Common/TestInternalAP2_errormap&defaultlang=zh-tw HTTP/1.0" 200 72714 "-" "Mozilla/5.0 (compatible; MSIE 10.0; Windows NT 6.1; Trident/6.0; NP08; MAAU) EdgeClient/7130.2016.0330.0220"
Mar  5 21:27:02 f51 info logger: [acc] 127.1.1.3 - - [05/Mar/2017:21:27:02 +0800] "GET /renderer/ui_mode/standalone/resource_na_list.eui?cgc=18&errorcode=0&logon=/Common/TestInternalAP2_act_logon_page_ag&webtop_cust_grp=/Common/WEBTOP_NA_customization&webtop_id=/Common/WEBTOP_NA&uilang=zh-tw&uimode=7&ctype=Standalone&cversion=2.0&cjs=1&cactivex=1&cplugin=0&cplatform=Win7&cpu=x86&logout=/Common/TestInternalAP2_logout&general_ui=/Common/TestInternalAP2_general_ui&eps=/Common/TestInternalAP2_eps&installation=/Common/TestInternalAP2_frameworkinstallation&errormap=/Common/TestInternalAP2_errormap&defaultlang=zh-tw&na_res=/Common/TestInternalAP HTTP/1.0" 200 262 "-" "Mozilla/5.0 (compatible; MSIE 10.0; Windows NT 6.1; Trident/6.0; NP08; MAAU) EdgeClient/7130.2016.0330.0220"
Mar  5 21:27:02 f51 info logger: [acc] 127.1.1.4 - - [05/Mar/2017:21:27:02 +0800] "GET /renderer/ui_mode/standalone/resource_na_properties.eui?resourcename=/Common/TestInternalAP&can_preprocess=1&cgc=18&errorcode=0&logon=/Common/TestInternalAP2_act_logon_page_ag&webtop_cust_grp=/Common/WEBTOP_NA_customization&webtop_id=/Common/WEBTOP_NA&uilang=zh-tw&uimode=7&ctype=Standalone&cversion=2.0&cjs=1&cactivex=1&cplugin=0&cplatform=Win7&cpu=x86&logout=/Common/TestInternalAP2_logout&general_ui=/Common/TestInternalAP2_general_ui&eps=/Common/TestInternalAP2_eps&installation=/Common/TestInternalAP2_frameworkinstallation&errormap=/Common/TestInternalAP2_errormap&defaultlang=zh-tw HTTP/1.0" 200 7117 "-" "Mozilla/5.0 (compatible; MSIE 10.0; Windows NT 6.1; Trident/6.0; NP08; MAAU) EdgeClient/7130.2016.0330.0220"
Mar  5 21:27:15 f51 notice tmm[12763]: 01490549:5: /Common/TestInternalAP2:Common:88829fd3: Assigned PPP Static IPv4: 10.51.168.43 Tunnel Type: VPN_TUNNELTYPE_TLS NA Resource: /Common/TestInternalAP Client IP: 10.7.5.43 
Mar  5 21:27:15 f51 notice tmm[12763]: 01490505:5: /Common/TestInternalAP2:Common:88829fd3: PPP tunnel 0x5700016b6900 started.
Mar  5 21:30:01 qfile02 qlogd[29929]: event log: Users: System, Source IP: 127.0.0.1, Computer name: localhost, Content: [RTRR Job] (Sync) Job qnap1->qnap2ForALLBank started.
Mar  5 21:28:48 qfile01 qlogd[24599]: event log: Users: #012, Source IP: 127.0.0.1, Computer name: localhost, Content: (Job from client: 10.51.188.19)[RTRR Job] (Sync) Job qnap1->qnap2ForALLBank started.#012 
Mar  5 21:30:12 qfile02 qlogd[29929]: event log: Users: System, Source IP: 127.0.0.1, Computer name: localhost, Content: [RTRR Job] (Sync) Job qnap1->qnap2ForALLBank finished.
Mar  5 21:29:01 qfile01 qlogd[24599]: event log: Users: #012, Source IP: 127.0.0.1, Computer name: localhost, Content: (Job from client: 10.51.188.19)[RTRR Job] (Sync) Job qnap1->qnap2ForALLBank finished.#012 
Mar  5 21:30:01 qfile01 qlogd[24599]: event log: Users: System, Source IP: 127.0.0.1, Computer name: localhost, Content: [RTRR Job] (Sync) Job qnap1TOqnap2-5 started.
Mar  5 21:31:14 qfile02 qlogd[29929]: event log: Users: #012, Source IP: 127.0.0.1, Computer name: localhost, Content: (Job from client: 192.168.20.245)[RTRR Job] (Sync) Job qnap1TOqnap2-5 started.#012 
Mar  5 21:30:02 qfile01 qlogd[24599]: event log: Users: System, Source IP: 127.0.0.1, Computer name: localhost, Content: [RTRR Job] (Sync) Job qnap1TOqnap2-2 started.
Mar  5 21:31:16 qfile02 qlogd[29929]: event log: Users: #012, Source IP: 127.0.0.1, Computer name: localhost, Content: (Job from client: 192.168.20.245)[RTRR Job] (Sync) Job qnap1TOqnap2-2 started.#012 
Mar  5 21:30:12 qfile01 qlogd[24599]: event log: Users: System, Source IP: 127.0.0.1, Computer name: localhost, Content:  [Snapshot volume:DataVol1] Created snapshot (Replication-Job3) successfully.
Mar  5 21:30:22 qfile01 qlogd[24599]: event log: Users: System, Source IP: 127.0.0.1, Computer name: localhost, Content:  [Snapshot volume:DataVol1] Created snapshot (Replication-Job11) successfully.
Mar  5 21:30:24 qfile01 qlogd[24599]: event log: Users: System, Source IP: 127.0.0.1, Computer name: localhost, Content: [RTRR Job] (Sync) Job qnap1TOqnap2-2 finished.
Mar  5 21:31:38 qfile02 qlogd[29929]: event log: Users: #012, Source IP: 127.0.0.1, Computer name: localhost, Content: (Job from client: 192.168.20.245)[RTRR Job] (Sync) Job qnap1TOqnap2-2 finished.#012 
Mar  5 21:31:01 f52 notice tmsh[8526]: 01420002:5: AUDIT - pid=8526 user=root folder=/Common module=(tmos)# status=[Command OK] cmd_data=show sys mcp-state field-fmt
Mar  5 21:31:01 f52 notice tmsh[8530]: 01420002:5: AUDIT - pid=8530 user=root folder=/Common module=(tmos)# status=[Command OK] cmd_data=list sys db
Mar  5 21:31:02 f51 notice tmsh[5730]: 01420002:5: AUDIT - pid=5730 user=root folder=/Common module=(tmos)# status=[Command OK] cmd_data=show sys mcp-state field-fmt
Mar  5 21:31:02 f51 notice tmsh[5745]: 01420002:5: AUDIT - pid=5745 user=root folder=/Common module=(tmos)# status=[Command OK] cmd_data=list sys db
Mar  5 21:30:50 qfile01 qlogd[24599]: event log: Users: System, Source IP: 127.0.0.1, Computer name: localhost, Content: [RTRR Job] (Sync) Job qnap1TOqnap2-5 finished.
Mar  5 21:32:04 qfile02 qlogd[29929]: event log: Users: #012, Source IP: 127.0.0.1, Computer name: localhost, Content: (Job from client: 192.168.20.245)[RTRR Job] (Sync) Job qnap1TOqnap2-5 finished.#012 
Mar  5 21:40:01 qfile01 qlogd[24599]: event log: Users: System, Source IP: 127.0.0.1, Computer name: localhost, Content: [RTRR Job] (Sync) Job qnap1TOqnap2-6 started.
Mar  5 21:41:15 qfile02 qlogd[29929]: event log: Users: #012, Source IP: 127.0.0.1, Computer name: localhost, Content: (Job from client: 192.168.20.245)[RTRR Job] (Sync) Job qnap1TOqnap2-6 started.#012 
Mar  5 21:40:02 qfile01 qlogd[24599]: event log: Users: System, Source IP: 127.0.0.1, Computer name: localhost, Content: [RTRR Job] (Sync) Job qnap1TOqnap2-3 started.
Mar  5 21:41:16 qfile02 qlogd[29929]: event log: Users: #012, Source IP: 127.0.0.1, Computer name: localhost, Content: (Job from client: 192.168.20.245)[RTRR Job] (Sync) Job qnap1TOqnap2-3 started.#012 
Mar  5 21:40:13 qfile01 qlogd[24599]: event log: Users: System, Source IP: 127.0.0.1, Computer name: localhost, Content:  [Snapshot volume:DataVol1] Created snapshot (Replication-Job0) successfully.
Mar  5 21:40:23 qfile01 qlogd[24599]: event log: Users: System, Source IP: 127.0.0.1, Computer name: localhost, Content:  [Snapshot volume:DataVol1] Created snapshot (Replication-Job10) successfully.
Mar  5 21:40:24 qfile01 qlogd[24599]: event log: Users: System, Source IP: 127.0.0.1, Computer name: localhost, Content: [RTRR Job] (Sync) Job qnap1TOqnap2-3 finished.
Mar  5 21:41:38 qfile02 qlogd[29929]: event log: Users: #012, Source IP: 127.0.0.1, Computer name: localhost, Content: (Job from client: 192.168.20.245)[RTRR Job] (Sync) Job qnap1TOqnap2-3 finished.#012 
Mar  5 21:41:01 f51 notice tmsh[6222]: 01420002:5: AUDIT - pid=6222 user=root folder=/Common module=(tmos)# status=[Command OK] cmd_data=show sys mcp-state field-fmt
Mar  5 21:41:01 f52 notice tmsh[9006]: 01420002:5: AUDIT - pid=9006 user=root folder=/Common module=(tmos)# status=[Command OK] cmd_data=show sys mcp-state field-fmt
Mar  5 21:41:01 f51 notice tmsh[6226]: 01420002:5: AUDIT - pid=6226 user=root folder=/Common module=(tmos)# status=[Command OK] cmd_data=list sys db
Mar  5 21:41:02 f52 notice tmsh[9010]: 01420002:5: AUDIT - pid=9010 user=root folder=/Common module=(tmos)# status=[Command OK] cmd_data=list sys db
Mar  5 21:40:43 qfile01 qlogd[24599]: event log: Users: System, Source IP: 127.0.0.1, Computer name: localhost, Content: [RTRR Job] (Sync) Job qnap1TOqnap2-6 finished.
Mar  5 21:41:56 qfile02 qlogd[29929]: event log: Users: #012, Source IP: 127.0.0.1, Computer name: localhost, Content: (Job from client: 192.168.20.245)[RTRR Job] (Sync) Job qnap1TOqnap2-6 finished.#012 
Mar  5 21:51:01 f51 notice tmsh[6732]: 01420002:5: AUDIT - pid=6732 user=root folder=/Common module=(tmos)# status=[Command OK] cmd_data=show sys mcp-state field-fmt
Mar  5 21:51:01 f52 notice tmsh[9483]: 01420002:5: AUDIT - pid=9483 user=root folder=/Common module=(tmos)# status=[Command OK] cmd_data=show sys mcp-state field-fmt
Mar  5 21:51:01 f51 notice tmsh[6736]: 01420002:5: AUDIT - pid=6736 user=root folder=/Common module=(tmos)# status=[Command OK] cmd_data=list sys db
Mar  5 21:51:01 f52 notice tmsh[9487]: 01420002:5: AUDIT - pid=9487 user=root folder=/Common module=(tmos)# status=[Command OK] cmd_data=list sys db
Mar  5 22:00:01 qfile01 qlogd[24599]: event log: Users: System, Source IP: 127.0.0.1, Computer name: localhost, Content: [RTRR Job] (Sync) Job FTPServerToQnap1 started.
Mar  5 22:01:01 f51 notice tmsh[7251]: 01420002:5: AUDIT - pid=7251 user=root folder=/Common module=(tmos)# status=[Command OK] cmd_data=show sys mcp-state field-fmt
Mar  5 22:01:02 f52 notice tmsh[9980]: 01420002:5: AUDIT - pid=9980 user=root folder=/Common module=(tmos)# status=[Command OK] cmd_data=show sys mcp-state field-fmt
Mar  5 22:01:02 f51 notice tmsh[7255]: 01420002:5: AUDIT - pid=7255 user=root folder=/Common module=(tmos)# status=[Command OK] cmd_data=list sys db
Mar  5 22:01:02 f52 notice tmsh[9984]: 01420002:5: AUDIT - pid=9984 user=root folder=/Common module=(tmos)# status=[Command OK] cmd_data=list sys db
Mar  5 22:02:35 qfile01 qlogd[24599]: event log: Users: System, Source IP: 127.0.0.1, Computer name: localhost, Content: [RTRR Job] (Sync) Job FTPServerToQnap1 finished.
Mar  5 22:11:01 f51 notice tmsh[7981]: 01420002:5: AUDIT - pid=7981 user=root folder=/Common module=(tmos)# status=[Command OK] cmd_data=show sys mcp-state field-fmt
Mar  5 22:11:01 f52 notice tmsh[10681]: 01420002:5: AUDIT - pid=10681 user=root folder=/Common module=(tmos)# status=[Command OK] cmd_data=show sys mcp-state field-fmt
Mar  5 22:11:01 f51 notice tmsh[7985]: 01420002:5: AUDIT - pid=7985 user=root folder=/Common module=(tmos)# status=[Command OK] cmd_data=list sys db
Mar  5 22:11:01 f52 notice tmsh[10685]: 01420002:5: AUDIT - pid=10685 user=root folder=/Common module=(tmos)# status=[Command OK] cmd_data=list sys db
Mar  5 22:20:01 qfile01 qlogd[24599]: event log: Users: System, Source IP: 127.0.0.1, Computer name: localhost, Content: [RTRR Job] (Sync) Job qnap1TOqnap2-4 started.
Mar  5 22:21:14 qfile02 qlogd[29929]: event log: Users: #012, Source IP: 127.0.0.1, Computer name: localhost, Content: (Job from client: 192.168.20.245)[RTRR Job] (Sync) Job qnap1TOqnap2-4 started.#012 
Mar  5 22:20:02 qfile01 qlogd[24599]: event log: Users: System, Source IP: 127.0.0.1, Computer name: localhost, Content: [RTRR Job] (Sync) Job qnap1TOqnap2-1 started.
Mar  5 22:21:16 qfile02 qlogd[29929]: event log: Users: #012, Source IP: 127.0.0.1, Computer name: localhost, Content: (Job from client: 192.168.20.245)[RTRR Job] (Sync) Job qnap1TOqnap2-1 started.#012 
Mar  5 22:20:12 qfile01 qlogd[24599]: event log: Users: System, Source IP: 127.0.0.1, Computer name: localhost, Content:  [Snapshot volume:DataVol1] Created snapshot (Replication-Job9) successfully.
Mar  5 22:20:19 qfile01 qlogd[24599]: event log: Users: System, Source IP: 127.0.0.1, Computer name: localhost, Content: [RTRR Job] (Sync) Job qnap1TOqnap2-4 finished.
Mar  5 22:21:32 qfile02 qlogd[29929]: event log: Users: #012, Source IP: 127.0.0.1, Computer name: localhost, Content: (Job from client: 192.168.20.245)[RTRR Job] (Sync) Job qnap1TOqnap2-4 finished.#012 
Mar  5 22:20:20 qfile01 qlogd[24599]: event log: Users: System, Source IP: 127.0.0.1, Computer name: localhost, Content:  [Snapshot volume:DataVol1] Created snapshot (Replication-Job12) successfully.
Mar  5 22:20:21 qfile01 qlogd[24599]: event log: Users: System, Source IP: 127.0.0.1, Computer name: localhost, Content: [RTRR Job] (Sync) Job qnap1TOqnap2-1 finished.
Mar  5 22:21:35 qfile02 qlogd[29929]: event log: Users: #012, Source IP: 127.0.0.1, Computer name: localhost, Content: (Job from client: 192.168.20.245)[RTRR Job] (Sync) Job qnap1TOqnap2-1 finished.#012 
Mar  5 22:21:01 f51 notice tmsh[8475]: 01420002:5: AUDIT - pid=8475 user=root folder=/Common module=(tmos)# status=[Command OK] cmd_data=show sys mcp-state field-fmt
Mar  5 22:21:01 f52 notice tmsh[11162]: 01420002:5: AUDIT - pid=11162 user=root folder=/Common module=(tmos)# status=[Command OK] cmd_data=show sys mcp-state field-fmt
Mar  5 22:21:01 f51 notice tmsh[8480]: 01420002:5: AUDIT - pid=8480 user=root folder=/Common module=(tmos)# status=[Command OK] cmd_data=list sys db
Mar  5 22:21:01 f52 notice tmsh[11166]: 01420002:5: AUDIT - pid=11166 user=root folder=/Common module=(tmos)# status=[Command OK] cmd_data=list sys db
Mar  5 22:30:01 qfile02 qlogd[29929]: event log: Users: System, Source IP: 127.0.0.1, Computer name: localhost, Content: [RTRR Job] (Sync) Job qnap1->qnap2ForALLBank started.
Mar  5 22:28:48 qfile01 qlogd[24599]: event log: Users: #012, Source IP: 127.0.0.1, Computer name: localhost, Content: (Job from client: 10.51.188.19)[RTRR Job] (Sync) Job qnap1->qnap2ForALLBank started.#012 
Mar  5 22:30:14 qfile02 qlogd[29929]: event log: Users: System, Source IP: 127.0.0.1, Computer name: localhost, Content: [RTRR Job] (Sync) Job qnap1->qnap2ForALLBank finished.
Mar  5 22:29:02 qfile01 qlogd[24599]: event log: Users: #012, Source IP: 127.0.0.1, Computer name: localhost, Content: (Job from client: 10.51.188.19)[RTRR Job] (Sync) Job qnap1->qnap2ForALLBank finished.#012 
Mar  5 22:30:01 qfile01 qlogd[24599]: event log: Users: System, Source IP: 127.0.0.1, Computer name: localhost, Content: [RTRR Job] (Sync) Job qnap1TOqnap2-5 started.
Mar  5 22:31:15 qfile02 qlogd[29929]: event log: Users: #012, Source IP: 127.0.0.1, Computer name: localhost, Content: (Job from client: 192.168.20.245)[RTRR Job] (Sync) Job qnap1TOqnap2-5 started.#012 
Mar  5 22:30:02 qfile01 qlogd[24599]: event log: Users: System, Source IP: 127.0.0.1, Computer name: localhost, Content: [RTRR Job] (Sync) Job qnap1TOqnap2-2 started.
Mar  5 22:31:16 qfile02 qlogd[29929]: event log: Users: #012, Source IP: 127.0.0.1, Computer name: localhost, Content: (Job from client: 192.168.20.245)[RTRR Job] (Sync) Job qnap1TOqnap2-2 started.#012 
Mar  5 22:30:09 qfile01 qlogd[24599]: event log: Users: System, Source IP: 127.0.0.1, Computer name: localhost, Content:  [Snapshot volume:DataVol1] Created snapshot (Replication-Job11) successfully.
Mar  5 22:30:12 qfile01 qlogd[24599]: event log: Users: System, Source IP: 127.0.0.1, Computer name: localhost, Content: [RTRR Job] (Sync) Job qnap1TOqnap2-2 finished.
Mar  5 22:31:26 qfile02 qlogd[29929]: event log: Users: #012, Source IP: 127.0.0.1, Computer name: localhost, Content: (Job from client: 192.168.20.245)[RTRR Job] (Sync) Job qnap1TOqnap2-2 finished.#012 
Mar  5 22:30:13 qfile01 qlogd[24599]: event log: Users: System, Source IP: 127.0.0.1, Computer name: localhost, Content:  [Snapshot volume:DataVol1] Created snapshot (Replication-Job3) successfully.
Mar  5 22:31:01 f51 notice tmsh[8960]: 01420002:5: AUDIT - pid=8960 user=root folder=/Common module=(tmos)# status=[Command OK] cmd_data=show sys mcp-state field-fmt
Mar  5 22:31:02 f52 notice tmsh[11651]: 01420002:5: AUDIT - pid=11651 user=root folder=/Common module=(tmos)# status=[Command OK] cmd_data=show sys mcp-state field-fmt
Mar  5 22:31:02 f51 notice tmsh[8964]: 01420002:5: AUDIT - pid=8964 user=root folder=/Common module=(tmos)# status=[Command OK] cmd_data=list sys db
Mar  5 22:31:02 f52 notice tmsh[11656]: 01420002:5: AUDIT - pid=11656 user=root folder=/Common module=(tmos)# status=[Command OK] cmd_data=list sys db
Mar  5 22:30:42 qfile01 qlogd[24599]: event log: Users: System, Source IP: 127.0.0.1, Computer name: localhost, Content: [RTRR Job] (Sync) Job qnap1TOqnap2-5 finished.
Mar  5 22:31:56 qfile02 qlogd[29929]: event log: Users: #012, Source IP: 127.0.0.1, Computer name: localhost, Content: (Job from client: 192.168.20.245)[RTRR Job] (Sync) Job qnap1TOqnap2-5 finished.#012 
Mar  5 22:40:00 qfile01 qlogd[24599]: event log: Users: System, Source IP: 127.0.0.1, Computer name: localhost, Content: [RTRR Job] (Sync) Job qnap1TOqnap2-6 started.
Mar  5 22:41:14 qfile02 qlogd[29929]: event log: Users: #012, Source IP: 127.0.0.1, Computer name: localhost, Content: (Job from client: 192.168.20.245)[RTRR Job] (Sync) Job qnap1TOqnap2-6 started.#012 
Mar  5 22:40:02 qfile01 qlogd[24599]: event log: Users: System, Source IP: 127.0.0.1, Computer name: localhost, Content: [RTRR Job] (Sync) Job qnap1TOqnap2-3 started.
Mar  5 22:41:16 qfile02 qlogd[29929]: event log: Users: #012, Source IP: 127.0.0.1, Computer name: localhost, Content: (Job from client: 192.168.20.245)[RTRR Job] (Sync) Job qnap1TOqnap2-3 started.#012 
Mar  5 22:40:14 qfile01 qlogd[24599]: event log: Users: System, Source IP: 127.0.0.1, Computer name: localhost, Content:  [Snapshot volume:DataVol1] Created snapshot (Replication-Job0) successfully.
Mar  5 22:40:25 qfile01 qlogd[24599]: event log: Users: System, Source IP: 127.0.0.1, Computer name: localhost, Content:  [Snapshot volume:DataVol1] Created snapshot (Replication-Job10) successfully.
Mar  5 22:40:26 qfile01 qlogd[24599]: event log: Users: System, Source IP: 127.0.0.1, Computer name: localhost, Content: [RTRR Job] (Sync) Job qnap1TOqnap2-3 finished.
Mar  5 22:41:40 qfile02 qlogd[29929]: event log: Users: #012, Source IP: 127.0.0.1, Computer name: localhost, Content: (Job from client: 192.168.20.245)[RTRR Job] (Sync) Job qnap1TOqnap2-3 finished.#012 
Mar  5 22:41:01 f51 notice tmsh[9433]: 01420002:5: AUDIT - pid=9433 user=root folder=/Common module=(tmos)# status=[Command OK] cmd_data=show sys mcp-state field-fmt
Mar  5 22:41:01 f52 notice tmsh[12192]: 01420002:5: AUDIT - pid=12192 user=root folder=/Common module=(tmos)# status=[Command OK] cmd_data=show sys mcp-state field-fmt
Mar  5 22:41:01 f51 notice tmsh[9437]: 01420002:5: AUDIT - pid=9437 user=root folder=/Common module=(tmos)# status=[Command OK] cmd_data=list sys db
Mar  5 22:41:01 f52 notice tmsh[12197]: 01420002:5: AUDIT - pid=12197 user=root folder=/Common module=(tmos)# status=[Command OK] cmd_data=list sys db
Mar  5 22:40:46 qfile01 qlogd[24599]: event log: Users: System, Source IP: 127.0.0.1, Computer name: localhost, Content: [RTRR Job] (Sync) Job qnap1TOqnap2-6 finished.
Mar  5 22:42:00 qfile02 qlogd[29929]: event log: Users: #012, Source IP: 127.0.0.1, Computer name: localhost, Content: (Job from client: 192.168.20.245)[RTRR Job] (Sync) Job qnap1TOqnap2-6 finished.#012 
Mar  5 22:51:01 f52 notice tmsh[12684]: 01420002:5: AUDIT - pid=12684 user=root folder=/Common module=(tmos)# status=[Command OK] cmd_data=show sys mcp-state field-fmt
Mar  5 22:51:01 f52 notice tmsh[12688]: 01420002:5: AUDIT - pid=12688 user=root folder=/Common module=(tmos)# status=[Command OK] cmd_data=list sys db
Mar  5 22:51:02 f51 notice tmsh[9909]: 01420002:5: AUDIT - pid=9909 user=root folder=/Common module=(tmos)# status=[Command OK] cmd_data=show sys mcp-state field-fmt
Mar  5 22:51:02 f51 notice tmsh[9913]: 01420002:5: AUDIT - pid=9913 user=root folder=/Common module=(tmos)# status=[Command OK] cmd_data=list sys db
Mar  5 23:00:00 qfile01 qlogd[24599]: event log: Users: System, Source IP: 127.0.0.1, Computer name: localhost, Content: [RTRR Job] (Sync) Job FTPServerToQnap1 started.
Mar  5 23:01:01 f51 notice tmsh[10402]: 01420002:5: AUDIT - pid=10402 user=root folder=/Common module=(tmos)# status=[Command OK] cmd_data=show sys mcp-state field-fmt
Mar  5 23:01:01 f52 notice tmsh[13264]: 01420002:5: AUDIT - pid=13264 user=root folder=/Common module=(tmos)# status=[Command OK] cmd_data=show sys mcp-state field-fmt
Mar  5 23:01:01 f51 notice tmsh[10409]: 01420002:5: AUDIT - pid=10409 user=root folder=/Common module=(tmos)# status=[Command OK] cmd_data=list sys db
Mar  5 23:01:02 f52 notice tmsh[13268]: 01420002:5: AUDIT - pid=13268 user=root folder=/Common module=(tmos)# status=[Command OK] cmd_data=list sys db
Mar  5 23:02:34 qfile01 qlogd[24599]: event log: Users: System, Source IP: 127.0.0.1, Computer name: localhost, Content: [RTRR Job] (Sync) Job FTPServerToQnap1 finished.
Mar  5 23:11:01 f51 notice tmsh[11096]: 01420002:5: AUDIT - pid=11096 user=root folder=/Common module=(tmos)# status=[Command OK] cmd_data=show sys mcp-state field-fmt
Mar  5 23:11:01 f51 notice tmsh[11100]: 01420002:5: AUDIT - pid=11100 user=root folder=/Common module=(tmos)# status=[Command OK] cmd_data=list sys db
Mar  5 23:11:01 f52 notice tmsh[14130]: 01420002:5: AUDIT - pid=14130 user=root folder=/Common module=(tmos)# status=[Command OK] cmd_data=show sys mcp-state field-fmt
Mar  5 23:11:01 f52 notice tmsh[14307]: 01420002:5: AUDIT - pid=14307 user=root folder=/Common module=(tmos)# status=[Command OK] cmd_data=list sys db
Mar  5 23:20:01 qfile01 qlogd[24599]: event log: Users: System, Source IP: 127.0.0.1, Computer name: localhost, Content: [RTRR Job] (Sync) Job qnap1TOqnap2-4 started.
Mar  5 23:21:14 qfile02 qlogd[29929]: event log: Users: #012, Source IP: 127.0.0.1, Computer name: localhost, Content: (Job from client: 192.168.20.245)[RTRR Job] (Sync) Job qnap1TOqnap2-4 started.#012 
Mar  5 23:20:02 qfile01 qlogd[24599]: event log: Users: System, Source IP: 127.0.0.1, Computer name: localhost, Content: [RTRR Job] (Sync) Job qnap1TOqnap2-1 started.
Mar  5 23:21:16 qfile02 qlogd[29929]: event log: Users: #012, Source IP: 127.0.0.1, Computer name: localhost, Content: (Job from client: 192.168.20.245)[RTRR Job] (Sync) Job qnap1TOqnap2-1 started.#012 
Mar  5 23:20:12 qfile01 qlogd[24599]: event log: Users: System, Source IP: 127.0.0.1, Computer name: localhost, Content:  [Snapshot volume:DataVol1] Created snapshot (Replication-Job9) successfully.
Mar  5 23:20:16 qfile01 qlogd[24599]: event log: Users: System, Source IP: 127.0.0.1, Computer name: localhost, Content: [RTRR Job] (Sync) Job qnap1TOqnap2-4 finished.
Mar  5 23:21:30 qfile02 qlogd[29929]: event log: Users: #012, Source IP: 127.0.0.1, Computer name: localhost, Content: (Job from client: 192.168.20.245)[RTRR Job] (Sync) Job qnap1TOqnap2-4 finished.#012 
Mar  5 23:20:20 qfile01 qlogd[24599]: event log: Users: System, Source IP: 127.0.0.1, Computer name: localhost, Content:  [Snapshot volume:DataVol1] Created snapshot (Replication-Job12) successfully.
Mar  5 23:20:22 qfile01 qlogd[24599]: event log: Users: System, Source IP: 127.0.0.1, Computer name: localhost, Content: [RTRR Job] (Sync) Job qnap1TOqnap2-1 finished.
Mar  5 23:21:35 qfile02 qlogd[29929]: event log: Users: #012, Source IP: 127.0.0.1, Computer name: localhost, Content: (Job from client: 192.168.20.245)[RTRR Job] (Sync) Job qnap1TOqnap2-1 finished.#012 
Mar  5 23:21:01 f52 notice tmsh[14799]: 01420002:5: AUDIT - pid=14799 user=root folder=/Common module=(tmos)# status=[Command OK] cmd_data=show sys mcp-state field-fmt
Mar  5 23:21:01 f52 notice tmsh[14803]: 01420002:5: AUDIT - pid=14803 user=root folder=/Common module=(tmos)# status=[Command OK] cmd_data=list sys db
Mar  5 23:21:02 f51 notice tmsh[11590]: 01420002:5: AUDIT - pid=11590 user=root folder=/Common module=(tmos)# status=[Command OK] cmd_data=show sys mcp-state field-fmt
Mar  5 23:21:02 f51 notice tmsh[11594]: 01420002:5: AUDIT - pid=11594 user=root folder=/Common module=(tmos)# status=[Command OK] cmd_data=list sys db
Mar  5 23:30:01 qfile02 qlogd[29929]: event log: Users: System, Source IP: 127.0.0.1, Computer name: localhost, Content: [RTRR Job] (Sync) Job qnap1->qnap2ForALLBank started.
Mar  5 23:28:49 qfile01 qlogd[24599]: event log: Users: #012, Source IP: 127.0.0.1, Computer name: localhost, Content: (Job from client: 10.51.188.19)[RTRR Job] (Sync) Job qnap1->qnap2ForALLBank started.#012 
