Mar  5 03:13:01 syslog01 rsyslogd: [origin software="rsyslogd" swVersion="5.8.10" x-pid="2041" x-info="http://www.rsyslog.com"] rsyslogd was HUPed
Mar  5 03:17:02 f51 notice syslog-ng[2480]: Configuration reload request received, reloading configuration;
Mar  5 03:17:02 f51 err syslog-ng[2480]: Duplicate stats counter; counter='udp((null):514)'
Mar  5 03:17:02 f51 err syslog-ng[2480]: Duplicate stats counter; counter='udp((null):514)'
Mar  5 03:17:02 f51 info audit_forwarder: audit_forwarder started.
Mar  5 03:17:02 f51 info pendsect[13134]: No devices found, returning
Mar  5 03:20:01 qfile01 qlogd[24599]: event log: Users: System, Source IP: 127.0.0.1, Computer name: localhost, Content: [RTRR Job] (Sync) Job qnap1TOqnap2-4 started.
Mar  5 03:21:14 qfile02 qlogd[29929]: event log: Users: #012, Source IP: 127.0.0.1, Computer name: localhost, Content: (Job from client: 192.168.20.245)[RTRR Job] (Sync) Job qnap1TOqnap2-4 started.#012 
Mar  5 03:20:03 qfile01 qlogd[24599]: event log: Users: System, Source IP: 127.0.0.1, Computer name: localhost, Content: [RTRR Job] (Sync) Job qnap1TOqnap2-1 started.
Mar  5 03:21:16 qfile02 qlogd[29929]: event log: Users: #012, Source IP: 127.0.0.1, Computer name: localhost, Content: (Job from client: 192.168.20.245)[RTRR Job] (Sync) Job qnap1TOqnap2-1 started.#012 
Mar  5 03:20:12 qfile01 qlogd[24599]: event log: Users: System, Source IP: 127.0.0.1, Computer name: localhost, Content:  [Snapshot volume:DataVol1] Created snapshot (Replication-Job9) successfully.
Mar  5 03:20:14 qfile01 qlogd[24599]: event log: Users: System, Source IP: 127.0.0.1, Computer name: localhost, Content: [RTRR Job] (Sync) Job qnap1TOqnap2-4 finished.
Mar  5 03:21:27 qfile02 qlogd[29929]: event log: Users: #012, Source IP: 127.0.0.1, Computer name: localhost, Content: (Job from client: 192.168.20.245)[RTRR Job] (Sync) Job qnap1TOqnap2-4 finished.#012 
Mar  5 03:20:23 qfile01 qlogd[24599]: event log: Users: System, Source IP: 127.0.0.1, Computer name: localhost, Content:  [Snapshot volume:DataVol1] Created snapshot (Replication-Job12) successfully.
Mar  5 03:20:24 qfile01 qlogd[24599]: event log: Users: System, Source IP: 127.0.0.1, Computer name: localhost, Content: [RTRR Job] (Sync) Job qnap1TOqnap2-1 finished.
Mar  5 03:21:38 qfile02 qlogd[29929]: event log: Users: #012, Source IP: 127.0.0.1, Computer name: localhost, Content: (Job from client: 192.168.20.245)[RTRR Job] (Sync) Job qnap1TOqnap2-1 finished.#012 
Mar  5 03:21:01 f52 notice tmsh[15919]: 01420002:5: AUDIT - pid=15919 user=root folder=/Common module=(tmos)# status=[Command OK] cmd_data=show sys mcp-state field-fmt
Mar  5 03:21:01 f51 notice tmsh[13378]: 01420002:5: AUDIT - pid=13378 user=root folder=/Common module=(tmos)# status=[Command OK] cmd_data=show sys mcp-state field-fmt
Mar  5 03:21:01 f52 notice tmsh[15923]: 01420002:5: AUDIT - pid=15923 user=root folder=/Common module=(tmos)# status=[Command OK] cmd_data=list sys db
Mar  5 03:21:01 f51 notice tmsh[13382]: 01420002:5: AUDIT - pid=13382 user=root folder=/Common module=(tmos)# status=[Command OK] cmd_data=list sys db
Mar  5 03:30:01 qfile02 qlogd[29929]: event log: Users: System, Source IP: 127.0.0.1, Computer name: localhost, Content: [RTRR Job] (Sync) Job qnap1->qnap2ForALLBank started.
Mar  5 03:28:49 qfile01 qlogd[24599]: event log: Users: #012, Source IP: 127.0.0.1, Computer name: localhost, Content: (Job from client: 10.51.188.19)[RTRR Job] (Sync) Job qnap1->qnap2ForALLBank started.#012 
Mar  5 03:30:14 qfile02 qlogd[29929]: event log: Users: System, Source IP: 127.0.0.1, Computer name: localhost, Content: [RTRR Job] (Sync) Job qnap1->qnap2ForALLBank finished.
Mar  5 03:29:02 qfile01 qlogd[24599]: event log: Users: #012, Source IP: 127.0.0.1, Computer name: localhost, Content: (Job from client: 10.51.188.19)[RTRR Job] (Sync) Job qnap1->qnap2ForALLBank finished.#012 
Mar  5 03:30:00 qfile01 qlogd[24599]: event log: Users: System, Source IP: 127.0.0.1, Computer name: localhost, Content: [RTRR Job] (Sync) Job qnap1TOqnap2-5 started.
Mar  5 03:31:14 qfile02 qlogd[29929]: event log: Users: #012, Source IP: 127.0.0.1, Computer name: localhost, Content: (Job from client: 192.168.20.245)[RTRR Job] (Sync) Job qnap1TOqnap2-5 started.#012 
Mar  5 03:30:01 qfile01 qlogd[24599]: event log: Users: System, Source IP: 127.0.0.1, Computer name: localhost, Content: [RTRR Job] (Sync) Job qnap1TOqnap2-2 started.
Mar  5 03:31:15 qfile02 qlogd[29929]: event log: Users: #012, Source IP: 127.0.0.1, Computer name: localhost, Content: (Job from client: 192.168.20.245)[RTRR Job] (Sync) Job qnap1TOqnap2-2 started.#012 
Mar  5 03:30:09 qfile01 qlogd[24599]: event log: Users: System, Source IP: 127.0.0.1, Computer name: localhost, Content:  [Snapshot volume:DataVol1] Created snapshot (Replication-Job3) successfully.
Mar  5 03:30:13 qfile01 qlogd[24599]: event log: Users: System, Source IP: 127.0.0.1, Computer name: localhost, Content:  [Snapshot volume:DataVol1] Created snapshot (Replication-Job11) successfully.
Mar  5 03:30:15 qfile01 qlogd[24599]: event log: Users: System, Source IP: 127.0.0.1, Computer name: localhost, Content: [RTRR Job] (Sync) Job qnap1TOqnap2-2 finished.
Mar  5 03:31:28 qfile02 qlogd[29929]: event log: Users: #012, Source IP: 127.0.0.1, Computer name: localhost, Content: (Job from client: 192.168.20.245)[RTRR Job] (Sync) Job qnap1TOqnap2-2 finished.#012 
Mar  5 03:31:01 f51 notice tmsh[13993]: 01420002:5: AUDIT - pid=13993 user=root folder=/Common module=(tmos)# status=[Command OK] cmd_data=show sys mcp-state field-fmt
Mar  5 03:31:01 f51 notice tmsh[13997]: 01420002:5: AUDIT - pid=13997 user=root folder=/Common module=(tmos)# status=[Command OK] cmd_data=list sys db
Mar  5 03:31:02 f52 notice tmsh[16395]: 01420002:5: AUDIT - pid=16395 user=root folder=/Common module=(tmos)# status=[Command OK] cmd_data=show sys mcp-state field-fmt
Mar  5 03:31:02 f52 notice tmsh[16399]: 01420002:5: AUDIT - pid=16399 user=root folder=/Common module=(tmos)# status=[Command OK] cmd_data=list sys db
Mar  5 03:30:40 qfile01 qlogd[24599]: event log: Users: System, Source IP: 127.0.0.1, Computer name: localhost, Content: [RTRR Job] (Sync) Job qnap1TOqnap2-5 finished.
Mar  5 03:31:53 qfile02 qlogd[29929]: event log: Users: #012, Source IP: 127.0.0.1, Computer name: localhost, Content: (Job from client: 192.168.20.245)[RTRR Job] (Sync) Job qnap1TOqnap2-5 finished.#012 
Mar  5 03:35:05 f51 warning tmm[12763]: 01260009:4: Connection error: ssl_hs_rxv2hello:7995: unsupported version (40)
Mar  5 03:35:06 f51 warning tmm2[12763]: 01260009:4: Connection error: ssl_hs_rxhello:7284: unsupported version (40)
Mar  5 03:35:45 f51 warning tmm3[12763]: 01260009:4: Connection error: ssl_select_suite:6788: no shared ciphers (40)
Mar  5 03:35:45 f51 warning tmm3[12763]: 01260026:4: No shared ciphers between SSL peers 208.93.152.80.51038:10.51.187.10.443.
Mar  5 03:36:16 f51 warning tmm1[12763]: 01260009:4: Connection error: ssl_select_suite:6788: no shared ciphers (40)
Mar  5 03:36:16 f51 warning tmm1[12763]: 01260026:4: No shared ciphers between SSL peers 208.93.152.80.39100:10.51.187.10.443.
Mar  5 03:40:00 qfile01 qlogd[24599]: event log: Users: System, Source IP: 127.0.0.1, Computer name: localhost, Content: [RTRR Job] (Sync) Job qnap1TOqnap2-6 started.
Mar  5 03:41:14 qfile02 qlogd[29929]: event log: Users: #012, Source IP: 127.0.0.1, Computer name: localhost, Content: (Job from client: 192.168.20.245)[RTRR Job] (Sync) Job qnap1TOqnap2-6 started.#012 
Mar  5 03:40:01 qfile01 qlogd[24599]: event log: Users: System, Source IP: 127.0.0.1, Computer name: localhost, Content: [RTRR Job] (Sync) Job qnap1TOqnap2-3 started.
Mar  5 03:41:14 qfile02 qlogd[29929]: event log: Users: #012, Source IP: 127.0.0.1, Computer name: localhost, Content: (Job from client: 192.168.20.245)[RTRR Job] (Sync) Job qnap1TOqnap2-3 started.#012 
Mar  5 03:40:08 qfile01 qlogd[24599]: event log: Users: System, Source IP: 127.0.0.1, Computer name: localhost, Content:  [Snapshot volume:DataVol1] Created snapshot (Replication-Job0) successfully.
Mar  5 03:40:12 qfile01 qlogd[24599]: event log: Users: System, Source IP: 127.0.0.1, Computer name: localhost, Content:  [Snapshot volume:DataVol1] Created snapshot (Replication-Job10) successfully.
Mar  5 03:40:12 qfile01 qlogd[24599]: event log: Users: System, Source IP: 127.0.0.1, Computer name: localhost, Content: [RTRR Job] (Sync) Job qnap1TOqnap2-3 finished.
Mar  5 03:41:25 qfile02 qlogd[29929]: event log: Users: #012, Source IP: 127.0.0.1, Computer name: localhost, Content: (Job from client: 192.168.20.245)[RTRR Job] (Sync) Job qnap1TOqnap2-3 finished.#012 
Mar  5 03:40:27 qfile01 qlogd[24599]: event log: Users: System, Source IP: 127.0.0.1, Computer name: localhost, Content: [RTRR Job] (Sync) Job qnap1TOqnap2-6 finished.
Mar  5 03:41:40 qfile02 qlogd[29929]: event log: Users: #012, Source IP: 127.0.0.1, Computer name: localhost, Content: (Job from client: 192.168.20.245)[RTRR Job] (Sync) Job qnap1TOqnap2-6 finished.#012 
Mar  5 03:41:01 f52 notice tmsh[16870]: 01420002:5: AUDIT - pid=16870 user=root folder=/Common module=(tmos)# status=[Command OK] cmd_data=show sys mcp-state field-fmt
Mar  5 03:41:01 f51 notice tmsh[14676]: 01420002:5: AUDIT - pid=14676 user=root folder=/Common module=(tmos)# status=[Command OK] cmd_data=show sys mcp-state field-fmt
Mar  5 03:41:01 f52 notice tmsh[16874]: 01420002:5: AUDIT - pid=16874 user=root folder=/Common module=(tmos)# status=[Command OK] cmd_data=list sys db
Mar  5 03:41:02 f51 notice tmsh[14680]: 01420002:5: AUDIT - pid=14680 user=root folder=/Common module=(tmos)# status=[Command OK] cmd_data=list sys db
Mar  5 03:51:01 f52 notice tmsh[17344]: 01420002:5: AUDIT - pid=17344 user=root folder=/Common module=(tmos)# status=[Command OK] cmd_data=show sys mcp-state field-fmt
Mar  5 03:51:01 f52 notice tmsh[17348]: 01420002:5: AUDIT - pid=17348 user=root folder=/Common module=(tmos)# status=[Command OK] cmd_data=list sys db
Mar  5 03:51:01 f51 notice tmsh[15153]: 01420002:5: AUDIT - pid=15153 user=root folder=/Common module=(tmos)# status=[Command OK] cmd_data=show sys mcp-state field-fmt
Mar  5 03:51:01 f51 notice tmsh[15157]: 01420002:5: AUDIT - pid=15157 user=root folder=/Common module=(tmos)# status=[Command OK] cmd_data=list sys db
Mar  5 04:00:00 qfile01 qlogd[24599]: event log: Users: System, Source IP: 127.0.0.1, Computer name: localhost, Content: [RTRR Job] (Sync) Job FTPServerToQnap1 started.
Mar  5 04:01:01 f51 notice tmsh[15661]: 01420002:5: AUDIT - pid=15661 user=root folder=/Common module=(tmos)# status=[Command OK] cmd_data=show sys mcp-state field-fmt
Mar  5 04:01:01 f51 notice tmsh[15665]: 01420002:5: AUDIT - pid=15665 user=root folder=/Common module=(tmos)# status=[Command OK] cmd_data=list sys db
Mar  5 04:01:02 f52 notice tmsh[17854]: 01420002:5: AUDIT - pid=17854 user=root folder=/Common module=(tmos)# status=[Command OK] cmd_data=show sys mcp-state field-fmt
Mar  5 04:01:02 f52 notice tmsh[17858]: 01420002:5: AUDIT - pid=17858 user=root folder=/Common module=(tmos)# status=[Command OK] cmd_data=list sys db
Mar  5 04:02:36 qfile01 qlogd[24599]: event log: Users: System, Source IP: 127.0.0.1, Computer name: localhost, Content: [RTRR Job] (Sync) Job FTPServerToQnap1 finished.
Mar  5 04:11:01 f51 notice tmsh[16357]: 01420002:5: AUDIT - pid=16357 user=root folder=/Common module=(tmos)# status=[Command OK] cmd_data=show sys mcp-state field-fmt
Mar  5 04:11:02 f52 notice tmsh[18555]: 01420002:5: AUDIT - pid=18555 user=root folder=/Common module=(tmos)# status=[Command OK] cmd_data=show sys mcp-state field-fmt
Mar  5 04:11:02 f51 notice tmsh[16361]: 01420002:5: AUDIT - pid=16361 user=root folder=/Common module=(tmos)# status=[Command OK] cmd_data=list sys db
Mar  5 04:11:02 f52 notice tmsh[18559]: 01420002:5: AUDIT - pid=18559 user=root folder=/Common module=(tmos)# status=[Command OK] cmd_data=list sys db
Mar  5 04:20:01 qfile01 qlogd[24599]: event log: Users: System, Source IP: 127.0.0.1, Computer name: localhost, Content: [RTRR Job] (Sync) Job qnap1TOqnap2-4 started.
Mar  5 04:20:02 qfile01 qlogd[24599]: event log: Users: System, Source IP: 127.0.0.1, Computer name: localhost, Content: [RTRR Job] (Sync) Job qnap1TOqnap2-1 started.
Mar  5 04:21:24 qfile02 qlogd[29929]: event log: Users: #012, Source IP: 127.0.0.1, Computer name: localhost, Content: (Job from client: 192.168.20.245)[RTRR Job] (Sync) Job qnap1TOqnap2-4 started.#012 
Mar  5 04:21:26 qfile02 qlogd[29929]: event log: Users: #012, Source IP: 127.0.0.1, Computer name: localhost, Content: (Job from client: 192.168.20.245)[RTRR Job] (Sync) Job qnap1TOqnap2-1 started.#012 
Mar  5 04:20:23 qfile01 qlogd[24599]: event log: Users: System, Source IP: 127.0.0.1, Computer name: localhost, Content:  [Snapshot volume:DataVol1] Created snapshot (Replication-Job9) successfully.
Mar  5 04:20:25 qfile01 qlogd[24599]: event log: Users: System, Source IP: 127.0.0.1, Computer name: localhost, Content: [RTRR Job] (Sync) Job qnap1TOqnap2-4 finished.
Mar  5 04:21:38 qfile02 qlogd[29929]: event log: Users: #012, Source IP: 127.0.0.1, Computer name: localhost, Content: (Job from client: 192.168.20.245)[RTRR Job] (Sync) Job qnap1TOqnap2-4 finished.#012 
Mar  5 04:20:26 qfile01 qlogd[24599]: event log: Users: System, Source IP: 127.0.0.1, Computer name: localhost, Content:  [Snapshot volume:DataVol1] Created snapshot (Replication-Job12) successfully.
Mar  5 04:20:27 qfile01 qlogd[24599]: event log: Users: System, Source IP: 127.0.0.1, Computer name: localhost, Content: [RTRR Job] (Sync) Job qnap1TOqnap2-1 finished.
Mar  5 04:21:41 qfile02 qlogd[29929]: event log: Users: #012, Source IP: 127.0.0.1, Computer name: localhost, Content: (Job from client: 192.168.20.245)[RTRR Job] (Sync) Job qnap1TOqnap2-1 finished.#012 
Mar  5 04:21:01 f51 notice tmsh[16839]: 01420002:5: AUDIT - pid=16839 user=root folder=/Common module=(tmos)# status=[Command OK] cmd_data=show sys mcp-state field-fmt
Mar  5 04:21:01 f52 notice tmsh[19037]: 01420002:5: AUDIT - pid=19037 user=root folder=/Common module=(tmos)# status=[Command OK] cmd_data=show sys mcp-state field-fmt
Mar  5 04:21:01 f51 notice tmsh[16843]: 01420002:5: AUDIT - pid=16843 user=root folder=/Common module=(tmos)# status=[Command OK] cmd_data=list sys db
Mar  5 04:21:01 f52 notice tmsh[19041]: 01420002:5: AUDIT - pid=19041 user=root folder=/Common module=(tmos)# status=[Command OK] cmd_data=list sys db
Mar  5 04:30:01 qfile02 qlogd[29929]: event log: Users: System, Source IP: 127.0.0.1, Computer name: localhost, Content: [RTRR Job] (Sync) Job qnap1->qnap2ForALLBank started.
Mar  5 04:28:48 qfile01 qlogd[24599]: event log: Users: #012, Source IP: 127.0.0.1, Computer name: localhost, Content: (Job from client: 10.51.188.19)[RTRR Job] (Sync) Job qnap1->qnap2ForALLBank started.#012 
Mar  5 04:30:12 qfile02 qlogd[29929]: event log: Users: System, Source IP: 127.0.0.1, Computer name: localhost, Content: [RTRR Job] (Sync) Job qnap1->qnap2ForALLBank finished.
Mar  5 04:28:59 qfile01 qlogd[24599]: event log: Users: #012, Source IP: 127.0.0.1, Computer name: localhost, Content: (Job from client: 10.51.188.19)[RTRR Job] (Sync) Job qnap1->qnap2ForALLBank finished.#012 
Mar  5 04:30:00 qfile01 qlogd[24599]: event log: Users: System, Source IP: 127.0.0.1, Computer name: localhost, Content: [RTRR Job] (Sync) Job qnap1TOqnap2-5 started.
Mar  5 04:31:13 qfile02 qlogd[29929]: event log: Users: #012, Source IP: 127.0.0.1, Computer name: localhost, Content: (Job from client: 192.168.20.245)[RTRR Job] (Sync) Job qnap1TOqnap2-5 started.#012 
Mar  5 04:30:01 qfile01 qlogd[24599]: event log: Users: System, Source IP: 127.0.0.1, Computer name: localhost, Content: [RTRR Job] (Sync) Job qnap1TOqnap2-2 started.
Mar  5 04:31:15 qfile02 qlogd[29929]: event log: Users: #012, Source IP: 127.0.0.1, Computer name: localhost, Content: (Job from client: 192.168.20.245)[RTRR Job] (Sync) Job qnap1TOqnap2-2 started.#012 
Mar  5 04:30:08 qfile01 qlogd[24599]: event log: Users: System, Source IP: 127.0.0.1, Computer name: localhost, Content:  [Snapshot volume:DataVol1] Created snapshot (Replication-Job11) successfully.
Mar  5 04:30:12 qfile01 qlogd[24599]: event log: Users: System, Source IP: 127.0.0.1, Computer name: localhost, Content:  [Snapshot volume:DataVol1] Created snapshot (Replication-Job3) successfully.
Mar  5 04:30:13 qfile01 qlogd[24599]: event log: Users: System, Source IP: 127.0.0.1, Computer name: localhost, Content: [RTRR Job] (Sync) Job qnap1TOqnap2-2 finished.
Mar  5 04:31:27 qfile02 qlogd[29929]: event log: Users: #012, Source IP: 127.0.0.1, Computer name: localhost, Content: (Job from client: 192.168.20.245)[RTRR Job] (Sync) Job qnap1TOqnap2-2 finished.#012 
Mar  5 04:31:01 f52 notice tmsh[19511]: 01420002:5: AUDIT - pid=19511 user=root folder=/Common module=(tmos)# status=[Command OK] cmd_data=show sys mcp-state field-fmt
Mar  5 04:31:01 f52 notice tmsh[19515]: 01420002:5: AUDIT - pid=19515 user=root folder=/Common module=(tmos)# status=[Command OK] cmd_data=list sys db
Mar  5 04:31:02 f51 notice tmsh[17309]: 01420002:5: AUDIT - pid=17309 user=root folder=/Common module=(tmos)# status=[Command OK] cmd_data=show sys mcp-state field-fmt
Mar  5 04:31:02 f51 notice tmsh[17313]: 01420002:5: AUDIT - pid=17313 user=root folder=/Common module=(tmos)# status=[Command OK] cmd_data=list sys db
Mar  5 04:30:41 qfile01 qlogd[24599]: event log: Users: System, Source IP: 127.0.0.1, Computer name: localhost, Content: [RTRR Job] (Sync) Job qnap1TOqnap2-5 finished.
Mar  5 04:31:55 qfile02 qlogd[29929]: event log: Users: #012, Source IP: 127.0.0.1, Computer name: localhost, Content: (Job from client: 192.168.20.245)[RTRR Job] (Sync) Job qnap1TOqnap2-5 finished.#012 
Mar  5 04:40:00 qfile01 qlogd[24599]: event log: Users: System, Source IP: 127.0.0.1, Computer name: localhost, Content: [RTRR Job] (Sync) Job qnap1TOqnap2-6 started.
Mar  5 04:41:13 qfile02 qlogd[29929]: event log: Users: #012, Source IP: 127.0.0.1, Computer name: localhost, Content: (Job from client: 192.168.20.245)[RTRR Job] (Sync) Job qnap1TOqnap2-6 started.#012 
Mar  5 04:40:01 qfile01 qlogd[24599]: event log: Users: System, Source IP: 127.0.0.1, Computer name: localhost, Content: [RTRR Job] (Sync) Job qnap1TOqnap2-3 started.
Mar  5 04:41:14 qfile02 qlogd[29929]: event log: Users: #012, Source IP: 127.0.0.1, Computer name: localhost, Content: (Job from client: 192.168.20.245)[RTRR Job] (Sync) Job qnap1TOqnap2-3 started.#012 
Mar  5 04:40:08 qfile01 qlogd[24599]: event log: Users: System, Source IP: 127.0.0.1, Computer name: localhost, Content:  [Snapshot volume:DataVol1] Created snapshot (Replication-Job0) successfully.
Mar  5 04:40:12 qfile01 qlogd[24599]: event log: Users: System, Source IP: 127.0.0.1, Computer name: localhost, Content:  [Snapshot volume:DataVol1] Created snapshot (Replication-Job10) successfully.
Mar  5 04:40:12 qfile01 qlogd[24599]: event log: Users: System, Source IP: 127.0.0.1, Computer name: localhost, Content: [RTRR Job] (Sync) Job qnap1TOqnap2-3 finished.
Mar  5 04:41:25 qfile02 qlogd[29929]: event log: Users: #012, Source IP: 127.0.0.1, Computer name: localhost, Content: (Job from client: 192.168.20.245)[RTRR Job] (Sync) Job qnap1TOqnap2-3 finished.#012 
Mar  5 04:40:29 qfile01 qlogd[24599]: event log: Users: System, Source IP: 127.0.0.1, Computer name: localhost, Content: [RTRR Job] (Sync) Job qnap1TOqnap2-6 finished.
Mar  5 04:41:42 qfile02 qlogd[29929]: event log: Users: #012, Source IP: 127.0.0.1, Computer name: localhost, Content: (Job from client: 192.168.20.245)[RTRR Job] (Sync) Job qnap1TOqnap2-6 finished.#012 
Mar  5 04:41:01 f51 notice tmsh[17779]: 01420002:5: AUDIT - pid=17779 user=root folder=/Common module=(tmos)# status=[Command OK] cmd_data=show sys mcp-state field-fmt
Mar  5 04:41:01 f52 notice tmsh[19985]: 01420002:5: AUDIT - pid=19985 user=root folder=/Common module=(tmos)# status=[Command OK] cmd_data=show sys mcp-state field-fmt
Mar  5 04:41:01 f51 notice tmsh[17783]: 01420002:5: AUDIT - pid=17783 user=root folder=/Common module=(tmos)# status=[Command OK] cmd_data=list sys db
Mar  5 04:41:02 f52 notice tmsh[19989]: 01420002:5: AUDIT - pid=19989 user=root folder=/Common module=(tmos)# status=[Command OK] cmd_data=list sys db
Mar  5 04:51:01 f51 notice tmsh[18255]: 01420002:5: AUDIT - pid=18255 user=root folder=/Common module=(tmos)# status=[Command OK] cmd_data=show sys mcp-state field-fmt
Mar  5 04:51:01 f52 notice tmsh[20459]: 01420002:5: AUDIT - pid=20459 user=root folder=/Common module=(tmos)# status=[Command OK] cmd_data=show sys mcp-state field-fmt
Mar  5 04:51:01 f51 notice tmsh[18259]: 01420002:5: AUDIT - pid=18259 user=root folder=/Common module=(tmos)# status=[Command OK] cmd_data=list sys db
Mar  5 04:51:01 f52 notice tmsh[20463]: 01420002:5: AUDIT - pid=20463 user=root folder=/Common module=(tmos)# status=[Command OK] cmd_data=list sys db
Mar  5 05:00:01 qfile01 qlogd[24599]: event log: Users: System, Source IP: 127.0.0.1, Computer name: localhost, Content: [RTRR Job] (Sync) Job FTPServerToQnap1 started.
Mar  5 05:01:01 f51 notice tmsh[18748]: 01420002:5: AUDIT - pid=18748 user=root folder=/Common module=(tmos)# status=[Command OK] cmd_data=show sys mcp-state field-fmt
Mar  5 05:01:02 f52 notice tmsh[20956]: 01420002:5: AUDIT - pid=20956 user=root folder=/Common module=(tmos)# status=[Command OK] cmd_data=show sys mcp-state field-fmt
Mar  5 05:01:02 f51 notice tmsh[18752]: 01420002:5: AUDIT - pid=18752 user=root folder=/Common module=(tmos)# status=[Command OK] cmd_data=list sys db
Mar  5 05:01:02 f52 notice tmsh[20967]: 01420002:5: AUDIT - pid=20967 user=root folder=/Common module=(tmos)# status=[Command OK] cmd_data=list sys db
Mar  5 05:02:39 qfile01 qlogd[24599]: event log: Users: System, Source IP: 127.0.0.1, Computer name: localhost, Content: [RTRR Job] (Sync) Job FTPServerToQnap1 finished.
Mar  5 05:11:01 f51 notice tmsh[19442]: 01420002:5: AUDIT - pid=19442 user=root folder=/Common module=(tmos)# status=[Command OK] cmd_data=show sys mcp-state field-fmt
Mar  5 05:11:01 f51 notice tmsh[19446]: 01420002:5: AUDIT - pid=19446 user=root folder=/Common module=(tmos)# status=[Command OK] cmd_data=list sys db
Mar  5 05:11:01 f52 notice tmsh[21657]: 01420002:5: AUDIT - pid=21657 user=root folder=/Common module=(tmos)# status=[Command OK] cmd_data=show sys mcp-state field-fmt
Mar  5 05:11:02 f52 notice tmsh[21661]: 01420002:5: AUDIT - pid=21661 user=root folder=/Common module=(tmos)# status=[Command OK] cmd_data=list sys db
Mar  5 05:20:01 qfile01 qlogd[24599]: event log: Users: System, Source IP: 127.0.0.1, Computer name: localhost, Content: [RTRR Job] (Sync) Job qnap1TOqnap2-4 started.
Mar  5 05:20:02 qfile01 qlogd[24599]: event log: Users: System, Source IP: 127.0.0.1, Computer name: localhost, Content: [RTRR Job] (Sync) Job qnap1TOqnap2-1 started.
Mar  5 05:21:25 qfile02 qlogd[29929]: event log: Users: #012, Source IP: 127.0.0.1, Computer name: localhost, Content: (Job from client: 192.168.20.245)[RTRR Job] (Sync) Job qnap1TOqnap2-4 started.#012 
Mar  5 05:21:26 qfile02 qlogd[29929]: event log: Users: #012, Source IP: 127.0.0.1, Computer name: localhost, Content: (Job from client: 192.168.20.245)[RTRR Job] (Sync) Job qnap1TOqnap2-1 started.#012 
Mar  5 05:20:21 qfile01 qlogd[24599]: event log: Users: System, Source IP: 127.0.0.1, Computer name: localhost, Content:  [Snapshot volume:DataVol1] Created snapshot (Replication-Job9) successfully.
Mar  5 05:20:23 qfile01 qlogd[24599]: event log: Users: System, Source IP: 127.0.0.1, Computer name: localhost, Content: [RTRR Job] (Sync) Job qnap1TOqnap2-4 finished.
Mar  5 05:21:36 qfile02 qlogd[29929]: event log: Users: #012, Source IP: 127.0.0.1, Computer name: localhost, Content: (Job from client: 192.168.20.245)[RTRR Job] (Sync) Job qnap1TOqnap2-4 finished.#012 
Mar  5 05:20:26 qfile01 qlogd[24599]: event log: Users: System, Source IP: 127.0.0.1, Computer name: localhost, Content:  [Snapshot volume:DataVol1] Created snapshot (Replication-Job12) successfully.
Mar  5 05:20:28 qfile01 qlogd[24599]: event log: Users: System, Source IP: 127.0.0.1, Computer name: localhost, Content: [RTRR Job] (Sync) Job qnap1TOqnap2-1 finished.
Mar  5 05:21:41 qfile02 qlogd[29929]: event log: Users: #012, Source IP: 127.0.0.1, Computer name: localhost, Content: (Job from client: 192.168.20.245)[RTRR Job] (Sync) Job qnap1TOqnap2-1 finished.#012 
Mar  5 05:21:01 f51 notice tmsh[19913]: 01420002:5: AUDIT - pid=19913 user=root folder=/Common module=(tmos)# status=[Command OK] cmd_data=show sys mcp-state field-fmt
Mar  5 05:21:01 f52 notice tmsh[22137]: 01420002:5: AUDIT - pid=22137 user=root folder=/Common module=(tmos)# status=[Command OK] cmd_data=show sys mcp-state field-fmt
Mar  5 05:21:01 f51 notice tmsh[19917]: 01420002:5: AUDIT - pid=19917 user=root folder=/Common module=(tmos)# status=[Command OK] cmd_data=list sys db
Mar  5 05:21:01 f52 notice tmsh[22141]: 01420002:5: AUDIT - pid=22141 user=root folder=/Common module=(tmos)# status=[Command OK] cmd_data=list sys db
Mar  5 05:30:01 qfile02 qlogd[29929]: event log: Users: System, Source IP: 127.0.0.1, Computer name: localhost, Content: [RTRR Job] (Sync) Job qnap1->qnap2ForALLBank started.
Mar  5 05:28:49 qfile01 qlogd[24599]: event log: Users: #012, Source IP: 127.0.0.1, Computer name: localhost, Content: (Job from client: 10.51.188.19)[RTRR Job] (Sync) Job qnap1->qnap2ForALLBank started.#012 
Mar  5 05:30:18 qfile02 qlogd[29929]: event log: Users: System, Source IP: 127.0.0.1, Computer name: localhost, Content: [RTRR Job] (Sync) Job qnap1->qnap2ForALLBank finished.
Mar  5 05:29:05 qfile01 qlogd[24599]: event log: Users: #012, Source IP: 127.0.0.1, Computer name: localhost, Content: (Job from client: 10.51.188.19)[RTRR Job] (Sync) Job qnap1->qnap2ForALLBank finished.#012 
Mar  5 05:30:00 qfile01 qlogd[24599]: event log: Users: System, Source IP: 127.0.0.1, Computer name: localhost, Content: [RTRR Job] (Sync) Job qnap1TOqnap2-5 started.
Mar  5 05:31:13 qfile02 qlogd[29929]: event log: Users: #012, Source IP: 127.0.0.1, Computer name: localhost, Content: (Job from client: 192.168.20.245)[RTRR Job] (Sync) Job qnap1TOqnap2-5 started.#012 
Mar  5 05:30:01 qfile01 qlogd[24599]: event log: Users: System, Source IP: 127.0.0.1, Computer name: localhost, Content: [RTRR Job] (Sync) Job qnap1TOqnap2-2 started.
Mar  5 05:31:14 qfile02 qlogd[29929]: event log: Users: #012, Source IP: 127.0.0.1, Computer name: localhost, Content: (Job from client: 192.168.20.245)[RTRR Job] (Sync) Job qnap1TOqnap2-2 started.#012 
Mar  5 05:30:09 qfile01 qlogd[24599]: event log: Users: System, Source IP: 127.0.0.1, Computer name: localhost, Content:  [Snapshot volume:DataVol1] Created snapshot (Replication-Job11) successfully.
Mar  5 05:30:12 qfile01 qlogd[24599]: event log: Users: System, Source IP: 127.0.0.1, Computer name: localhost, Content: [RTRR Job] (Sync) Job qnap1TOqnap2-2 finished.
Mar  5 05:31:25 qfile02 qlogd[29929]: event log: Users: #012, Source IP: 127.0.0.1, Computer name: localhost, Content: (Job from client: 192.168.20.245)[RTRR Job] (Sync) Job qnap1TOqnap2-2 finished.#012 
Mar  5 05:30:13 qfile01 qlogd[24599]: event log: Users: System, Source IP: 127.0.0.1, Computer name: localhost, Content:  [Snapshot volume:DataVol1] Created snapshot (Replication-Job3) successfully.
Mar  5 05:31:01 f51 notice tmsh[20383]: 01420002:5: AUDIT - pid=20383 user=root folder=/Common module=(tmos)# status=[Command OK] cmd_data=show sys mcp-state field-fmt
Mar  5 05:31:02 f52 notice tmsh[22611]: 01420002:5: AUDIT - pid=22611 user=root folder=/Common module=(tmos)# status=[Command OK] cmd_data=show sys mcp-state field-fmt
Mar  5 05:31:02 f51 notice tmsh[20387]: 01420002:5: AUDIT - pid=20387 user=root folder=/Common module=(tmos)# status=[Command OK] cmd_data=list sys db
Mar  5 05:31:02 f52 notice tmsh[22615]: 01420002:5: AUDIT - pid=22615 user=root folder=/Common module=(tmos)# status=[Command OK] cmd_data=list sys db
Mar  5 05:30:40 qfile01 qlogd[24599]: event log: Users: System, Source IP: 127.0.0.1, Computer name: localhost, Content: [Microsoft Networking] The NAS registration in DNS failed
Mar  5 05:30:41 qfile01 qlogd[24599]: event log: Users: System, Source IP: 127.0.0.1, Computer name: localhost, Content: [RTRR Job] (Sync) Job qnap1TOqnap2-5 finished.
Mar  5 05:31:54 qfile02 qlogd[29929]: event log: Users: #012, Source IP: 127.0.0.1, Computer name: localhost, Content: (Job from client: 192.168.20.245)[RTRR Job] (Sync) Job qnap1TOqnap2-5 finished.#012 
Mar  5 05:40:00 qfile01 qlogd[24599]: event log: Users: System, Source IP: 127.0.0.1, Computer name: localhost, Content: [RTRR Job] (Sync) Job qnap1TOqnap2-6 started.
Mar  5 05:41:13 qfile02 qlogd[29929]: event log: Users: #012, Source IP: 127.0.0.1, Computer name: localhost, Content: (Job from client: 192.168.20.245)[RTRR Job] (Sync) Job qnap1TOqnap2-6 started.#012 
Mar  5 05:40:01 qfile01 qlogd[24599]: event log: Users: System, Source IP: 127.0.0.1, Computer name: localhost, Content: [RTRR Job] (Sync) Job qnap1TOqnap2-3 started.
Mar  5 05:41:14 qfile02 qlogd[29929]: event log: Users: #012, Source IP: 127.0.0.1, Computer name: localhost, Content: (Job from client: 192.168.20.245)[RTRR Job] (Sync) Job qnap1TOqnap2-3 started.#012 
Mar  5 05:40:08 qfile01 qlogd[24599]: event log: Users: System, Source IP: 127.0.0.1, Computer name: localhost, Content:  [Snapshot volume:DataVol1] Created snapshot (Replication-Job0) successfully.
Mar  5 05:40:12 qfile01 qlogd[24599]: event log: Users: System, Source IP: 127.0.0.1, Computer name: localhost, Content:  [Snapshot volume:DataVol1] Created snapshot (Replication-Job10) successfully.
Mar  5 05:40:12 qfile01 qlogd[24599]: event log: Users: System, Source IP: 127.0.0.1, Computer name: localhost, Content: [RTRR Job] (Sync) Job qnap1TOqnap2-3 finished.
Mar  5 05:41:26 qfile02 qlogd[29929]: event log: Users: #012, Source IP: 127.0.0.1, Computer name: localhost, Content: (Job from client: 192.168.20.245)[RTRR Job] (Sync) Job qnap1TOqnap2-3 finished.#012 
Mar  5 05:40:27 qfile01 qlogd[24599]: event log: Users: System, Source IP: 127.0.0.1, Computer name: localhost, Content: [RTRR Job] (Sync) Job qnap1TOqnap2-6 finished.
Mar  5 05:41:40 qfile02 qlogd[29929]: event log: Users: #012, Source IP: 127.0.0.1, Computer name: localhost, Content: (Job from client: 192.168.20.245)[RTRR Job] (Sync) Job qnap1TOqnap2-6 finished.#012 
Mar  5 05:41:01 f51 notice tmsh[20853]: 01420002:5: AUDIT - pid=20853 user=root folder=/Common module=(tmos)# status=[Command OK] cmd_data=show sys mcp-state field-fmt
Mar  5 05:41:01 f52 notice tmsh[23085]: 01420002:5: AUDIT - pid=23085 user=root folder=/Common module=(tmos)# status=[Command OK] cmd_data=show sys mcp-state field-fmt
Mar  5 05:41:01 f51 notice tmsh[20857]: 01420002:5: AUDIT - pid=20857 user=root folder=/Common module=(tmos)# status=[Command OK] cmd_data=list sys db
Mar  5 05:41:01 f52 notice tmsh[23089]: 01420002:5: AUDIT - pid=23089 user=root folder=/Common module=(tmos)# status=[Command OK] cmd_data=list sys db
Mar  5 05:51:01 f52 notice tmsh[23559]: 01420002:5: AUDIT - pid=23559 user=root folder=/Common module=(tmos)# status=[Command OK] cmd_data=show sys mcp-state field-fmt
Mar  5 05:51:01 f52 notice tmsh[23563]: 01420002:5: AUDIT - pid=23563 user=root folder=/Common module=(tmos)# status=[Command OK] cmd_data=list sys db
Mar  5 05:51:02 f51 notice tmsh[21329]: 01420002:5: AUDIT - pid=21329 user=root folder=/Common module=(tmos)# status=[Command OK] cmd_data=show sys mcp-state field-fmt
Mar  5 05:51:02 f51 notice tmsh[21333]: 01420002:5: AUDIT - pid=21333 user=root folder=/Common module=(tmos)# status=[Command OK] cmd_data=list sys db
Mar  5 06:00:01 qfile01 qlogd[24599]: event log: Users: System, Source IP: 127.0.0.1, Computer name: localhost, Content: [RTRR Job] (Sync) Job FTPServerToQnap1 started.
Mar  5 06:01:01 f51 notice tmsh[21822]: 01420002:5: AUDIT - pid=21822 user=root folder=/Common module=(tmos)# status=[Command OK] cmd_data=show sys mcp-state field-fmt
Mar  5 06:01:01 f52 notice tmsh[24056]: 01420002:5: AUDIT - pid=24056 user=root folder=/Common module=(tmos)# status=[Command OK] cmd_data=show sys mcp-state field-fmt
Mar  5 06:01:02 f51 notice tmsh[21834]: 01420002:5: AUDIT - pid=21834 user=root folder=/Common module=(tmos)# status=[Command OK] cmd_data=list sys db
Mar  5 06:01:02 f52 notice tmsh[24063]: 01420002:5: AUDIT - pid=24063 user=root folder=/Common module=(tmos)# status=[Command OK] cmd_data=list sys db
Mar  5 06:02:36 qfile01 qlogd[24599]: event log: Users: System, Source IP: 127.0.0.1, Computer name: localhost, Content: [RTRR Job] (Sync) Job FTPServerToQnap1 finished.
Mar  5 06:11:01 f51 notice tmsh[22516]: 01420002:5: AUDIT - pid=22516 user=root folder=/Common module=(tmos)# status=[Command OK] cmd_data=show sys mcp-state field-fmt
Mar  5 06:11:01 f51 notice tmsh[22520]: 01420002:5: AUDIT - pid=22520 user=root folder=/Common module=(tmos)# status=[Command OK] cmd_data=list sys db
Mar  5 06:11:01 f52 notice tmsh[24757]: 01420002:5: AUDIT - pid=24757 user=root folder=/Common module=(tmos)# status=[Command OK] cmd_data=show sys mcp-state field-fmt
Mar  5 06:11:01 f52 notice tmsh[24761]: 01420002:5: AUDIT - pid=24761 user=root folder=/Common module=(tmos)# status=[Command OK] cmd_data=list sys db
Mar  5 06:20:00 qfile01 qlogd[24599]: event log: Users: System, Source IP: 127.0.0.1, Computer name: localhost, Content: [RTRR Job] (Sync) Job qnap1TOqnap2-4 started.
Mar  5 06:20:02 qfile01 qlogd[24599]: event log: Users: System, Source IP: 127.0.0.1, Computer name: localhost, Content: [RTRR Job] (Sync) Job qnap1TOqnap2-1 started.
Mar  5 06:21:24 qfile02 qlogd[29929]: event log: Users: #012, Source IP: 127.0.0.1, Computer name: localhost, Content: (Job from client: 192.168.20.245)[RTRR Job] (Sync) Job qnap1TOqnap2-4 started.#012 
Mar  5 06:21:26 qfile02 qlogd[29929]: event log: Users: #012, Source IP: 127.0.0.1, Computer name: localhost, Content: (Job from client: 192.168.20.245)[RTRR Job] (Sync) Job qnap1TOqnap2-1 started.#012 
Mar  5 06:20:21 qfile01 qlogd[24599]: event log: Users: System, Source IP: 127.0.0.1, Computer name: localhost, Content:  [Snapshot volume:DataVol1] Created snapshot (Replication-Job9) successfully.
Mar  5 06:20:26 qfile01 qlogd[24599]: event log: Users: System, Source IP: 127.0.0.1, Computer name: localhost, Content: [RTRR Job] (Sync) Job qnap1TOqnap2-4 finished.
Mar  5 06:21:40 qfile02 qlogd[29929]: event log: Users: #012, Source IP: 127.0.0.1, Computer name: localhost, Content: (Job from client: 192.168.20.245)[RTRR Job] (Sync) Job qnap1TOqnap2-4 finished.#012 
Mar  5 06:20:28 qfile01 qlogd[24599]: event log: Users: System, Source IP: 127.0.0.1, Computer name: localhost, Content:  [Snapshot volume:DataVol1] Created snapshot (Replication-Job12) successfully.
Mar  5 06:20:29 qfile01 qlogd[24599]: event log: Users: System, Source IP: 127.0.0.1, Computer name: localhost, Content: [RTRR Job] (Sync) Job qnap1TOqnap2-1 finished.
Mar  5 06:21:43 qfile02 qlogd[29929]: event log: Users: #012, Source IP: 127.0.0.1, Computer name: localhost, Content: (Job from client: 192.168.20.245)[RTRR Job] (Sync) Job qnap1TOqnap2-1 finished.#012 
Mar  5 06:21:01 f52 notice tmsh[25235]: 01420002:5: AUDIT - pid=25235 user=root folder=/Common module=(tmos)# status=[Command OK] cmd_data=show sys mcp-state field-fmt
Mar  5 06:21:01 f52 notice tmsh[25241]: 01420002:5: AUDIT - pid=25241 user=root folder=/Common module=(tmos)# status=[Command OK] cmd_data=list sys db
Mar  5 06:21:02 f51 notice tmsh[22987]: 01420002:5: AUDIT - pid=22987 user=root folder=/Common module=(tmos)# status=[Command OK] cmd_data=show sys mcp-state field-fmt
Mar  5 06:21:02 f51 notice tmsh[22991]: 01420002:5: AUDIT - pid=22991 user=root folder=/Common module=(tmos)# status=[Command OK] cmd_data=list sys db
Mar  5 06:30:01 qfile02 qlogd[29929]: event log: Users: System, Source IP: 127.0.0.1, Computer name: localhost, Content: [RTRR Job] (Sync) Job qnap1->qnap2ForALLBank started.
Mar  5 06:28:49 qfile01 qlogd[24599]: event log: Users: #012, Source IP: 127.0.0.1, Computer name: localhost, Content: (Job from client: 10.51.188.19)[RTRR Job] (Sync) Job qnap1->qnap2ForALLBank started.#012 
Mar  5 06:30:14 qfile02 qlogd[29929]: event log: Users: System, Source IP: 127.0.0.1, Computer name: localhost, Content: [RTRR Job] (Sync) Job qnap1->qnap2ForALLBank finished.
Mar  5 06:29:02 qfile01 qlogd[24599]: event log: Users: #012, Source IP: 127.0.0.1, Computer name: localhost, Content: (Job from client: 10.51.188.19)[RTRR Job] (Sync) Job qnap1->qnap2ForALLBank finished.#012 
Mar  5 06:30:02 qfile01 qlogd[24599]: event log: Users: System, Source IP: 127.0.0.1, Computer name: localhost, Content: [RTRR Job] (Sync) Job qnap1TOqnap2-5 started.
Mar  5 06:31:15 qfile02 qlogd[29929]: event log: Users: #012, Source IP: 127.0.0.1, Computer name: localhost, Content: (Job from client: 192.168.20.245)[RTRR Job] (Sync) Job qnap1TOqnap2-5 started.#012 
Mar  5 06:30:03 qfile01 qlogd[24599]: event log: Users: System, Source IP: 127.0.0.1, Computer name: localhost, Content: [RTRR Job] (Sync) Job qnap1TOqnap2-2 started.
Mar  5 06:31:17 qfile02 qlogd[29929]: event log: Users: #012, Source IP: 127.0.0.1, Computer name: localhost, Content: (Job from client: 192.168.20.245)[RTRR Job] (Sync) Job qnap1TOqnap2-2 started.#012 
Mar  5 06:30:09 qfile01 qlogd[24599]: event log: Users: System, Source IP: 127.0.0.1, Computer name: localhost, Content:  [Snapshot volume:DataVol1] Created snapshot (Replication-Job3) successfully.
Mar  5 06:30:14 qfile01 qlogd[24599]: event log: Users: System, Source IP: 127.0.0.1, Computer name: localhost, Content:  [Snapshot volume:DataVol1] Created snapshot (Replication-Job11) successfully.
Mar  5 06:30:16 qfile01 qlogd[24599]: event log: Users: System, Source IP: 127.0.0.1, Computer name: localhost, Content: [RTRR Job] (Sync) Job qnap1TOqnap2-2 finished.
Mar  5 06:31:30 qfile02 qlogd[29929]: event log: Users: #012, Source IP: 127.0.0.1, Computer name: localhost, Content: (Job from client: 192.168.20.245)[RTRR Job] (Sync) Job qnap1TOqnap2-2 finished.#012 
Mar  5 06:31:01 f51 notice tmsh[23457]: 01420002:5: AUDIT - pid=23457 user=root folder=/Common module=(tmos)# status=[Command OK] cmd_data=show sys mcp-state field-fmt
Mar  5 06:31:01 f52 notice tmsh[25711]: 01420002:5: AUDIT - pid=25711 user=root folder=/Common module=(tmos)# status=[Command OK] cmd_data=show sys mcp-state field-fmt
Mar  5 06:31:02 f51 notice tmsh[23461]: 01420002:5: AUDIT - pid=23461 user=root folder=/Common module=(tmos)# status=[Command OK] cmd_data=list sys db
Mar  5 06:31:02 f52 notice tmsh[25715]: 01420002:5: AUDIT - pid=25715 user=root folder=/Common module=(tmos)# status=[Command OK] cmd_data=list sys db
Mar  5 06:30:41 qfile01 qlogd[24599]: event log: Users: System, Source IP: 127.0.0.1, Computer name: localhost, Content: [RTRR Job] (Sync) Job qnap1TOqnap2-5 finished.
Mar  5 06:31:54 qfile02 qlogd[29929]: event log: Users: #012, Source IP: 127.0.0.1, Computer name: localhost, Content: (Job from client: 192.168.20.245)[RTRR Job] (Sync) Job qnap1TOqnap2-5 finished.#012 
Mar  5 06:40:01 qfile01 qlogd[24599]: event log: Users: System, Source IP: 127.0.0.1, Computer name: localhost, Content: [RTRR Job] (Sync) Job qnap1TOqnap2-6 started.
Mar  5 06:41:14 qfile02 qlogd[29929]: event log: Users: #012, Source IP: 127.0.0.1, Computer name: localhost, Content: (Job from client: 192.168.20.245)[RTRR Job] (Sync) Job qnap1TOqnap2-6 started.#012 
Mar  5 06:40:02 qfile01 qlogd[24599]: event log: Users: System, Source IP: 127.0.0.1, Computer name: localhost, Content: [RTRR Job] (Sync) Job qnap1TOqnap2-3 started.
Mar  5 06:41:16 qfile02 qlogd[29929]: event log: Users: #012, Source IP: 127.0.0.1, Computer name: localhost, Content: (Job from client: 192.168.20.245)[RTRR Job] (Sync) Job qnap1TOqnap2-3 started.#012 
Mar  5 06:40:13 qfile01 qlogd[24599]: event log: Users: System, Source IP: 127.0.0.1, Computer name: localhost, Content:  [Snapshot volume:DataVol1] Created snapshot (Replication-Job0) successfully.
Mar  5 06:40:19 qfile01 qlogd[24599]: event log: Users: System, Source IP: 127.0.0.1, Computer name: localhost, Content:  [Snapshot volume:DataVol1] Created snapshot (Replication-Job10) successfully.
Mar  5 06:40:19 qfile01 qlogd[24599]: event log: Users: System, Source IP: 127.0.0.1, Computer name: localhost, Content: [RTRR Job] (Sync) Job qnap1TOqnap2-3 finished.
Mar  5 06:41:32 qfile02 qlogd[29929]: event log: Users: #012, Source IP: 127.0.0.1, Computer name: localhost, Content: (Job from client: 192.168.20.245)[RTRR Job] (Sync) Job qnap1TOqnap2-3 finished.#012 
Mar  5 06:40:34 qfile01 qlogd[24599]: event log: Users: System, Source IP: 127.0.0.1, Computer name: localhost, Content: [RTRR Job] (Sync) Job qnap1TOqnap2-6 finished.
Mar  5 06:41:47 qfile02 qlogd[29929]: event log: Users: #012, Source IP: 127.0.0.1, Computer name: localhost, Content: (Job from client: 192.168.20.245)[RTRR Job] (Sync) Job qnap1TOqnap2-6 finished.#012 
Mar  5 06:41:01 f51 notice tmsh[23925]: 01420002:5: AUDIT - pid=23925 user=root folder=/Common module=(tmos)# status=[Command OK] cmd_data=show sys mcp-state field-fmt
Mar  5 06:41:01 f52 notice tmsh[26183]: 01420002:5: AUDIT - pid=26183 user=root folder=/Common module=(tmos)# status=[Command OK] cmd_data=show sys mcp-state field-fmt
Mar  5 06:41:01 f51 notice tmsh[23929]: 01420002:5: AUDIT - pid=23929 user=root folder=/Common module=(tmos)# status=[Command OK] cmd_data=list sys db
Mar  5 06:41:01 f52 notice tmsh[26187]: 01420002:5: AUDIT - pid=26187 user=root folder=/Common module=(tmos)# status=[Command OK] cmd_data=list sys db
Mar  5 06:51:01 f52 notice tmsh[26657]: 01420002:5: AUDIT - pid=26657 user=root folder=/Common module=(tmos)# status=[Command OK] cmd_data=show sys mcp-state field-fmt
Mar  5 06:51:01 f52 notice tmsh[26661]: 01420002:5: AUDIT - pid=26661 user=root folder=/Common module=(tmos)# status=[Command OK] cmd_data=list sys db
Mar  5 06:51:02 f51 notice tmsh[24403]: 01420002:5: AUDIT - pid=24403 user=root folder=/Common module=(tmos)# status=[Command OK] cmd_data=show sys mcp-state field-fmt
Mar  5 06:51:02 f51 notice tmsh[24407]: 01420002:5: AUDIT - pid=24407 user=root folder=/Common module=(tmos)# status=[Command OK] cmd_data=list sys db
Mar  5 06:59:36 qfile01 qlogd[24599]: conn log: Users: admin, Source IP: 203.75.8.193, Computer name: localhost, Connection type: FTP, Accessed resources: ---, Action: Login OK
Mar  5 06:59:37 qfile01 qlogd[24599]: conn log: Users: admin, Source IP: 203.75.8.193, Computer name: localhost, Connection type: FTP, Accessed resources: 信託部/禮卷請款明細/2017-03-04/, Action: MakeDir
Mar  5 06:59:38 qfile01 qlogd[24599]: conn log: Users: admin, Source IP: 203.75.8.193, Computer name: localhost, Connection type: FTP, Accessed resources: /信託部/禮卷請款明細/2017-03-04/[100050510001] 20170304232900.csv, Action: Write
Mar  5 07:00:01 qfile01 qlogd[24599]: event log: Users: System, Source IP: 127.0.0.1, Computer name: localhost, Content: [RTRR Job] (Sync) Job FTPServerToQnap1 started.
Mar  5 07:01:01 f51 notice tmsh[24894]: 01420002:5: AUDIT - pid=24894 user=root folder=/Common module=(tmos)# status=[Command OK] cmd_data=show sys mcp-state field-fmt
Mar  5 07:01:01 f52 notice tmsh[27154]: 01420002:5: AUDIT - pid=27154 user=root folder=/Common module=(tmos)# status=[Command OK] cmd_data=show sys mcp-state field-fmt
Mar  5 07:01:01 f51 notice tmsh[24898]: 01420002:5: AUDIT - pid=24898 user=root folder=/Common module=(tmos)# status=[Command OK] cmd_data=list sys db
Mar  5 07:01:02 f52 notice tmsh[27167]: 01420002:5: AUDIT - pid=27167 user=root folder=/Common module=(tmos)# status=[Command OK] cmd_data=list sys db
Mar  5 07:02:36 qfile01 qlogd[24599]: event log: Users: System, Source IP: 127.0.0.1, Computer name: localhost, Content: [RTRR Job] (Sync) Job FTPServerToQnap1 finished.
Mar  5 07:11:01 f52 notice tmsh[27855]: 01420002:5: AUDIT - pid=27855 user=root folder=/Common module=(tmos)# status=[Command OK] cmd_data=show sys mcp-state field-fmt
Mar  5 07:11:01 f51 notice tmsh[25588]: 01420002:5: AUDIT - pid=25588 user=root folder=/Common module=(tmos)# status=[Command OK] cmd_data=show sys mcp-state field-fmt
Mar  5 07:11:01 f52 notice tmsh[27859]: 01420002:5: AUDIT - pid=27859 user=root folder=/Common module=(tmos)# status=[Command OK] cmd_data=list sys db
Mar  5 07:11:01 f51 notice tmsh[25592]: 01420002:5: AUDIT - pid=25592 user=root folder=/Common module=(tmos)# status=[Command OK] cmd_data=list sys db
Mar  5 07:20:01 qfile01 qlogd[24599]: event log: Users: System, Source IP: 127.0.0.1, Computer name: localhost, Content: [RTRR Job] (Sync) Job qnap1TOqnap2-4 started.
Mar  5 07:21:14 qfile02 qlogd[29929]: event log: Users: #012, Source IP: 127.0.0.1, Computer name: localhost, Content: (Job from client: 192.168.20.245)[RTRR Job] (Sync) Job qnap1TOqnap2-4 started.#012 
Mar  5 07:20:02 qfile01 qlogd[24599]: event log: Users: System, Source IP: 127.0.0.1, Computer name: localhost, Content: [RTRR Job] (Sync) Job qnap1TOqnap2-1 started.
Mar  5 07:21:15 qfile02 qlogd[29929]: event log: Users: #012, Source IP: 127.0.0.1, Computer name: localhost, Content: (Job from client: 192.168.20.245)[RTRR Job] (Sync) Job qnap1TOqnap2-1 started.#012 
Mar  5 07:20:12 qfile01 qlogd[24599]: event log: Users: System, Source IP: 127.0.0.1, Computer name: localhost, Content:  [Snapshot volume:DataVol1] Created snapshot (Replication-Job9) successfully.
Mar  5 07:20:18 qfile01 qlogd[24599]: event log: Users: System, Source IP: 127.0.0.1, Computer name: localhost, Content: [RTRR Job] (Sync) Job qnap1TOqnap2-4 finished.
Mar  5 07:21:32 qfile02 qlogd[29929]: event log: Users: #012, Source IP: 127.0.0.1, Computer name: localhost, Content: (Job from client: 192.168.20.245)[RTRR Job] (Sync) Job qnap1TOqnap2-4 finished.#012 
Mar  5 07:20:22 qfile01 qlogd[24599]: event log: Users: System, Source IP: 127.0.0.1, Computer name: localhost, Content:  [Snapshot volume:DataVol1] Created snapshot (Replication-Job12) successfully.
Mar  5 07:20:23 qfile01 qlogd[24599]: event log: Users: System, Source IP: 127.0.0.1, Computer name: localhost, Content: [RTRR Job] (Sync) Job qnap1TOqnap2-1 finished.
Mar  5 07:21:37 qfile02 qlogd[29929]: event log: Users: #012, Source IP: 127.0.0.1, Computer name: localhost, Content: (Job from client: 192.168.20.245)[RTRR Job] (Sync) Job qnap1TOqnap2-1 finished.#012 
Mar  5 07:21:01 f52 notice tmsh[28335]: 01420002:5: AUDIT - pid=28335 user=root folder=/Common module=(tmos)# status=[Command OK] cmd_data=show sys mcp-state field-fmt
Mar  5 07:21:02 f51 notice tmsh[26058]: 01420002:5: AUDIT - pid=26058 user=root folder=/Common module=(tmos)# status=[Command OK] cmd_data=show sys mcp-state field-fmt
Mar  5 07:21:02 f52 notice tmsh[28339]: 01420002:5: AUDIT - pid=28339 user=root folder=/Common module=(tmos)# status=[Command OK] cmd_data=list sys db
Mar  5 07:21:02 f51 notice tmsh[26062]: 01420002:5: AUDIT - pid=26062 user=root folder=/Common module=(tmos)# status=[Command OK] cmd_data=list sys db
Mar  5 07:30:01 qfile02 qlogd[29929]: event log: Users: System, Source IP: 127.0.0.1, Computer name: localhost, Content: [RTRR Job] (Sync) Job qnap1->qnap2ForALLBank started.
Mar  5 07:28:49 qfile01 qlogd[24599]: event log: Users: #012, Source IP: 127.0.0.1, Computer name: localhost, Content: (Job from client: 10.51.188.19)[RTRR Job] (Sync) Job qnap1->qnap2ForALLBank started.#012 
Mar  5 07:30:14 qfile02 qlogd[29929]: event log: Users: System, Source IP: 127.0.0.1, Computer name: localhost, Content: [RTRR Job] (Sync) Job qnap1->qnap2ForALLBank finished.
Mar  5 07:29:02 qfile01 qlogd[24599]: event log: Users: #012, Source IP: 127.0.0.1, Computer name: localhost, Content: (Job from client: 10.51.188.19)[RTRR Job] (Sync) Job qnap1->qnap2ForALLBank finished.#012 
Mar  5 07:30:01 qfile01 qlogd[24599]: event log: Users: System, Source IP: 127.0.0.1, Computer name: localhost, Content: [RTRR Job] (Sync) Job qnap1TOqnap2-5 started.
Mar  5 07:31:15 qfile02 qlogd[29929]: event log: Users: #012, Source IP: 127.0.0.1, Computer name: localhost, Content: (Job from client: 192.168.20.245)[RTRR Job] (Sync) Job qnap1TOqnap2-5 started.#012 
Mar  5 07:30:02 qfile01 qlogd[24599]: event log: Users: System, Source IP: 127.0.0.1, Computer name: localhost, Content: [RTRR Job] (Sync) Job qnap1TOqnap2-2 started.
Mar  5 07:31:16 qfile02 qlogd[29929]: event log: Users: #012, Source IP: 127.0.0.1, Computer name: localhost, Content: (Job from client: 192.168.20.245)[RTRR Job] (Sync) Job qnap1TOqnap2-2 started.#012 
Mar  5 07:30:10 qfile01 qlogd[24599]: event log: Users: System, Source IP: 127.0.0.1, Computer name: localhost, Content:  [Snapshot volume:DataVol1] Created snapshot (Replication-Job11) successfully.
Mar  5 07:30:15 qfile01 qlogd[24599]: event log: Users: System, Source IP: 127.0.0.1, Computer name: localhost, Content: [RTRR Job] (Sync) Job qnap1TOqnap2-2 finished.
Mar  5 07:31:28 qfile02 qlogd[29929]: event log: Users: #012, Source IP: 127.0.0.1, Computer name: localhost, Content: (Job from client: 192.168.20.245)[RTRR Job] (Sync) Job qnap1TOqnap2-2 finished.#012 
Mar  5 07:30:17 qfile01 qlogd[24599]: event log: Users: System, Source IP: 127.0.0.1, Computer name: localhost, Content:  [Snapshot volume:DataVol1] Created snapshot (Replication-Job3) successfully.
Mar  5 07:31:01 f52 notice tmsh[28809]: 01420002:5: AUDIT - pid=28809 user=root folder=/Common module=(tmos)# status=[Command OK] cmd_data=show sys mcp-state field-fmt
Mar  5 07:31:01 f51 notice tmsh[26528]: 01420002:5: AUDIT - pid=26528 user=root folder=/Common module=(tmos)# status=[Command OK] cmd_data=show sys mcp-state field-fmt
Mar  5 07:31:01 f52 notice tmsh[28813]: 01420002:5: AUDIT - pid=28813 user=root folder=/Common module=(tmos)# status=[Command OK] cmd_data=list sys db
Mar  5 07:31:01 f51 notice tmsh[26532]: 01420002:5: AUDIT - pid=26532 user=root folder=/Common module=(tmos)# status=[Command OK] cmd_data=list sys db
