Feb  6 08:51:01 f52 notice tmsh[18388]: 01420002:5: AUDIT - pid=18388 user=root folder=/Common module=(tmos)# status=[Command OK] cmd_data=show sys mcp-state field-fmt
Feb  6 08:51:01 f52 notice tmsh[18392]: 01420002:5: AUDIT - pid=18392 user=root folder=/Common module=(tmos)# status=[Command OK] cmd_data=list sys db
Feb  6 08:54:27 f51 notice tmm[12476]: 01490502:5: /Common/sunny_access_profile_intra_production::83bc8580: Session deleted due to user inactivity.
Feb  6 08:54:27 f52 notice tmm[12602]: 01490502:5: /Common/sunny_access_profile_intra_production::83bc8580: Session deleted due to user inactivity.
Feb  6 08:54:36 f51 notice tmm1[12476]: 01490502:5: /Common/sunny_access_profile_intra_production::72259025: Session deleted due to user inactivity.
Feb  6 08:54:36 f52 notice tmm1[12602]: 01490502:5: /Common/sunny_access_profile_intra_production::72259025: Session deleted due to user inactivity.
Feb  6 08:55:08 f51 notice tmm[12476]: 01490521:5: /Common/sunny_access_profile_intra_production::83bc8580: Session statistics - bytes in: 14412, bytes out: 5748
Feb  6 08:55:17 f51 notice tmm1[12476]: 01490521:5: /Common/sunny_access_profile_intra_production::72259025: Session statistics - bytes in: 16213, bytes out: 57254
Feb  6 08:55:59 f51 warning tmm3[12476]: 01260009:4: Connection error: hud_ssl_handler:1224: codec alert (20)
Feb  6 08:56:07 f51 notice tmm1[12476]: 01490506:5: /Common/sunny_access_profile_intra_production:Common:5a8996d4: Received User-Agent header: Mozilla%2f5.0%20(compatible%3b%20MSIE%209.0%3b%20Windows%20NT%206.1%3b%20Trident%2f5.0)%20EdgeClient%2f7130.2016.0330.0220.
Feb  6 08:56:07 f51 notice tmm1[12476]: 01490500:5: /Common/sunny_access_profile_intra_production:Common:5a8996d4: New session from client IP 10.7.5.49 (ST=/CC=/C=) at VIP 10.51.187.15 Listener /Common/vs_sunny_sslvpn_intra (Reputation=Unknown)
Feb  6 08:56:07 f51 notice apmd[7284]: 01490261:5: /Common/sunny_access_profile_intra_production:Common:5a8996d4: Updating client info - Hostname: PC883-049-W7P Type: Standalone Version: 2.0 Platform: Win7 CPU: x86 UI Mode: Standalone Javascript Support: 1 ActiveX Support: 1 Plugin Support: 0
Feb  6 08:56:08 f51 info logger: [acc] 127.1.1.1 - - [06/Feb/2017:08:56:08 +0800] "GET /renderer/apm_css.php3?cgc=10&uilang=zh-tw&uimode=7&ctype=Standalone&cversion=2.0&cjs=1&cactivex=1&cplugin=0&cplatform=Win7&cpu=x86&logout=/Common/sunny_access_profile_intra_production_logout&general_ui=/Common/sunny_access_profile_intra_production_general_ui&eps=/Common/sunny_access_profile_intra_production_eps&installation=/Common/sunny_access_profile_intra_production_frameworkinstallation&errormap=/Common/sunny_access_profile_intra_production_errormap&defaultlang=zh-tw HTTP/1.0" 200 23585 "-" "Mozilla/5.0 (compatible; MSIE 9.0; Windows NT 6.1; Trident/5.0) EdgeClient/7130.2016.0330.0220"
Feb  6 08:56:12 f51 notice apmd[7284]: 01490143:5: /Common/sunny_access_profile_intra_production:Common:5a8996d4: Logging Agent: CLIENTMAC: C0:3F:D5:54:8C:5A
Feb  6 08:56:12 f51 notice apmd[7284]: 01490113:5: /Common/sunny_access_profile_intra_production:Common:5a8996d4: session.machine_info.last.bios.manufacturer is Acer
Feb  6 08:56:12 f51 notice apmd[7284]: 01490113:5: /Common/sunny_access_profile_intra_production:Common:5a8996d4: session.machine_info.last.bios.sn is UDVJTTA07Q414018100001
Feb  6 08:56:12 f51 notice apmd[7284]: 01490113:5: /Common/sunny_access_profile_intra_production:Common:5a8996d4: session.machine_info.last.bios.version is ACRSYS - 1072009
Feb  6 08:56:12 f51 notice apmd[7284]: 01490113:5: /Common/sunny_access_profile_intra_production:Common:5a8996d4: session.machine_info.last.cpu.description is x64 Family 6 Model 60 Stepping 3
Feb  6 08:56:12 f51 notice apmd[7284]: 01490113:5: /Common/sunny_access_profile_intra_production:Common:5a8996d4: session.machine_info.last.cpu.max_clock is 3401
Feb  6 08:56:12 f51 notice apmd[7284]: 01490113:5: /Common/sunny_access_profile_intra_production:Common:5a8996d4: session.machine_info.last.cpu.name is Intel(R) Core(TM) i7-4770 CPU @ 3.40GHz
Feb  6 08:56:12 f51 notice apmd[7284]: 01490113:5: /Common/sunny_access_profile_intra_production:Common:5a8996d4: session.machine_info.last.cpu.vendor is GenuineIntel
Feb  6 08:56:12 f51 notice apmd[7284]: 01490113:5: /Common/sunny_access_profile_intra_production:Common:5a8996d4: session.machine_info.last.error is 0
Feb  6 08:56:12 f51 notice apmd[7284]: 01490113:5: /Common/sunny_access_profile_intra_production:Common:5a8996d4: session.machine_info.last.hdd.count is 1
Feb  6 08:56:12 f51 notice apmd[7284]: 01490113:5: /Common/sunny_access_profile_intra_production:Common:5a8996d4: session.machine_info.last.hdd.list.[0].model is WDC WD5000AAKX-22ERM SCSI Disk Device
Feb  6 08:56:12 f51 notice apmd[7284]: 01490113:5: /Common/sunny_access_profile_intra_production:Common:5a8996d4: session.machine_info.last.hdd.list.[0].sn is W -DCW2CZE8A3129
Feb  6 08:56:12 f51 notice apmd[7284]: 01490113:5: /Common/sunny_access_profile_intra_production:Common:5a8996d4: session.machine_info.last.motherboard.manufacturer is Acer
Feb  6 08:56:12 f51 notice apmd[7284]: 01490113:5: /Common/sunny_access_profile_intra_production:Common:5a8996d4: session.machine_info.last.motherboard.product is Veriton M2630G
Feb  6 08:56:12 f51 notice apmd[7284]: 01490113:5: /Common/sunny_access_profile_intra_production:Common:5a8996d4: session.machine_info.last.motherboard.sn is DBVJSC100140400F8B9100
Feb  6 08:56:12 f51 notice apmd[7284]: 01490113:5: /Common/sunny_access_profile_intra_production:Common:5a8996d4: session.machine_info.last.net_adapter.count is 1
Feb  6 08:56:12 f51 notice apmd[7284]: 01490113:5: /Common/sunny_access_profile_intra_production:Common:5a8996d4: session.machine_info.last.net_adapter.list.[0].mac_address is C0:3F:D5:54:8C:5A
Feb  6 08:56:12 f51 notice apmd[7284]: 01490113:5: /Common/sunny_access_profile_intra_production:Common:5a8996d4: session.machine_info.last.net_adapter.list.[0].name is Realtek PCIe GBE Family Controller
Feb  6 09:00:01 qfile01 qlogd[24599]: event log: Users: System, Source IP: 127.0.0.1, Computer name: localhost, Content: [RTRR Job] (Sync) Job FTPServerToQnap1 started.
Feb  6 09:01:02 f51 notice tmsh[3305]: 01420002:5: AUDIT - pid=3305 user=root folder=/Common module=(tmos)# status=[Command OK] cmd_data=show sys mcp-state field-fmt
Feb  6 09:01:02 f52 notice tmsh[18875]: 01420002:5: AUDIT - pid=18875 user=root folder=/Common module=(tmos)# status=[Command OK] cmd_data=show sys mcp-state field-fmt
Feb  6 09:01:02 f51 notice tmsh[3311]: 01420002:5: AUDIT - pid=3311 user=root folder=/Common module=(tmos)# status=[Command OK] cmd_data=list sys db
Feb  6 09:01:02 f52 notice tmsh[18879]: 01420002:5: AUDIT - pid=18879 user=root folder=/Common module=(tmos)# status=[Command OK] cmd_data=list sys db
Feb  6 09:01:11 f51 notice tmm2[12476]: 01490506:5: /Common/sunny_access_profile_intra_production:Common:41648aad: Received User-Agent header: Mozilla%2f5.0%20(Windows%20NT%206.1%3b%20Trident%2f7.0%3b%20rv%3a11.0)%20like%20Gecko%20EdgeClient%2f7130.2016.0330.0220.
Feb  6 09:01:11 f51 notice tmm2[12476]: 01490500:5: /Common/sunny_access_profile_intra_production:Common:41648aad: New session from client IP 10.199.6.65 (ST=/CC=/C=) at VIP 10.51.187.15 Listener /Common/vs_sunny_sslvpn_intra (Reputation=Unknown)
Feb  6 09:01:11 f51 notice apmd[7284]: 01490261:5: /Common/sunny_access_profile_intra_production:Common:41648aad: Updating client info - Hostname: PC8833-065-W7P Type: Standalone Version: 2.0 Platform: Win7 CPU: x86 UI Mode: Standalone Javascript Support: 1 ActiveX Support: 1 Plugin Support: 0
Feb  6 09:01:14 f51 notice apmd[7284]: 01490143:5: /Common/sunny_access_profile_intra_production:Common:41648aad: Logging Agent: CLIENTMAC: 10:BF:48:4F:9F:8F
Feb  6 09:01:14 f51 notice apmd[7284]: 01490113:5: /Common/sunny_access_profile_intra_production:Common:41648aad: session.machine_info.last.bios.manufacturer is American Megatrends Inc.
Feb  6 09:01:14 f51 notice apmd[7284]: 01490113:5: /Common/sunny_access_profile_intra_production:Common:41648aad: session.machine_info.last.bios.sn is C5PFAG000JU4
Feb  6 09:01:14 f51 notice apmd[7284]: 01490113:5: /Common/sunny_access_profile_intra_production:Common:41648aad: session.machine_info.last.bios.version is _ASUS_ - 1072009
Feb  6 09:01:14 f51 notice apmd[7284]: 01490113:5: /Common/sunny_access_profile_intra_production:Common:41648aad: session.machine_info.last.cpu.description is x64 Family 6 Model 42 Stepping 7
Feb  6 09:01:14 f51 notice apmd[7284]: 01490113:5: /Common/sunny_access_profile_intra_production:Common:41648aad: session.machine_info.last.cpu.max_clock is 3001
Feb  6 09:01:14 f51 notice apmd[7284]: 01490113:5: /Common/sunny_access_profile_intra_production:Common:41648aad: session.machine_info.last.cpu.name is Intel(R) Core(TM) i5-2320 CPU @ 3.00GHz
Feb  6 09:01:14 f51 notice apmd[7284]: 01490113:5: /Common/sunny_access_profile_intra_production:Common:41648aad: session.machine_info.last.cpu.vendor is GenuineIntel
Feb  6 09:01:14 f51 notice apmd[7284]: 01490113:5: /Common/sunny_access_profile_intra_production:Common:41648aad: session.machine_info.last.error is 0
Feb  6 09:01:14 f51 notice apmd[7284]: 01490113:5: /Common/sunny_access_profile_intra_production:Common:41648aad: session.machine_info.last.hdd.count is 5
Feb  6 09:01:14 f51 notice apmd[7284]: 01490113:5: /Common/sunny_access_profile_intra_production:Common:41648aad: session.machine_info.last.hdd.list.[0].model is ST500DM002-1BD142 ATA Device
Feb  6 09:01:14 f51 notice apmd[7284]: 01490113:5: /Common/sunny_access_profile_intra_production:Common:41648aad: session.machine_info.last.hdd.list.[0].sn is Z3THW3ZX
Feb  6 09:01:14 f51 notice apmd[7284]: 01490113:5: /Common/sunny_access_profile_intra_production:Common:41648aad: session.machine_info.last.hdd.list.[1].model is Generic- Compact Flash USB Device
Feb  6 09:01:14 f51 notice apmd[7284]: 01490113:5: /Common/sunny_access_profile_intra_production:Common:41648aad: session.machine_info.last.hdd.list.[1].sn is 
Feb  6 09:01:14 f51 notice apmd[7284]: 01490113:5: /Common/sunny_access_profile_intra_production:Common:41648aad: session.machine_info.last.hdd.list.[2].model is Generic- MS/MS-Pro USB Device
Feb  6 09:01:14 f51 notice apmd[7284]: 01490113:5: /Common/sunny_access_profile_intra_production:Common:41648aad: session.machine_info.last.hdd.list.[2].sn is 
Feb  6 09:01:14 f51 notice apmd[7284]: 01490113:5: /Common/sunny_access_profile_intra_production:Common:41648aad: session.machine_info.last.hdd.list.[3].model is Generic- SD/MMC USB Device
Feb  6 09:01:14 f51 notice apmd[7284]: 01490113:5: /Common/sunny_access_profile_intra_production:Common:41648aad: session.machine_info.last.hdd.list.[3].sn is 
Feb  6 09:01:14 f51 notice apmd[7284]: 01490113:5: /Common/sunny_access_profile_intra_production:Common:41648aad: session.machine_info.last.hdd.list.[4].model is Generic- SM/xD-Picture USB Device
Feb  6 09:01:14 f51 notice apmd[7284]: 01490113:5: /Common/sunny_access_profile_intra_production:Common:41648aad: session.machine_info.last.hdd.list.[4].sn is 
Feb  6 09:01:14 f51 notice apmd[7284]: 01490113:5: /Common/sunny_access_profile_intra_production:Common:41648aad: session.machine_info.last.motherboard.manufacturer is ASUSTeK COMPUTER INC.
Feb  6 09:01:14 f51 notice apmd[7284]: 01490113:5: /Common/sunny_access_profile_intra_production:Common:41648aad: session.machine_info.last.motherboard.product is BM6630_BM6330_BP6230
Feb  6 09:01:14 f51 notice apmd[7284]: 01490113:5: /Common/sunny_access_profile_intra_production:Common:41648aad: session.machine_info.last.motherboard.sn is MT7024019501225
Feb  6 09:01:14 f51 notice apmd[7284]: 01490113:5: /Common/sunny_access_profile_intra_production:Common:41648aad: session.machine_info.last.net_adapter.count is 1
Feb  6 09:01:14 f51 notice apmd[7284]: 01490113:5: /Common/sunny_access_profile_intra_production:Common:41648aad: session.machine_info.last.net_adapter.list.[0].mac_address is 10:BF:48:4F:9F:8F
Feb  6 09:01:14 f51 notice apmd[7284]: 01490113:5: /Common/sunny_access_profile_intra_production:Common:41648aad: session.machine_info.last.net_adapter.list.[0].name is Intel(R) 82579V Gigabit Network Connection
Feb  6 09:01:25 f51 notice tmm1[12476]: 01490502:5: /Common/sunny_access_profile_intra_production::5a8996d4: Session deleted due to user inactivity.
Feb  6 09:01:25 f52 notice tmm1[12602]: 01490502:5: /Common/sunny_access_profile_intra_production::5a8996d4: Session deleted due to user inactivity.
Feb  6 09:02:06 f51 notice tmm1[12476]: 01490521:5: /Common/sunny_access_profile_intra_production::5a8996d4: Session statistics - bytes in: 16543, bytes out: 7275
Feb  6 09:02:46 qfile01 qlogd[24599]: event log: Users: System, Source IP: 127.0.0.1, Computer name: localhost, Content: [RTRR Job] (Sync) Job FTPServerToQnap1 finished.
Feb  6 09:06:47 f51 notice tmm2[12476]: 01490502:5: /Common/sunny_access_profile_intra_production::41648aad: Session deleted due to user inactivity.
Feb  6 09:06:47 f52 notice tmm2[12602]: 01490502:5: /Common/sunny_access_profile_intra_production::41648aad: Session deleted due to user inactivity.
Feb  6 09:07:28 f51 notice tmm2[12476]: 01490521:5: /Common/sunny_access_profile_intra_production::41648aad: Session statistics - bytes in: 14542, bytes out: 29252
Feb  6 09:11:01 f51 notice tmsh[4002]: 01420002:5: AUDIT - pid=4002 user=root folder=/Common module=(tmos)# status=[Command OK] cmd_data=show sys mcp-state field-fmt
Feb  6 09:11:01 f51 notice tmsh[4006]: 01420002:5: AUDIT - pid=4006 user=root folder=/Common module=(tmos)# status=[Command OK] cmd_data=list sys db
Feb  6 09:11:01 f52 notice tmsh[19567]: 01420002:5: AUDIT - pid=19567 user=root folder=/Common module=(tmos)# status=[Command OK] cmd_data=show sys mcp-state field-fmt
Feb  6 09:11:02 f52 notice tmsh[19571]: 01420002:5: AUDIT - pid=19571 user=root folder=/Common module=(tmos)# status=[Command OK] cmd_data=list sys db
Feb  6 09:11:45 f51 notice tmm[12476]: 01490506:5: /Common/sunny_access_profile_intra_production:Common:85bad10b: Received User-Agent header: Mozilla%2f5.0%20(Windows%20NT%206.1%3b%20Trident%2f7.0%3b%20rv%3a11.0)%20like%20Gecko%20EdgeClient%2f7130.2016.0330.0220.
Feb  6 09:11:45 f51 notice tmm[12476]: 01490500:5: /Common/sunny_access_profile_intra_production:Common:85bad10b: New session from client IP 10.199.6.65 (ST=/CC=/C=) at VIP 10.51.187.15 Listener /Common/vs_sunny_sslvpn_intra (Reputation=Unknown)
Feb  6 09:11:45 f51 notice apmd[7284]: 01490261:5: /Common/sunny_access_profile_intra_production:Common:85bad10b: Updating client info - Hostname: PC8833-065-W7P Type: Standalone Version: 2.0 Platform: Win7 CPU: x86 UI Mode: Standalone Javascript Support: 1 ActiveX Support: 1 Plugin Support: 0
Feb  6 09:11:51 f51 notice apmd[7284]: 01490143:5: /Common/sunny_access_profile_intra_production:Common:85bad10b: Logging Agent: CLIENTMAC: 10:BF:48:4F:9F:8F
Feb  6 09:11:51 f51 notice apmd[7284]: 01490113:5: /Common/sunny_access_profile_intra_production:Common:85bad10b: session.machine_info.last.bios.manufacturer is American Megatrends Inc.
Feb  6 09:11:51 f51 notice apmd[7284]: 01490113:5: /Common/sunny_access_profile_intra_production:Common:85bad10b: session.machine_info.last.bios.sn is C5PFAG000JU4
Feb  6 09:11:51 f51 notice apmd[7284]: 01490113:5: /Common/sunny_access_profile_intra_production:Common:85bad10b: session.machine_info.last.bios.version is _ASUS_ - 1072009
Feb  6 09:11:51 f51 notice apmd[7284]: 01490113:5: /Common/sunny_access_profile_intra_production:Common:85bad10b: session.machine_info.last.cpu.description is x64 Family 6 Model 42 Stepping 7
Feb  6 09:11:51 f51 notice apmd[7284]: 01490113:5: /Common/sunny_access_profile_intra_production:Common:85bad10b: session.machine_info.last.cpu.max_clock is 3001
Feb  6 09:11:51 f51 notice apmd[7284]: 01490113:5: /Common/sunny_access_profile_intra_production:Common:85bad10b: session.machine_info.last.cpu.name is Intel(R) Core(TM) i5-2320 CPU @ 3.00GHz
Feb  6 09:11:51 f51 notice apmd[7284]: 01490113:5: /Common/sunny_access_profile_intra_production:Common:85bad10b: session.machine_info.last.cpu.vendor is GenuineIntel
Feb  6 09:11:51 f51 notice apmd[7284]: 01490113:5: /Common/sunny_access_profile_intra_production:Common:85bad10b: session.machine_info.last.error is 0
Feb  6 09:11:51 f51 notice apmd[7284]: 01490113:5: /Common/sunny_access_profile_intra_production:Common:85bad10b: session.machine_info.last.hdd.count is 5
Feb  6 09:11:51 f51 notice apmd[7284]: 01490113:5: /Common/sunny_access_profile_intra_production:Common:85bad10b: session.machine_info.last.hdd.list.[0].model is ST500DM002-1BD142 ATA Device
Feb  6 09:11:51 f51 notice apmd[7284]: 01490113:5: /Common/sunny_access_profile_intra_production:Common:85bad10b: session.machine_info.last.hdd.list.[0].sn is Z3THW3ZX
Feb  6 09:11:51 f51 notice apmd[7284]: 01490113:5: /Common/sunny_access_profile_intra_production:Common:85bad10b: session.machine_info.last.hdd.list.[1].model is Generic- Compact Flash USB Device
Feb  6 09:11:51 f51 notice apmd[7284]: 01490113:5: /Common/sunny_access_profile_intra_production:Common:85bad10b: session.machine_info.last.hdd.list.[1].sn is 
Feb  6 09:11:51 f51 notice apmd[7284]: 01490113:5: /Common/sunny_access_profile_intra_production:Common:85bad10b: session.machine_info.last.hdd.list.[2].model is Generic- MS/MS-Pro USB Device
Feb  6 09:11:51 f51 notice apmd[7284]: 01490113:5: /Common/sunny_access_profile_intra_production:Common:85bad10b: session.machine_info.last.hdd.list.[2].sn is 
Feb  6 09:11:51 f51 notice apmd[7284]: 01490113:5: /Common/sunny_access_profile_intra_production:Common:85bad10b: session.machine_info.last.hdd.list.[3].model is Generic- SD/MMC USB Device
Feb  6 09:11:51 f51 notice apmd[7284]: 01490113:5: /Common/sunny_access_profile_intra_production:Common:85bad10b: session.machine_info.last.hdd.list.[3].sn is 
Feb  6 09:11:51 f51 notice apmd[7284]: 01490113:5: /Common/sunny_access_profile_intra_production:Common:85bad10b: session.machine_info.last.hdd.list.[4].model is Generic- SM/xD-Picture USB Device
Feb  6 09:11:51 f51 notice apmd[7284]: 01490113:5: /Common/sunny_access_profile_intra_production:Common:85bad10b: session.machine_info.last.hdd.list.[4].sn is 
Feb  6 09:11:51 f51 notice apmd[7284]: 01490113:5: /Common/sunny_access_profile_intra_production:Common:85bad10b: session.machine_info.last.motherboard.manufacturer is ASUSTeK COMPUTER INC.
Feb  6 09:11:51 f51 notice apmd[7284]: 01490113:5: /Common/sunny_access_profile_intra_production:Common:85bad10b: session.machine_info.last.motherboard.product is BM6630_BM6330_BP6230
Feb  6 09:11:51 f51 notice apmd[7284]: 01490113:5: /Common/sunny_access_profile_intra_production:Common:85bad10b: session.machine_info.last.motherboard.sn is MT7024019501225
Feb  6 09:11:51 f51 notice apmd[7284]: 01490113:5: /Common/sunny_access_profile_intra_production:Common:85bad10b: session.machine_info.last.net_adapter.count is 1
Feb  6 09:11:51 f51 notice apmd[7284]: 01490113:5: /Common/sunny_access_profile_intra_production:Common:85bad10b: session.machine_info.last.net_adapter.list.[0].mac_address is 10:BF:48:4F:9F:8F
Feb  6 09:11:51 f51 notice apmd[7284]: 01490113:5: /Common/sunny_access_profile_intra_production:Common:85bad10b: session.machine_info.last.net_adapter.list.[0].name is Intel(R) 82579V Gigabit Network Connection
Feb  6 09:17:23 f51 notice tmm[12476]: 01490502:5: /Common/sunny_access_profile_intra_production::85bad10b: Session deleted due to user inactivity.
Feb  6 09:17:23 f52 notice tmm[12602]: 01490502:5: /Common/sunny_access_profile_intra_production::85bad10b: Session deleted due to user inactivity.
Feb  6 09:18:04 f51 notice tmm[12476]: 01490521:5: /Common/sunny_access_profile_intra_production::85bad10b: Session statistics - bytes in: 17963, bytes out: 7377
Feb  6 09:20:00 qfile01 qlogd[24599]: event log: Users: System, Source IP: 127.0.0.1, Computer name: localhost, Content: [RTRR Job] (Sync) Job qnap1TOqnap2-4 started.
Feb  6 09:20:02 qfile01 qlogd[24599]: event log: Users: System, Source IP: 127.0.0.1, Computer name: localhost, Content: [RTRR Job] (Sync) Job qnap1TOqnap2-1 started.
Feb  6 09:21:23 qfile02 qlogd[29929]: event log: Users: #012, Source IP: 127.0.0.1, Computer name: localhost, Content: (Job from client: 192.168.20.245)[RTRR Job] (Sync) Job qnap1TOqnap2-4 started.#012 
Feb  6 09:21:24 qfile02 qlogd[29929]: event log: Users: #012, Source IP: 127.0.0.1, Computer name: localhost, Content: (Job from client: 192.168.20.245)[RTRR Job] (Sync) Job qnap1TOqnap2-1 started.#012 
Feb  6 09:20:22 qfile01 qlogd[24599]: event log: Users: System, Source IP: 127.0.0.1, Computer name: localhost, Content:  [Snapshot volume:DataVol1] Created snapshot (Replication-Job9) successfully.
Feb  6 09:20:29 qfile01 qlogd[24599]: event log: Users: System, Source IP: 127.0.0.1, Computer name: localhost, Content: [RTRR Job] (Sync) Job qnap1TOqnap2-4 finished.
Feb  6 09:21:41 qfile02 qlogd[29929]: event log: Users: #012, Source IP: 127.0.0.1, Computer name: localhost, Content: (Job from client: 192.168.20.245)[RTRR Job] (Sync) Job qnap1TOqnap2-4 finished.#012 
Feb  6 09:20:30 qfile01 qlogd[24599]: event log: Users: System, Source IP: 127.0.0.1, Computer name: localhost, Content:  [Snapshot volume:DataVol1] Created snapshot (Replication-Job12) successfully.
Feb  6 09:20:31 qfile01 qlogd[24599]: event log: Users: System, Source IP: 127.0.0.1, Computer name: localhost, Content: [RTRR Job] (Sync) Job qnap1TOqnap2-1 finished.
Feb  6 09:21:43 qfile02 qlogd[29929]: event log: Users: #012, Source IP: 127.0.0.1, Computer name: localhost, Content: (Job from client: 192.168.20.245)[RTRR Job] (Sync) Job qnap1TOqnap2-1 finished.#012 
Feb  6 09:21:01 f51 notice tmsh[4470]: 01420002:5: AUDIT - pid=4470 user=root folder=/Common module=(tmos)# status=[Command OK] cmd_data=show sys mcp-state field-fmt
Feb  6 09:21:01 f51 notice tmsh[4474]: 01420002:5: AUDIT - pid=4474 user=root folder=/Common module=(tmos)# status=[Command OK] cmd_data=list sys db
Feb  6 09:21:01 f52 notice tmsh[20035]: 01420002:5: AUDIT - pid=20035 user=root folder=/Common module=(tmos)# status=[Command OK] cmd_data=show sys mcp-state field-fmt
Feb  6 09:21:01 f52 notice tmsh[20039]: 01420002:5: AUDIT - pid=20039 user=root folder=/Common module=(tmos)# status=[Command OK] cmd_data=list sys db
Feb  6 09:30:01 qfile02 qlogd[29929]: event log: Users: System, Source IP: 127.0.0.1, Computer name: localhost, Content: [RTRR Job] (Sync) Job qnap1->qnap2ForALLBank started.
Feb  6 09:28:49 qfile01 qlogd[24599]: event log: Users: #012, Source IP: 127.0.0.1, Computer name: localhost, Content: (Job from client: 10.51.188.19)[RTRR Job] (Sync) Job qnap1->qnap2ForALLBank started.#012 
Feb  6 09:30:14 qfile02 qlogd[29929]: event log: Users: System, Source IP: 127.0.0.1, Computer name: localhost, Content: [RTRR Job] (Sync) Job qnap1->qnap2ForALLBank finished.
Feb  6 09:29:03 qfile01 qlogd[24599]: event log: Users: #012, Source IP: 127.0.0.1, Computer name: localhost, Content: (Job from client: 10.51.188.19)[RTRR Job] (Sync) Job qnap1->qnap2ForALLBank finished.#012 
Feb  6 09:30:01 qfile01 qlogd[24599]: event log: Users: System, Source IP: 127.0.0.1, Computer name: localhost, Content: [RTRR Job] (Sync) Job qnap1TOqnap2-5 started.
Feb  6 09:31:13 qfile02 qlogd[29929]: event log: Users: #012, Source IP: 127.0.0.1, Computer name: localhost, Content: (Job from client: 192.168.20.245)[RTRR Job] (Sync) Job qnap1TOqnap2-5 started.#012 
Feb  6 09:30:02 qfile01 qlogd[24599]: event log: Users: System, Source IP: 127.0.0.1, Computer name: localhost, Content: [RTRR Job] (Sync) Job qnap1TOqnap2-2 started.
Feb  6 09:31:15 qfile02 qlogd[29929]: event log: Users: #012, Source IP: 127.0.0.1, Computer name: localhost, Content: (Job from client: 192.168.20.245)[RTRR Job] (Sync) Job qnap1TOqnap2-2 started.#012 
Feb  6 09:30:12 qfile01 qlogd[24599]: event log: Users: System, Source IP: 127.0.0.1, Computer name: localhost, Content:  [Snapshot volume:DataVol1] Created snapshot (Replication-Job11) successfully.
Feb  6 09:30:17 qfile01 qlogd[24599]: event log: Users: System, Source IP: 127.0.0.1, Computer name: localhost, Content: [RTRR Job] (Sync) Job qnap1TOqnap2-2 finished.
Feb  6 09:31:30 qfile02 qlogd[29929]: event log: Users: #012, Source IP: 127.0.0.1, Computer name: localhost, Content: (Job from client: 192.168.20.245)[RTRR Job] (Sync) Job qnap1TOqnap2-2 finished.#012 
Feb  6 09:30:19 qfile01 qlogd[24599]: event log: Users: System, Source IP: 127.0.0.1, Computer name: localhost, Content:  [Snapshot volume:DataVol1] Created snapshot (Replication-Job3) successfully.
Feb  6 09:31:01 f51 notice tmsh[4968]: 01420002:5: AUDIT - pid=4968 user=root folder=/Common module=(tmos)# status=[Command OK] cmd_data=show sys mcp-state field-fmt
Feb  6 09:31:02 f51 notice tmsh[4972]: 01420002:5: AUDIT - pid=4972 user=root folder=/Common module=(tmos)# status=[Command OK] cmd_data=list sys db
Feb  6 09:31:02 f52 notice tmsh[20499]: 01420002:5: AUDIT - pid=20499 user=root folder=/Common module=(tmos)# status=[Command OK] cmd_data=show sys mcp-state field-fmt
Feb  6 09:31:02 f52 notice tmsh[20505]: 01420002:5: AUDIT - pid=20505 user=root folder=/Common module=(tmos)# status=[Command OK] cmd_data=list sys db
Feb  6 09:30:47 qfile01 qlogd[24599]: event log: Users: System, Source IP: 127.0.0.1, Computer name: localhost, Content: [RTRR Job] (Sync) Job qnap1TOqnap2-5 finished.
Feb  6 09:31:59 qfile02 qlogd[29929]: event log: Users: #012, Source IP: 127.0.0.1, Computer name: localhost, Content: (Job from client: 192.168.20.245)[RTRR Job] (Sync) Job qnap1TOqnap2-5 finished.#012 
Feb  6 09:36:47 f51 notice tmm1[12476]: 01490505:5: /Common/sunny_access_profile_intra_production:Common:e2c181cb: PPP tunnel 0x57010f31e200 closed.
Feb  6 09:38:05 f51 notice tmm3[12476]: 01490506:5: /Common/TestInternalAP:Common:ad0603a7: Received User-Agent header: Mozilla%2f5.0%20(Windows%20NT%206.1%3b%20Trident%2f7.0%3b%20NP08%3b%20MAAU%3b%20rv%3a11.0)%20like%20Gecko%20EdgeClient%2f7130.2016.0330.0220.
Feb  6 09:38:05 f51 notice tmm3[12476]: 01490500:5: /Common/TestInternalAP:Common:ad0603a7: New session from client IP 10.7.5.52 (ST=/CC=/C=) at VIP 10.80.1.4 Listener /Common/InternalToCoreVip (Reputation=Unknown)
Feb  6 09:38:05 f51 notice apmd[7284]: 01490261:5: /Common/TestInternalAP:Common:ad0603a7: Updating client info - Hostname: PC883-052-W7P Type: Standalone Version: 2.0 Platform: Win7 CPU: x86 UI Mode: Standalone Javascript Support: 1 ActiveX Support: 1 Plugin Support: 0
Feb  6 09:38:05 f51 info logger: [acc] 127.1.1.4 - - [06/Feb/2017:09:38:05 +0800] "GET /renderer/apd_inspection_host_enter_page.eui?cgc=18&epsec=<null>&uilang=zh-tw&uimode=7&ctype=Standalone&cversion=2.0&cjs=1&cactivex=1&cplugin=0&cplatform=Win7&cpu=x86&logout=/Common/TestInternalAP_logout&general_ui=/Common/TestInternalAP_general_ui&eps=/Common/TestInternalAP_eps&installation=/Common/TestInternalAP_frameworkinstallation&errormap=/Common/TestInternalAP_errormap&defaultlang=zh-tw HTTP/1.0" 200 26918 "-" "-"
Feb  6 09:38:05 f51 info logger: [acc] 127.1.1.2 - - [06/Feb/2017:09:38:05 +0800] "GET /renderer/apm_css.php3?cgc=18&uilang=zh-tw&uimode=7&ctype=Standalone&cversion=2.0&cjs=1&cactivex=1&cplugin=0&cplatform=Win7&cpu=x86&logout=/Common/TestInternalAP_logout&general_ui=/Common/TestInternalAP_general_ui&eps=/Common/TestInternalAP_eps&installation=/Common/TestInternalAP_frameworkinstallation&errormap=/Common/TestInternalAP_errormap&defaultlang=zh-tw HTTP/1.0" 200 23585 "-" "Mozilla/5.0 (Windows NT 6.1; Trident/7.0; NP08; MAAU; rv:11.0) like Gecko EdgeClient/7130.2016.0330.0220"
Feb  6 09:38:05 f51 info logger: [acc] 127.1.1.3 - - [06/Feb/2017:09:38:05 +0800] "GET /public/include/js/common.js?cgc=18 HTTP/1.0" 304 - "-" "Mozilla/5.0 (Windows NT 6.1; Trident/7.0; NP08; MAAU; rv:11.0) like Gecko EdgeClient/7130.2016.0330.0220"
Feb  6 09:38:05 f51 info logger: [acc] 127.1.1.1 - - [06/Feb/2017:09:38:05 +0800] "GET /public/include/js/u_debug.js?cgc=18 HTTP/1.0" 304 - "-" "Mozilla/5.0 (Windows NT 6.1; Trident/7.0; NP08; MAAU; rv:11.0) like Gecko EdgeClient/7130.2016.0330.0220"
Feb  6 09:38:05 f51 info logger: [acc] 127.1.1.2 - - [06/Feb/2017:09:38:05 +0800] "GET /public/include/js/u_createcontrol.js?cgc=18 HTTP/1.0" 304 - "-" "Mozilla/5.0 (Windows NT 6.1; Trident/7.0; NP08; MAAU; rv:11.0) like Gecko EdgeClient/7130.2016.0330.0220"
Feb  6 09:38:05 f51 info logger: [acc] 127.1.1.2 - - [06/Feb/2017:09:38:05 +0800] "GET /public/include/js/u_Control.js?cgc=18 HTTP/1.0" 304 - "-" "Mozilla/5.0 (Windows NT 6.1; Trident/7.0; NP08; MAAU; rv:11.0) like Gecko EdgeClient/7130.2016.0330.0220"
Feb  6 09:38:05 f51 info logger: [acc] 127.1.1.1 - - [06/Feb/2017:09:38:05 +0800] "GET /public/include/js/u_InstallerControl.2.js?cgc=18 HTTP/1.0" 304 - "-" "Mozilla/5.0 (Windows NT 6.1; Trident/7.0; NP08; MAAU; rv:11.0) like Gecko EdgeClient/7130.2016.0330.0220"
Feb  6 09:38:05 f51 info logger: [acc] 127.1.1.3 - - [06/Feb/2017:09:38:05 +0800] "GET /public/images/my/flogo_mobile.png?cgc=18 HTTP/1.0" 304 - "-" "Mozilla/5.0 (Windows NT 6.1; Trident/7.0; NP08; MAAU; rv:11.0) like Gecko EdgeClient/7130.2016.0330.0220"
Feb  6 09:38:05 f51 info logger: [acc] 127.1.1.4 - - [06/Feb/2017:09:38:05 +0800] "GET /public/images/my/tr.gif?cgc=18 HTTP/1.0" 304 - "-" "Mozilla/5.0 (Windows NT 6.1; Trident/7.0; NP08; MAAU; rv:11.0) like Gecko EdgeClient/7130.2016.0330.0220"
Feb  6 09:38:06 f51 info logger: [acc] 127.1.1.2 - - [06/Feb/2017:09:38:06 +0800] "GET /public/images/my/header-transient.png?cgc=18 HTTP/1.0" 304 - "-" "Mozilla/5.0 (Windows NT 6.1; Trident/7.0; NP08; MAAU; rv:11.0) like Gecko EdgeClient/7130.2016.0330.0220"
Feb  6 09:40:01 qfile01 qlogd[24599]: event log: Users: System, Source IP: 127.0.0.1, Computer name: localhost, Content: [RTRR Job] (Sync) Job qnap1TOqnap2-6 started.
Feb  6 09:41:14 qfile02 qlogd[29929]: event log: Users: #012, Source IP: 127.0.0.1, Computer name: localhost, Content: (Job from client: 192.168.20.245)[RTRR Job] (Sync) Job qnap1TOqnap2-6 started.#012 
Feb  6 09:40:02 qfile01 qlogd[24599]: event log: Users: System, Source IP: 127.0.0.1, Computer name: localhost, Content: [RTRR Job] (Sync) Job qnap1TOqnap2-3 started.
Feb  6 09:41:15 qfile02 qlogd[29929]: event log: Users: #012, Source IP: 127.0.0.1, Computer name: localhost, Content: (Job from client: 192.168.20.245)[RTRR Job] (Sync) Job qnap1TOqnap2-3 started.#012 
Feb  6 09:40:14 qfile01 qlogd[24599]: event log: Users: System, Source IP: 127.0.0.1, Computer name: localhost, Content:  [Snapshot volume:DataVol1] Created snapshot (Replication-Job0) successfully.
Feb  6 09:40:24 qfile01 qlogd[24599]: event log: Users: System, Source IP: 127.0.0.1, Computer name: localhost, Content:  [Snapshot volume:DataVol1] Created snapshot (Replication-Job10) successfully.
Feb  6 09:40:25 qfile01 qlogd[24599]: event log: Users: System, Source IP: 127.0.0.1, Computer name: localhost, Content: [RTRR Job] (Sync) Job qnap1TOqnap2-3 finished.
Feb  6 09:41:38 qfile02 qlogd[29929]: event log: Users: #012, Source IP: 127.0.0.1, Computer name: localhost, Content: (Job from client: 192.168.20.245)[RTRR Job] (Sync) Job qnap1TOqnap2-3 finished.#012 
Feb  6 09:41:01 f51 notice tmsh[5447]: 01420002:5: AUDIT - pid=5447 user=root folder=/Common module=(tmos)# status=[Command OK] cmd_data=show sys mcp-state field-fmt
Feb  6 09:41:01 f51 notice tmsh[5451]: 01420002:5: AUDIT - pid=5451 user=root folder=/Common module=(tmos)# status=[Command OK] cmd_data=list sys db
Feb  6 09:41:01 f52 notice tmsh[20963]: 01420002:5: AUDIT - pid=20963 user=root folder=/Common module=(tmos)# status=[Command OK] cmd_data=show sys mcp-state field-fmt
Feb  6 09:41:01 f52 notice tmsh[20967]: 01420002:5: AUDIT - pid=20967 user=root folder=/Common module=(tmos)# status=[Command OK] cmd_data=list sys db
Feb  6 09:40:42 qfile01 qlogd[24599]: event log: Users: System, Source IP: 127.0.0.1, Computer name: localhost, Content: [RTRR Job] (Sync) Job qnap1TOqnap2-6 finished.
Feb  6 09:41:55 qfile02 qlogd[29929]: event log: Users: #012, Source IP: 127.0.0.1, Computer name: localhost, Content: (Job from client: 192.168.20.245)[RTRR Job] (Sync) Job qnap1TOqnap2-6 finished.#012 
Feb  6 09:43:21 f51 notice tmm3[12476]: 01490502:5: /Common/TestInternalAP::ad0603a7: Session deleted due to user inactivity.
Feb  6 09:43:21 f52 notice tmm3[12602]: 01490502:5: /Common/TestInternalAP::ad0603a7: Session deleted due to user inactivity.
Feb  6 09:44:02 f51 notice tmm3[12476]: 01490521:5: /Common/TestInternalAP::ad0603a7: Session statistics - bytes in: 2701, bytes out: 810
Feb  6 09:44:26 f51 info logger: [acc] 127.1.1.2 - - [06/Feb/2017:09:44:26 +0800] "GET /renderer/my.logout.php3?errorcode=19&cgc=10&logout=/Common/sunny_access_profile_intra_production_logout&general_ui=/Common/sunny_access_profile_intra_production_general_ui&eps=/Common/sunny_access_profile_intra_production_eps&installation=/Common/sunny_access_profile_intra_production_frameworkinstallation&errormap=/Common/sunny_access_profile_intra_production_errormap&defaultlang=zh-tw HTTP/1.0" 200 5164 "-" "Mozilla/4.0 (compatible; MSIE 7.0; Windows NT 5.1; Trident/4.0; .NET CLR 1.1.4322; .NET CLR 2.0.50727; .NET CLR 3.0.4506.2152; .NET CLR 3.5.30729; .NET4.0C; .NET4.0E)"
Feb  6 09:44:39 f51 info logger: [acc] 127.1.1.4 - - [06/Feb/2017:09:44:39 +0800] "GET /renderer/apm_css.php3?cgc=10&logout=/Common/sunny_access_profile_intra_production_logout&general_ui=/Common/sunny_access_profile_intra_production_general_ui&eps=/Common/sunny_access_profile_intra_production_eps&installation=/Common/sunny_access_profile_intra_production_frameworkinstallation&errormap=/Common/sunny_access_profile_intra_production_errormap&defaultlang=zh-tw HTTP/1.0" 200 23585 "-" "Mozilla/4.0 (compatible; MSIE 7.0; Windows NT 5.1; Trident/4.0; .NET CLR 1.1.4322; .NET CLR 2.0.50727; .NET CLR 3.0.4506.2152; .NET CLR 3.5.30729; .NET4.0C; .NET4.0E)"
Feb  6 09:44:57 f51 info logger: [acc] 127.1.1.4 - - [06/Feb/2017:09:44:57 +0800] "GET /public/images/customization/Common/sunny_access_profile_intra_production_general_ui/logo_image_zh-tw.png?cgc=10 HTTP/1.0" 304 - "-" "Mozilla/4.0 (compatible; MSIE 7.0; Windows NT 5.1; Trident/4.0; .NET CLR 1.1.4322; .NET CLR 2.0.50727; .NET CLR 3.0.4506.2152; .NET CLR 3.5.30729; .NET4.0C; .NET4.0E)"
Feb  6 09:48:21 f51 notice tmm[12476]: 01490506:5: /Common/sunny_access_profile_intra_production:Common:0ef9f023: Received User-Agent header: Mozilla%2f4.0%20(compatible%3b%20MSIE%207.0%3b%20Windows%20NT%205.1%3b%20Trident%2f4.0%3b%20.NET%20CLR%201.1.4322%3b%20.NET%20CLR%202.0.50727%3b%20.NET%20CLR%203.0.4506.2152%3b%20.NET%20CLR%203.5.30729%3b%20.NET4.0C%3b%20.NET4.0E).
Feb  6 09:48:21 f51 notice tmm[12476]: 01490500:5: /Common/sunny_access_profile_intra_production:Common:0ef9f023: New session from client IP 10.7.5.6 (ST=/CC=/C=) at VIP 10.51.187.15 Listener /Common/vs_sunny_sslvpn_intra (Reputation=Unknown)
Feb  6 09:48:21 f51 info logger: [acc] 127.1.1.2 - - [06/Feb/2017:09:48:21 +0800] "GET /renderer/apd_inspection_host_enter_page.eui?cgc=10&epsec=<null>&uilang=zh-tw&uimode=0&ctype=IE&cversion=7&cjs=1&cactivex=1&cplugin=0&cplatform=WinXP&cpu=unknown&logout=/Common/sunny_access_profile_intra_production_logout&general_ui=/Common/sunny_access_profile_intra_production_general_ui&eps=/Common/sunny_access_profile_intra_production_eps&installation=/Common/sunny_access_profile_intra_production_frameworkinstallation&errormap=/Common/sunny_access_profile_intra_production_errormap&defaultlang=zh-tw HTTP/1.0" 200 26989 "-" "-"
Feb  6 09:48:22 f51 info logger: [acc] 127.1.1.4 - - [06/Feb/2017:09:48:22 +0800] "GET /renderer/agent_endpoint_windows_machine_info_form.eui?cgc=10&epsec=<null>&uilang=zh-tw&uimode=0&ctype=IE&cversion=7&cjs=1&cactivex=1&cplugin=0&cplatform=WinXP&cpu=unknown&logout=/Common/sunny_access_profile_intra_production_logout&general_ui=/Common/sunny_access_profile_intra_production_general_ui&eps=/Common/sunny_access_profile_intra_production_eps&installation=/Common/sunny_access_profile_intra_production_frameworkinstallation&errormap=/Common/sunny_access_profile_intra_production_errormap&defaultlang=zh-tw HTTP/1.0" 200 10908 "-" "-"
Feb  6 09:48:24 f51 info logger: [acc] 127.1.1.2 - - [06/Feb/2017:09:48:24 +0800] "GET /renderer/apd_inspection_host_exit_page.eui?cgc=10&epsec=<null>&uilang=zh-tw&uimode=0&ctype=IE&cversion=7&cjs=1&cactivex=1&cplugin=0&cplatform=WinXP&cpu=unknown&logout=/Common/sunny_access_profile_intra_production_logout&general_ui=/Common/sunny_access_profile_intra_production_general_ui&eps=/Common/sunny_access_profile_intra_production_eps&installation=/Common/sunny_access_profile_intra_production_frameworkinstallation&errormap=/Common/sunny_access_profile_intra_production_errormap&defaultlang=zh-tw HTTP/1.0" 200 1386 "-" "-"
Feb  6 09:48:24 f51 notice apmd[7284]: 01490143:5: /Common/sunny_access_profile_intra_production:Common:0ef9f023: Logging Agent: CLIENTMAC: 10:BF:48:4F:A2:03
Feb  6 09:48:24 f51 notice apmd[7284]: 01490113:5: /Common/sunny_access_profile_intra_production:Common:0ef9f023: session.machine_info.last.bios.manufacturer is American Megatrends Inc.
Feb  6 09:48:24 f51 notice apmd[7284]: 01490113:5: /Common/sunny_access_profile_intra_production:Common:0ef9f023: session.machine_info.last.bios.sn is C5PFAG000JTM
Feb  6 09:48:24 f51 notice apmd[7284]: 01490113:5: /Common/sunny_access_profile_intra_production:Common:0ef9f023: session.machine_info.last.bios.version is _ASUS_ - 1072009
Feb  6 09:48:24 f51 notice apmd[7284]: 01490113:5: /Common/sunny_access_profile_intra_production:Common:0ef9f023: session.machine_info.last.cpu.description is x86 Family 6 Model 42 Stepping 7
Feb  6 09:48:24 f51 notice apmd[7284]: 01490113:5: /Common/sunny_access_profile_intra_production:Common:0ef9f023: session.machine_info.last.cpu.max_clock is 2993
Feb  6 09:48:24 f51 notice apmd[7284]: 01490113:5: /Common/sunny_access_profile_intra_production:Common:0ef9f023: session.machine_info.last.cpu.name is Intel Pentium III Xeon %u8655%u7406%u5668
Feb  6 09:48:24 f51 notice apmd[7284]: 01490113:5: /Common/sunny_access_profile_intra_production:Common:0ef9f023: session.machine_info.last.cpu.vendor is GenuineIntel
Feb  6 09:48:24 f51 notice apmd[7284]: 01490113:5: /Common/sunny_access_profile_intra_production:Common:0ef9f023: session.machine_info.last.error is 0
Feb  6 09:48:24 f51 notice apmd[7284]: 01490113:5: /Common/sunny_access_profile_intra_production:Common:0ef9f023: session.machine_info.last.hdd.count is 2
Feb  6 09:48:24 f51 notice apmd[7284]: 01490113:5: /Common/sunny_access_profile_intra_production:Common:0ef9f023: session.machine_info.last.hdd.list.[0].model is Maxtor 6V080E0
Feb  6 09:48:24 f51 notice apmd[7284]: 01490113:5: /Common/sunny_access_profile_intra_production:Common:0ef9f023: session.machine_info.last.hdd.list.[0].sn is V226F89G
Feb  6 09:48:24 f51 notice apmd[7284]: 01490113:5: /Common/sunny_access_profile_intra_production:Common:0ef9f023: session.machine_info.last.hdd.list.[1].model is ST350041 3AS SCSI Disk Device
Feb  6 09:48:24 f51 notice apmd[7284]: 01490113:5: /Common/sunny_access_profile_intra_production:Common:0ef9f023: session.machine_info.last.hdd.list.[1].sn is Z2ASN5MT
Feb  6 09:48:24 f51 notice apmd[7284]: 01490113:5: /Common/sunny_access_profile_intra_production:Common:0ef9f023: session.machine_info.last.motherboard.manufacturer is ASUSTeK COMPUTER INC.
Feb  6 09:48:24 f51 notice apmd[7284]: 01490113:5: /Common/sunny_access_profile_intra_production:Common:0ef9f023: session.machine_info.last.motherboard.product is BM6630_BM6330_BP6230
Feb  6 09:48:24 f51 notice apmd[7284]: 01490113:5: /Common/sunny_access_profile_intra_production:Common:0ef9f023: session.machine_info.last.motherboard.sn is MT7024019502773
Feb  6 09:48:24 f51 notice apmd[7284]: 01490113:5: /Common/sunny_access_profile_intra_production:Common:0ef9f023: session.machine_info.last.net_adapter.count is 1
Feb  6 09:48:24 f51 notice apmd[7284]: 01490113:5: /Common/sunny_access_profile_intra_production:Common:0ef9f023: session.machine_info.last.net_adapter.list.[0].mac_address is 10:BF:48:4F:A2:03
Feb  6 09:48:24 f51 notice apmd[7284]: 01490113:5: /Common/sunny_access_profile_intra_production:Common:0ef9f023: session.machine_info.last.net_adapter.list.[0].name is Intel(R) 82579V Gigabit Network Connection
Feb  6 09:48:24 f51 info logger: [acc] 127.1.1.1 - - [06/Feb/2017:09:48:24 +0800] "GET /renderer/agent_logon_page_form.eui?&cgc=10&epsec=<null>&logon=/Common/sunny_access_profile_intra_production_act_logon_page_ag&uilang=zh-tw&uimode=0&ctype=IE&cversion=7&cjs=1&cactivex=1&cplugin=0&cplatform=WinXP&cpu=unknown&logout=/Common/sunny_access_profile_intra_production_logout&general_ui=/Common/sunny_access_profile_intra_production_general_ui&eps=/Common/sunny_access_profile_intra_production_eps&installation=/Common/sunny_access_profile_intra_production_frameworkinstallation&errormap=/Common/sunny_access_profile_intra_production_errormap&defaultlang=zh-tw HTTP/1.0" 200 26447 "-" "-"
Feb  6 09:48:30 f51 notice apmd[7284]: 01490010:5: /Common/sunny_access_profile_intra_production:Common:0ef9f023: Username '11468'
Feb  6 09:48:30 f51 notice apmd[7284]: 01490008:5: /Common/sunny_access_profile_intra_production:Common:0ef9f023: Connectivity resource '/Common/sunny_na_profile' assigned
Feb  6 09:48:30 f51 notice apmd[7284]: 01490128:5: /Common/sunny_access_profile_intra_production:Common:0ef9f023: Webtop '/Common/sunny_webtop' assigned
Feb  6 09:48:30 f51 notice apmd[7284]: 01490005:5: /Common/sunny_access_profile_intra_production:Common:0ef9f023: Following rule 'fallback' from item 'iRule Event(2)' to ending 'Allow'
Feb  6 09:48:30 f51 notice apmd[7284]: 01490102:5: /Common/sunny_access_profile_intra_production:Common:0ef9f023: Access policy result: Full
Feb  6 09:48:30 f51 notice apmd[7284]: 01490248:5: /Common/sunny_access_profile_intra_production:Common:0ef9f023: Received client info - Hostname:  Type: IE Version: 7 Platform: WinXP CPU: unknown UI Mode: Full Javascript Support: 1 ActiveX Support: 1 Plugin Support: 0
Feb  6 09:48:30 f51 notice tmm[12476]: 01490520:5: /Common/sunny_access_profile_intra_production:Common:292ec0b8: Session deleted due to admin initiated termination.
Feb  6 09:48:30 f52 notice tmm[12602]: 01490520:5: /Common/sunny_access_profile_intra_production:Common:292ec0b8: Session deleted due to admin initiated termination.
Feb  6 09:48:30 f51 info logger: [acc] 127.1.1.2 - - [06/Feb/2017:09:48:30 +0800] "GET /renderer/webtop.eui?webtop=/Common/sunny_webtop&webtop_type=webtop_full&cgc=10&errorcode=0&logon=/Common/sunny_access_profile_intra_production_act_logon_page_ag&webtop_cust_grp=/Common/sunny_webtop_customization&webtop_id=/Common/sunny_webtop&uilang=zh-tw&uimode=0&ctype=IE&cversion=7&cjs=1&cactivex=1&cplugin=0&cplatform=WinXP&cpu=unknown&logout=/Common/sunny_access_profile_intra_production_logout&general_ui=/Common/sunny_access_profile_intra_production_general_ui&eps=/Common/sunny_access_profile_intra_production_eps&installation=/Common/sunny_access_profile_intra_production_frameworkinstallation&errormap=/Common/sunny_access_profile_intra_production_errormap&defaultlang=zh-tw HTTP/1.0" 200 83416 "-" "Mozilla/4.0 (compatible; MSIE 7.0; Windows NT 5.1; Trident/4.0; .NET CLR 1.1.4322; .NET CLR 2.0.50727; .NET CLR 3.0.4506.2152; .NET CLR 3.5.30729; .NET4.0C; .NET4.0E)"
Feb  6 09:48:30 f51 notice tmm3[12476]: 01490505:5: /Common/sunny_access_profile_intra_production:Common:292ec0b8: PPP tunnel 0x5703276edf00 closed.
Feb  6 09:48:30 f51 info logger: [acc] 127.1.1.2 - - [06/Feb/2017:09:48:30 +0800] "GET /private/fm/cache-fm.js HTTP/1.0" 304 - "-" "Mozilla/4.0 (compatible; MSIE 7.0; Windows NT 5.1; Trident/4.0; .NET CLR 1.1.4322; .NET CLR 2.0.50727; .NET CLR 3.0.4506.2152; .NET CLR 3.5.30729; .NET4.0C; .NET4.0E)"
Feb  6 09:48:30 f51 info logger: [acc] 127.1.1.1 - - [06/Feb/2017:09:48:30 +0800] "GET /renderer/sesstimeout.php3?cgc=10&errorcode=0&logon=/Common/sunny_access_profile_intra_production_act_logon_page_ag&webtop_cust_grp=/Common/sunny_webtop_customization&webtop_id=/Common/sunny_webtop&uilang=zh-tw&uimode=0&ctype=IE&cversion=7&cjs=1&cactivex=1&cplugin=0&cplatform=WinXP&cpu=unknown&logout=/Common/sunny_access_profile_intra_production_logout&general_ui=/Common/sunny_access_profile_intra_production_general_ui&eps=/Common/sunny_access_profile_intra_production_eps&installation=/Common/sunny_access_profile_intra_production_frameworkinstallation&errormap=/Common/sunny_access_profile_intra_production_errormap&defaultlang=zh-tw HTTP/1.0" 200 31029 "-" "Mozilla/4.0 (compatible; MSIE 7.0; Windows NT 5.1; Trident/4.0; .NET CLR 1.1.4322; .NET CLR 2.0.50727; .NET CLR 3.0.4506.2152; .NET CLR 3.5.30729; .NET4.0C; .NET4.0E)"
Feb  6 09:48:30 f51 info logger: [acc] 127.1.1.3 - - [06/Feb/2017:09:48:30 +0800] "GET /renderer/hometab.php3?cgc=10&errorcode=0&logon=/Common/sunny_access_profile_intra_production_act_logon_page_ag&webtop_cust_grp=/Common/sunny_webtop_customization&webtop_id=/Common/sunny_webtop&uilang=zh-tw&uimode=0&ctype=IE&cversion=7&cjs=1&cactivex=1&cplugin=0&cplatform=WinXP&cpu=unknown&logout=/Common/sunny_access_profile_intra_production_logout&general_ui=/Common/sunny_access_profile_intra_production_general_ui&eps=/Common/sunny_access_profile_intra_production_eps&installation=/Common/sunny_access_profile_intra_production_frameworkinstallation&errormap=/Common/sunny_access_profile_intra_production_errormap&defaultlang=zh-tw HTTP/1.0" 200 18856 "-" "Mozilla/4.0 (compatible; MSIE 7.0; Windows NT 5.1; Trident/4.0; .NET CLR 1.1.4322; .NET CLR 2.0.50727; .NET CLR 3.0.4506.2152; .NET CLR 3.5.30729; .NET4.0C; .NET4.0E)"
Feb  6 09:48:30 f51 info logger: [acc] 127.1.1.4 - - [06/Feb/2017:09:48:30 +0800] "GET /public/include/js/vdi/client.js?cgc=10 HTTP/1.0" 304 - "-" "Mozilla/4.0 (compatible; MSIE 7.0; Windows NT 5.1; Trident/4.0; .NET CLR 1.1.4322; .NET CLR 2.0.50727; .NET CLR 3.0.4506.2152; .NET CLR 3.5.30729; .NET4.0C; .NET4.0E)"
Feb  6 09:48:30 f51 info logger: [acc] 127.1.1.1 - - [06/Feb/2017:09:48:30 +0800] "GET /public/include/js/md5.js?cgc=10 HTTP/1.0" 304 - "-" "Mozilla/4.0 (compatible; MSIE 7.0; Windows NT 5.1; Trident/4.0; .NET CLR 1.1.4322; .NET CLR 2.0.50727; .NET CLR 3.0.4506.2152; .NET CLR 3.5.30729; .NET4.0C; .NET4.0E)"
Feb  6 09:48:30 f51 info logger: [acc] 127.1.1.2 - - [06/Feb/2017:09:48:30 +0800] "GET /public/include/js/vdi/installer.js?cgc=10 HTTP/1.0" 304 - "-" "Mozilla/4.0 (compatible; MSIE 7.0; Windows NT 5.1; Trident/4.0; .NET CLR 1.1.4322; .NET CLR 2.0.50727; .NET CLR 3.0.4506.2152; .NET CLR 3.5.30729; .NET4.0C; .NET4.0E)"
Feb  6 09:48:30 f51 info logger: [acc] 127.1.1.4 - - [06/Feb/2017:09:48:30 +0800] "GET /public/images/full_wt/body-background.png?cgc=10 HTTP/1.0" 304 - "-" "Mozilla/4.0 (compatible; MSIE 7.0; Windows NT 5.1; Trident/4.0; .NET CLR 1.1.4322; .NET CLR 2.0.50727; .NET CLR 3.0.4506.2152; .NET CLR 3.5.30729; .NET4.0C; .NET4.0E)"
Feb  6 09:48:30 f51 info logger: [acc] 127.1.1.1 - - [06/Feb/2017:09:48:30 +0800] "GET /public/images/my/disconnect.png?cgc=10 HTTP/1.0" 304 - "-" "Mozilla/4.0 (compatible; MSIE 7.0; Windows NT 5.1; Trident/4.0; .NET CLR 1.1.4322; .NET CLR 2.0.50727; .NET CLR 3.0.4506.2152; .NET CLR 3.5.30729; .NET4.0C; .NET4.0E)"
Feb  6 09:48:30 f51 info logger: [acc] 127.1.1.2 - - [06/Feb/2017:09:48:30 +0800] "GET /public/images/fm/sprites.png?cgc=10 HTTP/1.0" 304 - "-" "Mozilla/4.0 (compatible; MSIE 7.0; Windows NT 5.1; Trident/4.0; .NET CLR 1.1.4322; .NET CLR 2.0.50727; .NET CLR 3.0.4506.2152; .NET CLR 3.5.30729; .NET4.0C; .NET4.0E)"
Feb  6 09:48:31 f51 info logger: [acc] 127.1.1.3 - - [06/Feb/2017:09:48:31 +0800] "GET /public/images/full_wt/expand.png?cgc=10 HTTP/1.0" 304 - "-" "Mozilla/4.0 (compatible; MSIE 7.0; Windows NT 5.1; Trident/4.0; .NET CLR 1.1.4322; .NET CLR 2.0.50727; .NET CLR 3.0.4506.2152; .NET CLR 3.5.30729; .NET4.0C; .NET4.0E)"
Feb  6 09:48:31 f51 info logger: [acc] 127.1.1.2 - - [06/Feb/2017:09:48:31 +0800] "GET /renderer/resource_info.php3?prtn=/Common/&na_res=sunny_na_profile&cgc=10&errorcode=0&logon=/Common/sunny_access_profile_intra_production_act_logon_page_ag&webtop_cust_grp=/Common/sunny_webtop_customization&webtop_id=/Common/sunny_webtop&uilang=zh-tw&uimode=0&ctype=IE&cversion=7&cjs=1&cactivex=1&cplugin=0&cplatform=WinXP&cpu=unknown&logout=/Common/sunny_access_profile_intra_production_logout&general_ui=/Common/sunny_access_profile_intra_production_general_ui&eps=/Common/sunny_access_profile_intra_production_eps&installation=/Common/sunny_access_profile_intra_production_frameworkinstallation&errormap=/Common/sunny_access_profile_intra_production_errormap&defaultlang=zh-tw HTTP/1.0" 200 373 "-" "Mozilla/4.0 (compatible; MSIE 7.0; Windows NT 5.1; Trident/4.0; .NET CLR 1.1.4322; .NET CLR 2.0.50727; .NET CLR 3.0.4506.2152; .NET CLR 3.5.30729; .NET4.0C; .NET4.0E)"
Feb  6 09:48:31 f51 info logger: [acc] 127.1.1.1 - - [06/Feb/2017:09:48:31 +0800] "GET /public/images/full_wt/toolbar-background.png?cgc=10 HTTP/1.0" 304 - "-" "Mozilla/4.0 (compatible; MSIE 7.0; Windows NT 5.1; Trident/4.0; .NET CLR 1.1.4322; .NET CLR 2.0.50727; .NET CLR 3.0.4506.2152; .NET CLR 3.5.30729; .NET4.0C; .NET4.0E)"
Feb  6 09:48:31 f51 info logger: [acc] 127.1.1.3 - - [06/Feb/2017:09:48:31 +0800] "GET /public/images/full_wt/help.png?cgc=10 HTTP/1.0" 304 - "-" "Mozilla/4.0 (compatible; MSIE 7.0; Windows NT 5.1; Trident/4.0; .NET CLR 1.1.4322; .NET CLR 2.0.50727; .NET CLR 3.0.4506.2152; .NET CLR 3.5.30729; .NET4.0C; .NET4.0E)"
Feb  6 09:48:31 f51 info logger: [acc] 127.1.1.1 - - [06/Feb/2017:09:48:31 +0800] "GET /public/images/full_wt/aftertitle-background.png?cgc=10 HTTP/1.0" 304 - "-" "Mozilla/4.0 (compatible; MSIE 7.0; Windows NT 5.1; Trident/4.0; .NET CLR 1.1.4322; .NET CLR 2.0.50727; .NET CLR 3.0.4506.2152; .NET CLR 3.5.30729; .NET4.0C; .NET4.0E)"
