Feb  6 00:30:13 qfile01 qlogd[24599]: event log: Users: System, Source IP: 127.0.0.1, Computer name: localhost, Content:  [Snapshot volume:DataVol1] Created snapshot (Replication-Job3) successfully.
Feb  6 00:31:01 f51 notice tmsh[9004]: 01420002:5: AUDIT - pid=9004 user=root folder=/Common module=(tmos)# status=[Command OK] cmd_data=show sys mcp-state field-fmt
Feb  6 00:31:01 f51 notice tmsh[9008]: 01420002:5: AUDIT - pid=9008 user=root folder=/Common module=(tmos)# status=[Command OK] cmd_data=list sys db
Feb  6 00:31:01 f52 notice tmsh[24551]: 01420002:5: AUDIT - pid=24551 user=root folder=/Common module=(tmos)# status=[Command OK] cmd_data=show sys mcp-state field-fmt
Feb  6 00:31:01 f52 notice tmsh[24555]: 01420002:5: AUDIT - pid=24555 user=root folder=/Common module=(tmos)# status=[Command OK] cmd_data=list sys db
Feb  6 00:30:40 qfile01 qlogd[24599]: event log: Users: System, Source IP: 127.0.0.1, Computer name: localhost, Content: [RTRR Job] (Sync) Job qnap1TOqnap2-5 finished.
Feb  6 00:31:52 qfile02 qlogd[29929]: event log: Users: #012, Source IP: 127.0.0.1, Computer name: localhost, Content: (Job from client: 192.168.20.245)[RTRR Job] (Sync) Job qnap1TOqnap2-5 finished.#012 
Feb  6 00:35:08 syslog01 abrt: detected unhandled Python exception in '/opt/sunnybank/app.py'
Feb  6 00:35:08 syslog01 abrt: can't communicate with ABRT daemon, is it running? [Errno 2] No such file or directory
Feb  6 00:40:00 qfile01 qlogd[24599]: event log: Users: System, Source IP: 127.0.0.1, Computer name: localhost, Content: [RTRR Job] (Sync) Job qnap1TOqnap2-6 started.
Feb  6 00:41:12 qfile02 qlogd[29929]: event log: Users: #012, Source IP: 127.0.0.1, Computer name: localhost, Content: (Job from client: 192.168.20.245)[RTRR Job] (Sync) Job qnap1TOqnap2-6 started.#012 
Feb  6 00:40:01 qfile01 qlogd[24599]: event log: Users: System, Source IP: 127.0.0.1, Computer name: localhost, Content: [RTRR Job] (Sync) Job qnap1TOqnap2-3 started.
Feb  6 00:41:13 qfile02 qlogd[29929]: event log: Users: #012, Source IP: 127.0.0.1, Computer name: localhost, Content: (Job from client: 192.168.20.245)[RTRR Job] (Sync) Job qnap1TOqnap2-3 started.#012 
Feb  6 00:40:08 qfile01 qlogd[24599]: event log: Users: System, Source IP: 127.0.0.1, Computer name: localhost, Content:  [Snapshot volume:DataVol1] Created snapshot (Replication-Job0) successfully.
Feb  6 00:40:12 qfile01 qlogd[24599]: event log: Users: System, Source IP: 127.0.0.1, Computer name: localhost, Content:  [Snapshot volume:DataVol1] Created snapshot (Replication-Job10) successfully.
Feb  6 00:40:13 qfile01 qlogd[24599]: event log: Users: System, Source IP: 127.0.0.1, Computer name: localhost, Content: [RTRR Job] (Sync) Job qnap1TOqnap2-3 finished.
Feb  6 00:41:25 qfile02 qlogd[29929]: event log: Users: #012, Source IP: 127.0.0.1, Computer name: localhost, Content: (Job from client: 192.168.20.245)[RTRR Job] (Sync) Job qnap1TOqnap2-3 finished.#012 
Feb  6 00:40:30 qfile01 qlogd[24599]: event log: Users: System, Source IP: 127.0.0.1, Computer name: localhost, Content: [RTRR Job] (Sync) Job qnap1TOqnap2-6 finished.
Feb  6 00:41:42 qfile02 qlogd[29929]: event log: Users: #012, Source IP: 127.0.0.1, Computer name: localhost, Content: (Job from client: 192.168.20.245)[RTRR Job] (Sync) Job qnap1TOqnap2-6 finished.#012 
Feb  6 00:41:01 f52 notice tmsh[25015]: 01420002:5: AUDIT - pid=25015 user=root folder=/Common module=(tmos)# status=[Command OK] cmd_data=show sys mcp-state field-fmt
Feb  6 00:41:01 f52 notice tmsh[25019]: 01420002:5: AUDIT - pid=25019 user=root folder=/Common module=(tmos)# status=[Command OK] cmd_data=list sys db
Feb  6 00:41:02 f51 notice tmsh[9468]: 01420002:5: AUDIT - pid=9468 user=root folder=/Common module=(tmos)# status=[Command OK] cmd_data=show sys mcp-state field-fmt
Feb  6 00:41:02 f51 notice tmsh[9472]: 01420002:5: AUDIT - pid=9472 user=root folder=/Common module=(tmos)# status=[Command OK] cmd_data=list sys db
Feb  6 00:51:01 f51 notice tmsh[9946]: 01420002:5: AUDIT - pid=9946 user=root folder=/Common module=(tmos)# status=[Command OK] cmd_data=show sys mcp-state field-fmt
Feb  6 00:51:01 f52 notice tmsh[25479]: 01420002:5: AUDIT - pid=25479 user=root folder=/Common module=(tmos)# status=[Command OK] cmd_data=show sys mcp-state field-fmt
Feb  6 00:51:02 f51 notice tmsh[9950]: 01420002:5: AUDIT - pid=9950 user=root folder=/Common module=(tmos)# status=[Command OK] cmd_data=list sys db
Feb  6 00:51:02 f52 notice tmsh[25483]: 01420002:5: AUDIT - pid=25483 user=root folder=/Common module=(tmos)# status=[Command OK] cmd_data=list sys db
Feb  6 01:00:01 qfile01 qlogd[24599]: event log: Users: System, Source IP: 127.0.0.1, Computer name: localhost, Content: [RTRR Job] (Sync) Job FTPServerToQnap1 started.
Feb  6 01:01:01 f51 notice tmsh[10441]: 01420002:5: AUDIT - pid=10441 user=root folder=/Common module=(tmos)# status=[Command OK] cmd_data=show sys mcp-state field-fmt
Feb  6 01:01:01 f52 notice tmsh[25968]: 01420002:5: AUDIT - pid=25968 user=root folder=/Common module=(tmos)# status=[Command OK] cmd_data=show sys mcp-state field-fmt
Feb  6 01:01:01 f51 notice tmsh[10445]: 01420002:5: AUDIT - pid=10445 user=root folder=/Common module=(tmos)# status=[Command OK] cmd_data=list sys db
Feb  6 01:01:01 f52 notice tmsh[25972]: 01420002:5: AUDIT - pid=25972 user=root folder=/Common module=(tmos)# status=[Command OK] cmd_data=list sys db
Feb  6 01:02:43 qfile01 qlogd[24599]: event log: Users: System, Source IP: 127.0.0.1, Computer name: localhost, Content: [RTRR Job] (Sync) Job FTPServerToQnap1 finished.
Feb  6 01:11:01 f52 notice tmsh[26660]: 01420002:5: AUDIT - pid=26660 user=root folder=/Common module=(tmos)# status=[Command OK] cmd_data=show sys mcp-state field-fmt
Feb  6 01:11:01 f52 notice tmsh[26664]: 01420002:5: AUDIT - pid=26664 user=root folder=/Common module=(tmos)# status=[Command OK] cmd_data=list sys db
Feb  6 01:11:02 f51 notice tmsh[11135]: 01420002:5: AUDIT - pid=11135 user=root folder=/Common module=(tmos)# status=[Command OK] cmd_data=show sys mcp-state field-fmt
Feb  6 01:11:02 f51 notice tmsh[11139]: 01420002:5: AUDIT - pid=11139 user=root folder=/Common module=(tmos)# status=[Command OK] cmd_data=list sys db
Feb  6 01:20:01 qfile01 qlogd[24599]: event log: Users: System, Source IP: 127.0.0.1, Computer name: localhost, Content: [RTRR Job] (Sync) Job qnap1TOqnap2-4 started.
Feb  6 01:20:02 qfile01 qlogd[24599]: event log: Users: System, Source IP: 127.0.0.1, Computer name: localhost, Content: [RTRR Job] (Sync) Job qnap1TOqnap2-1 started.
Feb  6 01:21:23 qfile02 qlogd[29929]: event log: Users: #012, Source IP: 127.0.0.1, Computer name: localhost, Content: (Job from client: 192.168.20.245)[RTRR Job] (Sync) Job qnap1TOqnap2-4 started.#012 
Feb  6 01:21:24 qfile02 qlogd[29929]: event log: Users: #012, Source IP: 127.0.0.1, Computer name: localhost, Content: (Job from client: 192.168.20.245)[RTRR Job] (Sync) Job qnap1TOqnap2-1 started.#012 
Feb  6 01:20:22 qfile01 qlogd[24599]: event log: Users: System, Source IP: 127.0.0.1, Computer name: localhost, Content:  [Snapshot volume:DataVol1] Created snapshot (Replication-Job9) successfully.
Feb  6 01:20:28 qfile01 qlogd[24599]: event log: Users: System, Source IP: 127.0.0.1, Computer name: localhost, Content: [RTRR Job] (Sync) Job qnap1TOqnap2-4 finished.
Feb  6 01:21:40 qfile02 qlogd[29929]: event log: Users: #012, Source IP: 127.0.0.1, Computer name: localhost, Content: (Job from client: 192.168.20.245)[RTRR Job] (Sync) Job qnap1TOqnap2-4 finished.#012 
Feb  6 01:20:30 qfile01 qlogd[24599]: event log: Users: System, Source IP: 127.0.0.1, Computer name: localhost, Content:  [Snapshot volume:DataVol1] Created snapshot (Replication-Job12) successfully.
Feb  6 01:20:32 qfile01 qlogd[24599]: event log: Users: System, Source IP: 127.0.0.1, Computer name: localhost, Content: [RTRR Job] (Sync) Job qnap1TOqnap2-1 finished.
Feb  6 01:21:44 qfile02 qlogd[29929]: event log: Users: #012, Source IP: 127.0.0.1, Computer name: localhost, Content: (Job from client: 192.168.20.245)[RTRR Job] (Sync) Job qnap1TOqnap2-1 finished.#012 
Feb  6 01:21:01 f52 notice tmsh[27130]: 01420002:5: AUDIT - pid=27130 user=root folder=/Common module=(tmos)# status=[Command OK] cmd_data=show sys mcp-state field-fmt
Feb  6 01:21:01 f52 notice tmsh[27134]: 01420002:5: AUDIT - pid=27134 user=root folder=/Common module=(tmos)# status=[Command OK] cmd_data=list sys db
Feb  6 01:21:01 f51 notice tmsh[11609]: 01420002:5: AUDIT - pid=11609 user=root folder=/Common module=(tmos)# status=[Command OK] cmd_data=show sys mcp-state field-fmt
Feb  6 01:21:01 f51 notice tmsh[11614]: 01420002:5: AUDIT - pid=11614 user=root folder=/Common module=(tmos)# status=[Command OK] cmd_data=list sys db
Feb  6 01:30:01 qfile02 qlogd[29929]: event log: Users: System, Source IP: 127.0.0.1, Computer name: localhost, Content: [RTRR Job] (Sync) Job qnap1->qnap2ForALLBank started.
Feb  6 01:28:51 qfile01 qlogd[24599]: event log: Users: #012, Source IP: 127.0.0.1, Computer name: localhost, Content: (Job from client: 10.51.188.19)[RTRR Job] (Sync) Job qnap1->qnap2ForALLBank started.#012 
Feb  6 01:30:14 qfile02 qlogd[29929]: event log: Users: System, Source IP: 127.0.0.1, Computer name: localhost, Content: [RTRR Job] (Sync) Job qnap1->qnap2ForALLBank finished.
Feb  6 01:29:04 qfile01 qlogd[24599]: event log: Users: #012, Source IP: 127.0.0.1, Computer name: localhost, Content: (Job from client: 10.51.188.19)[RTRR Job] (Sync) Job qnap1->qnap2ForALLBank finished.#012 
Feb  6 01:30:01 qfile01 qlogd[24599]: event log: Users: System, Source IP: 127.0.0.1, Computer name: localhost, Content: [RTRR Job] (Sync) Job qnap1TOqnap2-5 started.
Feb  6 01:31:12 qfile02 qlogd[29929]: event log: Users: #012, Source IP: 127.0.0.1, Computer name: localhost, Content: (Job from client: 192.168.20.245)[RTRR Job] (Sync) Job qnap1TOqnap2-5 started.#012 
Feb  6 01:30:02 qfile01 qlogd[24599]: event log: Users: System, Source IP: 127.0.0.1, Computer name: localhost, Content: [RTRR Job] (Sync) Job qnap1TOqnap2-2 started.
Feb  6 01:31:13 qfile02 qlogd[29929]: event log: Users: #012, Source IP: 127.0.0.1, Computer name: localhost, Content: (Job from client: 192.168.20.245)[RTRR Job] (Sync) Job qnap1TOqnap2-2 started.#012 
Feb  6 01:30:08 qfile01 qlogd[24599]: event log: Users: System, Source IP: 127.0.0.1, Computer name: localhost, Content:  [Snapshot volume:DataVol1] Created snapshot (Replication-Job11) successfully.
Feb  6 01:30:13 qfile01 qlogd[24599]: event log: Users: System, Source IP: 127.0.0.1, Computer name: localhost, Content: [RTRR Job] (Sync) Job qnap1TOqnap2-2 finished.
Feb  6 01:31:24 qfile02 qlogd[29929]: event log: Users: #012, Source IP: 127.0.0.1, Computer name: localhost, Content: (Job from client: 192.168.20.245)[RTRR Job] (Sync) Job qnap1TOqnap2-2 finished.#012 
Feb  6 01:30:14 qfile01 qlogd[24599]: event log: Users: System, Source IP: 127.0.0.1, Computer name: localhost, Content:  [Snapshot volume:DataVol1] Created snapshot (Replication-Job3) successfully.
Feb  6 01:31:01 f51 notice tmsh[12092]: 01420002:5: AUDIT - pid=12092 user=root folder=/Common module=(tmos)# status=[Command OK] cmd_data=show sys mcp-state field-fmt
Feb  6 01:31:01 f51 notice tmsh[12098]: 01420002:5: AUDIT - pid=12098 user=root folder=/Common module=(tmos)# status=[Command OK] cmd_data=list sys db
Feb  6 01:31:01 f52 notice tmsh[27594]: 01420002:5: AUDIT - pid=27594 user=root folder=/Common module=(tmos)# status=[Command OK] cmd_data=show sys mcp-state field-fmt
Feb  6 01:31:02 f52 notice tmsh[27598]: 01420002:5: AUDIT - pid=27598 user=root folder=/Common module=(tmos)# status=[Command OK] cmd_data=list sys db
Feb  6 01:30:40 qfile01 qlogd[24599]: event log: Users: System, Source IP: 127.0.0.1, Computer name: localhost, Content: [RTRR Job] (Sync) Job qnap1TOqnap2-5 finished.
Feb  6 01:31:51 qfile02 qlogd[29929]: event log: Users: #012, Source IP: 127.0.0.1, Computer name: localhost, Content: (Job from client: 192.168.20.245)[RTRR Job] (Sync) Job qnap1TOqnap2-5 finished.#012 
Feb  6 01:40:01 qfile01 qlogd[24599]: event log: Users: System, Source IP: 127.0.0.1, Computer name: localhost, Content: [RTRR Job] (Sync) Job qnap1TOqnap2-6 started.
Feb  6 01:41:12 qfile02 qlogd[29929]: event log: Users: #012, Source IP: 127.0.0.1, Computer name: localhost, Content: (Job from client: 192.168.20.245)[RTRR Job] (Sync) Job qnap1TOqnap2-6 started.#012 
Feb  6 01:40:02 qfile01 qlogd[24599]: event log: Users: System, Source IP: 127.0.0.1, Computer name: localhost, Content: [RTRR Job] (Sync) Job qnap1TOqnap2-3 started.
Feb  6 01:41:14 qfile02 qlogd[29929]: event log: Users: #012, Source IP: 127.0.0.1, Computer name: localhost, Content: (Job from client: 192.168.20.245)[RTRR Job] (Sync) Job qnap1TOqnap2-3 started.#012 
Feb  6 01:40:13 qfile01 qlogd[24599]: event log: Users: System, Source IP: 127.0.0.1, Computer name: localhost, Content:  [Snapshot volume:DataVol1] Created snapshot (Replication-Job0) successfully.
Feb  6 01:40:23 qfile01 qlogd[24599]: event log: Users: System, Source IP: 127.0.0.1, Computer name: localhost, Content:  [Snapshot volume:DataVol1] Created snapshot (Replication-Job10) successfully.
Feb  6 01:40:24 qfile01 qlogd[24599]: event log: Users: System, Source IP: 127.0.0.1, Computer name: localhost, Content: [RTRR Job] (Sync) Job qnap1TOqnap2-3 finished.
Feb  6 01:41:36 qfile02 qlogd[29929]: event log: Users: #012, Source IP: 127.0.0.1, Computer name: localhost, Content: (Job from client: 192.168.20.245)[RTRR Job] (Sync) Job qnap1TOqnap2-3 finished.#012 
Feb  6 01:41:01 f52 notice tmsh[28058]: 01420002:5: AUDIT - pid=28058 user=root folder=/Common module=(tmos)# status=[Command OK] cmd_data=show sys mcp-state field-fmt
Feb  6 01:41:01 f52 notice tmsh[28062]: 01420002:5: AUDIT - pid=28062 user=root folder=/Common module=(tmos)# status=[Command OK] cmd_data=list sys db
Feb  6 01:41:01 f51 notice tmsh[12587]: 01420002:5: AUDIT - pid=12587 user=root folder=/Common module=(tmos)# status=[Command OK] cmd_data=show sys mcp-state field-fmt
Feb  6 01:41:02 f51 notice tmsh[12591]: 01420002:5: AUDIT - pid=12591 user=root folder=/Common module=(tmos)# status=[Command OK] cmd_data=list sys db
Feb  6 01:40:38 qfile01 qlogd[24599]: event log: Users: System, Source IP: 127.0.0.1, Computer name: localhost, Content: [RTRR Job] (Sync) Job qnap1TOqnap2-6 finished.
Feb  6 01:41:50 qfile02 qlogd[29929]: event log: Users: #012, Source IP: 127.0.0.1, Computer name: localhost, Content: (Job from client: 192.168.20.245)[RTRR Job] (Sync) Job qnap1TOqnap2-6 finished.#012 
Feb  6 01:51:01 f51 notice tmsh[13078]: 01420002:5: AUDIT - pid=13078 user=root folder=/Common module=(tmos)# status=[Command OK] cmd_data=show sys mcp-state field-fmt
Feb  6 01:51:01 f51 notice tmsh[13082]: 01420002:5: AUDIT - pid=13082 user=root folder=/Common module=(tmos)# status=[Command OK] cmd_data=list sys db
Feb  6 01:51:02 f52 notice tmsh[28522]: 01420002:5: AUDIT - pid=28522 user=root folder=/Common module=(tmos)# status=[Command OK] cmd_data=show sys mcp-state field-fmt
Feb  6 01:51:02 f52 notice tmsh[28526]: 01420002:5: AUDIT - pid=28526 user=root folder=/Common module=(tmos)# status=[Command OK] cmd_data=list sys db
Feb  6 02:00:01 qfile01 qlogd[24599]: event log: Users: System, Source IP: 127.0.0.1, Computer name: localhost, Content: [RTRR Job] (Sync) Job FTPServerToQnap1 started.
Feb  6 02:01:01 f52 notice tmsh[29009]: 01420002:5: AUDIT - pid=29009 user=root folder=/Common module=(tmos)# status=[Command OK] cmd_data=show sys mcp-state field-fmt
Feb  6 02:01:01 f52 notice tmsh[29015]: 01420002:5: AUDIT - pid=29015 user=root folder=/Common module=(tmos)# status=[Command OK] cmd_data=list sys db
Feb  6 02:01:02 f51 notice tmsh[13597]: 01420002:5: AUDIT - pid=13597 user=root folder=/Common module=(tmos)# status=[Command OK] cmd_data=show sys mcp-state field-fmt
Feb  6 02:01:02 f51 notice tmsh[13601]: 01420002:5: AUDIT - pid=13601 user=root folder=/Common module=(tmos)# status=[Command OK] cmd_data=list sys db
Feb  6 02:02:32 qfile01 qlogd[24599]: event log: Users: System, Source IP: 127.0.0.1, Computer name: localhost, Content: [RTRR Job] (Sync) Job FTPServerToQnap1 finished.
Feb  6 02:11:01 f51 notice tmsh[14594]: 01420002:5: AUDIT - pid=14594 user=root folder=/Common module=(tmos)# status=[Command OK] cmd_data=show sys mcp-state field-fmt
Feb  6 02:11:01 f52 notice tmsh[29701]: 01420002:5: AUDIT - pid=29701 user=root folder=/Common module=(tmos)# status=[Command OK] cmd_data=show sys mcp-state field-fmt
Feb  6 02:11:01 f51 notice tmsh[14598]: 01420002:5: AUDIT - pid=14598 user=root folder=/Common module=(tmos)# status=[Command OK] cmd_data=list sys db
Feb  6 02:11:02 f52 notice tmsh[29707]: 01420002:5: AUDIT - pid=29707 user=root folder=/Common module=(tmos)# status=[Command OK] cmd_data=list sys db
Feb  6 02:20:01 qfile01 qlogd[24599]: event log: Users: System, Source IP: 127.0.0.1, Computer name: localhost, Content: [RTRR Job] (Sync) Job qnap1TOqnap2-4 started.
Feb  6 02:21:13 qfile02 qlogd[29929]: event log: Users: #012, Source IP: 127.0.0.1, Computer name: localhost, Content: (Job from client: 192.168.20.245)[RTRR Job] (Sync) Job qnap1TOqnap2-4 started.#012 
Feb  6 02:20:02 qfile01 qlogd[24599]: event log: Users: System, Source IP: 127.0.0.1, Computer name: localhost, Content: [RTRR Job] (Sync) Job qnap1TOqnap2-1 started.
Feb  6 02:21:14 qfile02 qlogd[29929]: event log: Users: #012, Source IP: 127.0.0.1, Computer name: localhost, Content: (Job from client: 192.168.20.245)[RTRR Job] (Sync) Job qnap1TOqnap2-1 started.#012 
Feb  6 02:20:13 qfile01 qlogd[24599]: event log: Users: System, Source IP: 127.0.0.1, Computer name: localhost, Content:  [Snapshot volume:DataVol1] Created snapshot (Replication-Job9) successfully.
Feb  6 02:20:14 qfile01 qlogd[24599]: event log: Users: System, Source IP: 127.0.0.1, Computer name: localhost, Content: [RTRR Job] (Sync) Job qnap1TOqnap2-4 finished.
Feb  6 02:21:26 qfile02 qlogd[29929]: event log: Users: #012, Source IP: 127.0.0.1, Computer name: localhost, Content: (Job from client: 192.168.20.245)[RTRR Job] (Sync) Job qnap1TOqnap2-4 finished.#012 
Feb  6 02:20:23 qfile01 qlogd[24599]: event log: Users: System, Source IP: 127.0.0.1, Computer name: localhost, Content:  [Snapshot volume:DataVol1] Created snapshot (Replication-Job12) successfully.
Feb  6 02:20:26 qfile01 qlogd[24599]: event log: Users: System, Source IP: 127.0.0.1, Computer name: localhost, Content: [RTRR Job] (Sync) Job qnap1TOqnap2-1 finished.
Feb  6 02:21:38 qfile02 qlogd[29929]: event log: Users: #012, Source IP: 127.0.0.1, Computer name: localhost, Content: (Job from client: 192.168.20.245)[RTRR Job] (Sync) Job qnap1TOqnap2-1 finished.#012 
Feb  6 02:21:01 f51 notice tmsh[15058]: 01420002:5: AUDIT - pid=15058 user=root folder=/Common module=(tmos)# status=[Command OK] cmd_data=show sys mcp-state field-fmt
Feb  6 02:21:01 f52 notice tmsh[30171]: 01420002:5: AUDIT - pid=30171 user=root folder=/Common module=(tmos)# status=[Command OK] cmd_data=show sys mcp-state field-fmt
Feb  6 02:21:01 f51 notice tmsh[15062]: 01420002:5: AUDIT - pid=15062 user=root folder=/Common module=(tmos)# status=[Command OK] cmd_data=list sys db
Feb  6 02:21:01 f52 notice tmsh[30175]: 01420002:5: AUDIT - pid=30175 user=root folder=/Common module=(tmos)# status=[Command OK] cmd_data=list sys db
Feb  6 02:30:01 qfile02 qlogd[29929]: event log: Users: System, Source IP: 127.0.0.1, Computer name: localhost, Content: [RTRR Job] (Sync) Job qnap1->qnap2ForALLBank started.
Feb  6 02:28:51 qfile01 qlogd[24599]: event log: Users: #012, Source IP: 127.0.0.1, Computer name: localhost, Content: (Job from client: 10.51.188.19)[RTRR Job] (Sync) Job qnap1->qnap2ForALLBank started.#012 
Feb  6 02:30:14 qfile02 qlogd[29929]: event log: Users: System, Source IP: 127.0.0.1, Computer name: localhost, Content: [RTRR Job] (Sync) Job qnap1->qnap2ForALLBank finished.
Feb  6 02:29:04 qfile01 qlogd[24599]: event log: Users: #012, Source IP: 127.0.0.1, Computer name: localhost, Content: (Job from client: 10.51.188.19)[RTRR Job] (Sync) Job qnap1->qnap2ForALLBank finished.#012 
Feb  6 02:30:01 qfile01 qlogd[24599]: event log: Users: System, Source IP: 127.0.0.1, Computer name: localhost, Content: [RTRR Job] (Sync) Job qnap1TOqnap2-5 started.
Feb  6 02:31:13 qfile02 qlogd[29929]: event log: Users: #012, Source IP: 127.0.0.1, Computer name: localhost, Content: (Job from client: 192.168.20.245)[RTRR Job] (Sync) Job qnap1TOqnap2-5 started.#012 
Feb  6 02:30:02 qfile01 qlogd[24599]: event log: Users: System, Source IP: 127.0.0.1, Computer name: localhost, Content: [RTRR Job] (Sync) Job qnap1TOqnap2-2 started.
Feb  6 02:31:14 qfile02 qlogd[29929]: event log: Users: #012, Source IP: 127.0.0.1, Computer name: localhost, Content: (Job from client: 192.168.20.245)[RTRR Job] (Sync) Job qnap1TOqnap2-2 started.#012 
Feb  6 02:30:11 qfile01 qlogd[24599]: event log: Users: System, Source IP: 127.0.0.1, Computer name: localhost, Content:  [Snapshot volume:DataVol1] Created snapshot (Replication-Job3) successfully.
Feb  6 02:30:17 qfile01 qlogd[24599]: event log: Users: System, Source IP: 127.0.0.1, Computer name: localhost, Content:  [Snapshot volume:DataVol1] Created snapshot (Replication-Job11) successfully.
Feb  6 02:30:19 qfile01 qlogd[24599]: event log: Users: System, Source IP: 127.0.0.1, Computer name: localhost, Content: [RTRR Job] (Sync) Job qnap1TOqnap2-2 finished.
Feb  6 02:31:31 qfile02 qlogd[29929]: event log: Users: #012, Source IP: 127.0.0.1, Computer name: localhost, Content: (Job from client: 192.168.20.245)[RTRR Job] (Sync) Job qnap1TOqnap2-2 finished.#012 
Feb  6 02:31:01 f51 notice tmsh[15522]: 01420002:5: AUDIT - pid=15522 user=root folder=/Common module=(tmos)# status=[Command OK] cmd_data=show sys mcp-state field-fmt
Feb  6 02:31:02 f52 notice tmsh[30635]: 01420002:5: AUDIT - pid=30635 user=root folder=/Common module=(tmos)# status=[Command OK] cmd_data=show sys mcp-state field-fmt
Feb  6 02:31:02 f51 notice tmsh[15526]: 01420002:5: AUDIT - pid=15526 user=root folder=/Common module=(tmos)# status=[Command OK] cmd_data=list sys db
Feb  6 02:31:02 f52 notice tmsh[30639]: 01420002:5: AUDIT - pid=30639 user=root folder=/Common module=(tmos)# status=[Command OK] cmd_data=list sys db
Feb  6 02:30:44 qfile01 qlogd[24599]: event log: Users: System, Source IP: 127.0.0.1, Computer name: localhost, Content: [RTRR Job] (Sync) Job qnap1TOqnap2-5 finished.
Feb  6 02:31:55 qfile02 qlogd[29929]: event log: Users: #012, Source IP: 127.0.0.1, Computer name: localhost, Content: (Job from client: 192.168.20.245)[RTRR Job] (Sync) Job qnap1TOqnap2-5 finished.#012 
Feb  6 02:40:00 qfile01 qlogd[24599]: event log: Users: System, Source IP: 127.0.0.1, Computer name: localhost, Content: [RTRR Job] (Sync) Job qnap1TOqnap2-6 started.
Feb  6 02:41:12 qfile02 qlogd[29929]: event log: Users: #012, Source IP: 127.0.0.1, Computer name: localhost, Content: (Job from client: 192.168.20.245)[RTRR Job] (Sync) Job qnap1TOqnap2-6 started.#012 
Feb  6 02:40:02 qfile01 qlogd[24599]: event log: Users: System, Source IP: 127.0.0.1, Computer name: localhost, Content: [RTRR Job] (Sync) Job qnap1TOqnap2-3 started.
Feb  6 02:41:13 qfile02 qlogd[29929]: event log: Users: #012, Source IP: 127.0.0.1, Computer name: localhost, Content: (Job from client: 192.168.20.245)[RTRR Job] (Sync) Job qnap1TOqnap2-3 started.#012 
Feb  6 02:40:08 qfile01 qlogd[24599]: event log: Users: System, Source IP: 127.0.0.1, Computer name: localhost, Content:  [Snapshot volume:DataVol1] Created snapshot (Replication-Job0) successfully.
Feb  6 02:40:12 qfile01 qlogd[24599]: event log: Users: System, Source IP: 127.0.0.1, Computer name: localhost, Content:  [Snapshot volume:DataVol1] Created snapshot (Replication-Job10) successfully.
Feb  6 02:40:13 qfile01 qlogd[24599]: event log: Users: System, Source IP: 127.0.0.1, Computer name: localhost, Content: [RTRR Job] (Sync) Job qnap1TOqnap2-3 finished.
Feb  6 02:41:25 qfile02 qlogd[29929]: event log: Users: #012, Source IP: 127.0.0.1, Computer name: localhost, Content: (Job from client: 192.168.20.245)[RTRR Job] (Sync) Job qnap1TOqnap2-3 finished.#012 
Feb  6 02:40:29 qfile01 qlogd[24599]: event log: Users: System, Source IP: 127.0.0.1, Computer name: localhost, Content: [RTRR Job] (Sync) Job qnap1TOqnap2-6 finished.
Feb  6 02:41:41 qfile02 qlogd[29929]: event log: Users: #012, Source IP: 127.0.0.1, Computer name: localhost, Content: (Job from client: 192.168.20.245)[RTRR Job] (Sync) Job qnap1TOqnap2-6 finished.#012 
Feb  6 02:41:01 f51 notice tmsh[15987]: 01420002:5: AUDIT - pid=15987 user=root folder=/Common module=(tmos)# status=[Command OK] cmd_data=show sys mcp-state field-fmt
Feb  6 02:41:01 f52 notice tmsh[31099]: 01420002:5: AUDIT - pid=31099 user=root folder=/Common module=(tmos)# status=[Command OK] cmd_data=show sys mcp-state field-fmt
Feb  6 02:41:01 f51 notice tmsh[15991]: 01420002:5: AUDIT - pid=15991 user=root folder=/Common module=(tmos)# status=[Command OK] cmd_data=list sys db
Feb  6 02:41:01 f52 notice tmsh[31103]: 01420002:5: AUDIT - pid=31103 user=root folder=/Common module=(tmos)# status=[Command OK] cmd_data=list sys db
Feb  6 02:51:01 f52 notice tmsh[31562]: 01420002:5: AUDIT - pid=31562 user=root folder=/Common module=(tmos)# status=[Command OK] cmd_data=show sys mcp-state field-fmt
Feb  6 02:51:01 f52 notice tmsh[31566]: 01420002:5: AUDIT - pid=31566 user=root folder=/Common module=(tmos)# status=[Command OK] cmd_data=list sys db
Feb  6 02:51:02 f51 notice tmsh[16457]: 01420002:5: AUDIT - pid=16457 user=root folder=/Common module=(tmos)# status=[Command OK] cmd_data=show sys mcp-state field-fmt
Feb  6 02:51:02 f51 notice tmsh[16461]: 01420002:5: AUDIT - pid=16461 user=root folder=/Common module=(tmos)# status=[Command OK] cmd_data=list sys db
Feb  6 03:00:01 qfile01 qlogd[24599]: event log: Users: System, Source IP: 127.0.0.1, Computer name: localhost, Content: [RTRR Job] (Sync) Job FTPServerToQnap1 started.
Feb  6 03:01:01 f51 notice tmsh[16946]: 01420002:5: AUDIT - pid=16946 user=root folder=/Common module=(tmos)# status=[Command OK] cmd_data=show sys mcp-state field-fmt
Feb  6 03:01:01 f52 notice tmsh[32053]: 01420002:5: AUDIT - pid=32053 user=root folder=/Common module=(tmos)# status=[Command OK] cmd_data=show sys mcp-state field-fmt
Feb  6 03:01:02 f51 notice tmsh[16950]: 01420002:5: AUDIT - pid=16950 user=root folder=/Common module=(tmos)# status=[Command OK] cmd_data=list sys db
Feb  6 03:01:02 f52 notice tmsh[32058]: 01420002:5: AUDIT - pid=32058 user=root folder=/Common module=(tmos)# status=[Command OK] cmd_data=list sys db
Feb  6 03:02:02 f51 warning tmsh[17262]: 01420007:4: Certificate 'CN=Buypass Class 2 CA 1,O=Buypass AS-983163327,C=NO' in file /Common/ca-bundle.crt expired on Oct 13 10:25:09 2016 GMT
Feb  6 03:02:02 f51 warning tmsh[17262]: 01420007:4: Certificate 'CN=Buypass Class 2 CA 1,O=Buypass AS-983163327,C=NO' in file /Common/ca-bundle.crt expired on Oct 13 10:25:09 2016 GMT
Feb  6 03:02:02 f51 warning tmsh[17262]: 01420007:4: Certificate 'CN=e-Guven Kok Elektronik Sertifika Hizmet Saglayicisi,O=Elektronik Bilgi Guvenligi A.S.,C=TR' in file /Common/ca-bundle.crt expired on Jan  4 11:32:48 2017 GMT
Feb  6 03:02:02 f51 warning tmsh[17262]: 01420007:4: Certificate 'CN=Encryption e-Szigno CA5,OU=e-Szigno CA,O=Microsec Ltd.,L=Budapest,C=HU' in file /Common/ca-bundle.crt expired on Oct  5 14:28:14 2016 GMT
Feb  6 03:02:02 f51 warning tmsh[17262]: 01420007:4: Certificate 'CN=VeriSign Class 3 Extended Validation SSL CA,OU=Terms of use at https://www.verisign.com/rpa (c)06,OU=VeriSign Trust Network,O=VeriSign, Inc.,C=US' in file /Common/ca-bundle.crt expired on Nov  7 23:59:59 2016 GMT
Feb  6 03:02:02 f51 warning tmsh[17262]: 01420007:4: Per-invocation log rate exceeded; throttling.
Feb  6 03:02:02 f51 notice tmsh[17262]: 01420002:5: AUDIT - pid=17262 user=root folder=/Common module=(tmos)# status=[Command OK] cmd_data=run sys crypto check-cert stdout disabled
Feb  6 03:02:30 qfile01 qlogd[24599]: event log: Users: System, Source IP: 127.0.0.1, Computer name: localhost, Content: [RTRR Job] (Sync) Job FTPServerToQnap1 finished.
Feb  6 03:10:01 f52 notice auditd[4181]: Audit daemon rotating log files
Feb  6 03:11:01 f51 notice tmsh[17645]: 01420002:5: AUDIT - pid=17645 user=root folder=/Common module=(tmos)# status=[Command OK] cmd_data=show sys mcp-state field-fmt
Feb  6 03:11:01 f52 notice tmsh[32747]: 01420002:5: AUDIT - pid=32747 user=root folder=/Common module=(tmos)# status=[Command OK] cmd_data=show sys mcp-state field-fmt
Feb  6 03:11:01 f51 notice tmsh[17649]: 01420002:5: AUDIT - pid=17649 user=root folder=/Common module=(tmos)# status=[Command OK] cmd_data=list sys db
Feb  6 03:11:01 f52 notice tmsh[32751]: 01420002:5: AUDIT - pid=32751 user=root folder=/Common module=(tmos)# status=[Command OK] cmd_data=list sys db
Feb  6 03:20:00 qfile01 qlogd[24599]: event log: Users: System, Source IP: 127.0.0.1, Computer name: localhost, Content: [RTRR Job] (Sync) Job qnap1TOqnap2-4 started.
Feb  6 03:21:12 qfile02 qlogd[29929]: event log: Users: #012, Source IP: 127.0.0.1, Computer name: localhost, Content: (Job from client: 192.168.20.245)[RTRR Job] (Sync) Job qnap1TOqnap2-4 started.#012 
Feb  6 03:20:01 qfile01 qlogd[24599]: event log: Users: System, Source IP: 127.0.0.1, Computer name: localhost, Content: [RTRR Job] (Sync) Job qnap1TOqnap2-1 started.
Feb  6 03:21:13 qfile02 qlogd[29929]: event log: Users: #012, Source IP: 127.0.0.1, Computer name: localhost, Content: (Job from client: 192.168.20.245)[RTRR Job] (Sync) Job qnap1TOqnap2-1 started.#012 
Feb  6 03:20:12 qfile01 qlogd[24599]: event log: Users: System, Source IP: 127.0.0.1, Computer name: localhost, Content:  [Snapshot volume:DataVol1] Created snapshot (Replication-Job9) successfully.
Feb  6 03:20:12 qfile01 qlogd[24599]: event log: Users: System, Source IP: 127.0.0.1, Computer name: localhost, Content: [RTRR Job] (Sync) Job qnap1TOqnap2-4 finished.
Feb  6 03:21:24 qfile02 qlogd[29929]: event log: Users: #012, Source IP: 127.0.0.1, Computer name: localhost, Content: (Job from client: 192.168.20.245)[RTRR Job] (Sync) Job qnap1TOqnap2-4 finished.#012 
Feb  6 03:20:17 qfile01 qlogd[24599]: event log: Users: System, Source IP: 127.0.0.1, Computer name: localhost, Content:  [Snapshot volume:DataVol1] Created snapshot (Replication-Job12) successfully.
Feb  6 03:20:19 qfile01 qlogd[24599]: event log: Users: System, Source IP: 127.0.0.1, Computer name: localhost, Content: [RTRR Job] (Sync) Job qnap1TOqnap2-1 finished.
Feb  6 03:21:30 qfile02 qlogd[29929]: event log: Users: #012, Source IP: 127.0.0.1, Computer name: localhost, Content: (Job from client: 192.168.20.245)[RTRR Job] (Sync) Job qnap1TOqnap2-1 finished.#012 
Feb  6 03:21:01 f52 notice tmsh[834]: 01420002:5: AUDIT - pid=834 user=root folder=/Common module=(tmos)# status=[Command OK] cmd_data=show sys mcp-state field-fmt
Feb  6 03:21:01 f52 notice tmsh[838]: 01420002:5: AUDIT - pid=838 user=root folder=/Common module=(tmos)# status=[Command OK] cmd_data=list sys db
Feb  6 03:21:02 f51 notice tmsh[18109]: 01420002:5: AUDIT - pid=18109 user=root folder=/Common module=(tmos)# status=[Command OK] cmd_data=show sys mcp-state field-fmt
Feb  6 03:21:02 f51 notice tmsh[18113]: 01420002:5: AUDIT - pid=18113 user=root folder=/Common module=(tmos)# status=[Command OK] cmd_data=list sys db
Feb  6 03:30:01 qfile02 qlogd[29929]: event log: Users: System, Source IP: 127.0.0.1, Computer name: localhost, Content: [RTRR Job] (Sync) Job qnap1->qnap2ForALLBank started.
Feb  6 03:28:50 qfile01 qlogd[24599]: event log: Users: #012, Source IP: 127.0.0.1, Computer name: localhost, Content: (Job from client: 10.51.188.19)[RTRR Job] (Sync) Job qnap1->qnap2ForALLBank started.#012 
Feb  6 03:30:12 qfile02 qlogd[29929]: event log: Users: System, Source IP: 127.0.0.1, Computer name: localhost, Content: [RTRR Job] (Sync) Job qnap1->qnap2ForALLBank finished.
Feb  6 03:29:02 qfile01 qlogd[24599]: event log: Users: #012, Source IP: 127.0.0.1, Computer name: localhost, Content: (Job from client: 10.51.188.19)[RTRR Job] (Sync) Job qnap1->qnap2ForALLBank finished.#012 
Feb  6 03:30:01 qfile01 qlogd[24599]: event log: Users: System, Source IP: 127.0.0.1, Computer name: localhost, Content: [RTRR Job] (Sync) Job qnap1TOqnap2-5 started.
Feb  6 03:31:12 qfile02 qlogd[29929]: event log: Users: #012, Source IP: 127.0.0.1, Computer name: localhost, Content: (Job from client: 192.168.20.245)[RTRR Job] (Sync) Job qnap1TOqnap2-5 started.#012 
Feb  6 03:30:02 qfile01 qlogd[24599]: event log: Users: System, Source IP: 127.0.0.1, Computer name: localhost, Content: [RTRR Job] (Sync) Job qnap1TOqnap2-2 started.
Feb  6 03:31:13 qfile02 qlogd[29929]: event log: Users: #012, Source IP: 127.0.0.1, Computer name: localhost, Content: (Job from client: 192.168.20.245)[RTRR Job] (Sync) Job qnap1TOqnap2-2 started.#012 
Feb  6 03:30:14 qfile01 qlogd[24599]: event log: Users: System, Source IP: 127.0.0.1, Computer name: localhost, Content:  [Snapshot volume:DataVol1] Created snapshot (Replication-Job11) successfully.
Feb  6 03:30:16 qfile01 qlogd[24599]: event log: Users: System, Source IP: 127.0.0.1, Computer name: localhost, Content: [RTRR Job] (Sync) Job qnap1TOqnap2-2 finished.
Feb  6 03:31:27 qfile02 qlogd[29929]: event log: Users: #012, Source IP: 127.0.0.1, Computer name: localhost, Content: (Job from client: 192.168.20.245)[RTRR Job] (Sync) Job qnap1TOqnap2-2 finished.#012 
Feb  6 03:30:24 qfile01 qlogd[24599]: event log: Users: System, Source IP: 127.0.0.1, Computer name: localhost, Content:  [Snapshot volume:DataVol1] Created snapshot (Replication-Job3) successfully.
Feb  6 03:31:01 f51 notice tmsh[18575]: 01420002:5: AUDIT - pid=18575 user=root folder=/Common module=(tmos)# status=[Command OK] cmd_data=show sys mcp-state field-fmt
Feb  6 03:31:01 f52 notice tmsh[1299]: 01420002:5: AUDIT - pid=1299 user=root folder=/Common module=(tmos)# status=[Command OK] cmd_data=show sys mcp-state field-fmt
Feb  6 03:31:01 f51 notice tmsh[18579]: 01420002:5: AUDIT - pid=18579 user=root folder=/Common module=(tmos)# status=[Command OK] cmd_data=list sys db
Feb  6 03:31:02 f52 notice tmsh[1303]: 01420002:5: AUDIT - pid=1303 user=root folder=/Common module=(tmos)# status=[Command OK] cmd_data=list sys db
Feb  6 03:30:50 qfile01 qlogd[24599]: event log: Users: System, Source IP: 127.0.0.1, Computer name: localhost, Content: [RTRR Job] (Sync) Job qnap1TOqnap2-5 finished.
Feb  6 03:32:02 qfile02 qlogd[29929]: event log: Users: #012, Source IP: 127.0.0.1, Computer name: localhost, Content: (Job from client: 192.168.20.245)[RTRR Job] (Sync) Job qnap1TOqnap2-5 finished.#012 
Feb  6 03:40:01 qfile01 qlogd[24599]: event log: Users: System, Source IP: 127.0.0.1, Computer name: localhost, Content: [RTRR Job] (Sync) Job qnap1TOqnap2-6 started.
Feb  6 03:41:13 qfile02 qlogd[29929]: event log: Users: #012, Source IP: 127.0.0.1, Computer name: localhost, Content: (Job from client: 192.168.20.245)[RTRR Job] (Sync) Job qnap1TOqnap2-6 started.#012 
Feb  6 03:40:02 qfile01 qlogd[24599]: event log: Users: System, Source IP: 127.0.0.1, Computer name: localhost, Content: [RTRR Job] (Sync) Job qnap1TOqnap2-3 started.
Feb  6 03:41:14 qfile02 qlogd[29929]: event log: Users: #012, Source IP: 127.0.0.1, Computer name: localhost, Content: (Job from client: 192.168.20.245)[RTRR Job] (Sync) Job qnap1TOqnap2-3 started.#012 
Feb  6 03:40:16 qfile01 qlogd[24599]: event log: Users: System, Source IP: 127.0.0.1, Computer name: localhost, Content:  [Snapshot volume:DataVol1] Created snapshot (Replication-Job0) successfully.
Feb  6 03:40:25 qfile01 qlogd[24599]: event log: Users: System, Source IP: 127.0.0.1, Computer name: localhost, Content:  [Snapshot volume:DataVol1] Created snapshot (Replication-Job10) successfully.
Feb  6 03:40:26 qfile01 qlogd[24599]: event log: Users: System, Source IP: 127.0.0.1, Computer name: localhost, Content: [RTRR Job] (Sync) Job qnap1TOqnap2-3 finished.
Feb  6 03:41:38 qfile02 qlogd[29929]: event log: Users: #012, Source IP: 127.0.0.1, Computer name: localhost, Content: (Job from client: 192.168.20.245)[RTRR Job] (Sync) Job qnap1TOqnap2-3 finished.#012 
Feb  6 03:41:01 f51 notice tmsh[19039]: 01420002:5: AUDIT - pid=19039 user=root folder=/Common module=(tmos)# status=[Command OK] cmd_data=show sys mcp-state field-fmt
Feb  6 03:41:01 f52 notice tmsh[1784]: 01420002:5: AUDIT - pid=1784 user=root folder=/Common module=(tmos)# status=[Command OK] cmd_data=show sys mcp-state field-fmt
Feb  6 03:41:01 f51 notice tmsh[19043]: 01420002:5: AUDIT - pid=19043 user=root folder=/Common module=(tmos)# status=[Command OK] cmd_data=list sys db
Feb  6 03:41:01 f52 notice tmsh[1796]: 01420002:5: AUDIT - pid=1796 user=root folder=/Common module=(tmos)# status=[Command OK] cmd_data=list sys db
Feb  6 03:40:41 qfile01 qlogd[24599]: event log: Users: System, Source IP: 127.0.0.1, Computer name: localhost, Content: [RTRR Job] (Sync) Job qnap1TOqnap2-6 finished.
Feb  6 03:41:52 qfile02 qlogd[29929]: event log: Users: #012, Source IP: 127.0.0.1, Computer name: localhost, Content: (Job from client: 192.168.20.245)[RTRR Job] (Sync) Job qnap1TOqnap2-6 finished.#012 
Feb  6 03:51:01 f51 notice tmsh[19509]: 01420002:5: AUDIT - pid=19509 user=root folder=/Common module=(tmos)# status=[Command OK] cmd_data=show sys mcp-state field-fmt
Feb  6 03:51:02 f52 notice tmsh[2261]: 01420002:5: AUDIT - pid=2261 user=root folder=/Common module=(tmos)# status=[Command OK] cmd_data=show sys mcp-state field-fmt
Feb  6 03:51:02 f51 notice tmsh[19513]: 01420002:5: AUDIT - pid=19513 user=root folder=/Common module=(tmos)# status=[Command OK] cmd_data=list sys db
Feb  6 03:51:02 f52 notice tmsh[2265]: 01420002:5: AUDIT - pid=2265 user=root folder=/Common module=(tmos)# status=[Command OK] cmd_data=list sys db
Feb  6 04:00:00 qfile01 qlogd[24599]: event log: Users: System, Source IP: 127.0.0.1, Computer name: localhost, Content: [RTRR Job] (Sync) Job FTPServerToQnap1 started.
Feb  6 04:01:01 f51 notice tmsh[20011]: 01420002:5: AUDIT - pid=20011 user=root folder=/Common module=(tmos)# status=[Command OK] cmd_data=show sys mcp-state field-fmt
Feb  6 04:01:01 f52 notice tmsh[2764]: 01420002:5: AUDIT - pid=2764 user=root folder=/Common module=(tmos)# status=[Command OK] cmd_data=show sys mcp-state field-fmt
Feb  6 04:01:01 f51 notice tmsh[20015]: 01420002:5: AUDIT - pid=20015 user=root folder=/Common module=(tmos)# status=[Command OK] cmd_data=list sys db
Feb  6 04:01:01 f52 notice tmsh[2768]: 01420002:5: AUDIT - pid=2768 user=root folder=/Common module=(tmos)# status=[Command OK] cmd_data=list sys db
Feb  6 04:02:29 qfile01 qlogd[24599]: event log: Users: System, Source IP: 127.0.0.1, Computer name: localhost, Content: [RTRR Job] (Sync) Job FTPServerToQnap1 finished.
Feb  6 04:09:28 f51 warning tmm[12476]: 01260009:4: Connection error: ssl_hs_rxv2hello:7995: unsupported version (40)
Feb  6 04:11:01 f52 notice tmsh[3457]: 01420002:5: AUDIT - pid=3457 user=root folder=/Common module=(tmos)# status=[Command OK] cmd_data=show sys mcp-state field-fmt
Feb  6 04:11:01 f52 notice tmsh[3461]: 01420002:5: AUDIT - pid=3461 user=root folder=/Common module=(tmos)# status=[Command OK] cmd_data=list sys db
Feb  6 04:11:02 f51 notice tmsh[20700]: 01420002:5: AUDIT - pid=20700 user=root folder=/Common module=(tmos)# status=[Command OK] cmd_data=show sys mcp-state field-fmt
Feb  6 04:11:02 f51 notice tmsh[20704]: 01420002:5: AUDIT - pid=20704 user=root folder=/Common module=(tmos)# status=[Command OK] cmd_data=list sys db
Feb  6 04:20:01 qfile01 qlogd[24599]: event log: Users: System, Source IP: 127.0.0.1, Computer name: localhost, Content: [RTRR Job] (Sync) Job qnap1TOqnap2-4 started.
Feb  6 04:20:02 qfile01 qlogd[24599]: event log: Users: System, Source IP: 127.0.0.1, Computer name: localhost, Content: [RTRR Job] (Sync) Job qnap1TOqnap2-1 started.
Feb  6 04:21:24 qfile02 qlogd[29929]: event log: Users: #012, Source IP: 127.0.0.1, Computer name: localhost, Content: (Job from client: 192.168.20.245)[RTRR Job] (Sync) Job qnap1TOqnap2-4 started.#012 
Feb  6 04:21:25 qfile02 qlogd[29929]: event log: Users: #012, Source IP: 127.0.0.1, Computer name: localhost, Content: (Job from client: 192.168.20.245)[RTRR Job] (Sync) Job qnap1TOqnap2-1 started.#012 
Feb  6 04:20:22 qfile01 qlogd[24599]: event log: Users: System, Source IP: 127.0.0.1, Computer name: localhost, Content:  [Snapshot volume:DataVol1] Created snapshot (Replication-Job9) successfully.
Feb  6 04:20:30 qfile01 qlogd[24599]: event log: Users: System, Source IP: 127.0.0.1, Computer name: localhost, Content: [RTRR Job] (Sync) Job qnap1TOqnap2-4 finished.
Feb  6 04:21:43 qfile02 qlogd[29929]: event log: Users: #012, Source IP: 127.0.0.1, Computer name: localhost, Content: (Job from client: 192.168.20.245)[RTRR Job] (Sync) Job qnap1TOqnap2-4 finished.#012 
Feb  6 04:20:33 qfile01 qlogd[24599]: event log: Users: System, Source IP: 127.0.0.1, Computer name: localhost, Content:  [Snapshot volume:DataVol1] Created snapshot (Replication-Job12) successfully.
Feb  6 04:20:34 qfile01 qlogd[24599]: event log: Users: System, Source IP: 127.0.0.1, Computer name: localhost, Content: [RTRR Job] (Sync) Job qnap1TOqnap2-1 finished.
Feb  6 04:21:47 qfile02 qlogd[29929]: event log: Users: #012, Source IP: 127.0.0.1, Computer name: localhost, Content: (Job from client: 192.168.20.245)[RTRR Job] (Sync) Job qnap1TOqnap2-1 finished.#012 
Feb  6 04:21:01 f52 notice tmsh[3935]: 01420002:5: AUDIT - pid=3935 user=root folder=/Common module=(tmos)# status=[Command OK] cmd_data=show sys mcp-state field-fmt
Feb  6 04:21:01 f52 notice tmsh[3939]: 01420002:5: AUDIT - pid=3939 user=root folder=/Common module=(tmos)# status=[Command OK] cmd_data=list sys db
Feb  6 04:21:01 f51 notice tmsh[21164]: 01420002:5: AUDIT - pid=21164 user=root folder=/Common module=(tmos)# status=[Command OK] cmd_data=show sys mcp-state field-fmt
Feb  6 04:21:02 f51 notice tmsh[21168]: 01420002:5: AUDIT - pid=21168 user=root folder=/Common module=(tmos)# status=[Command OK] cmd_data=list sys db
Feb  6 04:30:00 qfile02 qlogd[29929]: event log: Users: System, Source IP: 127.0.0.1, Computer name: localhost, Content: [RTRR Job] (Sync) Job qnap1->qnap2ForALLBank started.
Feb  6 04:28:49 qfile01 qlogd[24599]: event log: Users: #012, Source IP: 127.0.0.1, Computer name: localhost, Content: (Job from client: 10.51.188.19)[RTRR Job] (Sync) Job qnap1->qnap2ForALLBank started.#012 
Feb  6 04:30:14 qfile02 qlogd[29929]: event log: Users: System, Source IP: 127.0.0.1, Computer name: localhost, Content: [RTRR Job] (Sync) Job qnap1->qnap2ForALLBank finished.
Feb  6 04:29:03 qfile01 qlogd[24599]: event log: Users: #012, Source IP: 127.0.0.1, Computer name: localhost, Content: (Job from client: 10.51.188.19)[RTRR Job] (Sync) Job qnap1->qnap2ForALLBank finished.#012 
Feb  6 04:30:01 qfile01 qlogd[24599]: event log: Users: System, Source IP: 127.0.0.1, Computer name: localhost, Content: [RTRR Job] (Sync) Job qnap1TOqnap2-5 started.
Feb  6 04:31:13 qfile02 qlogd[29929]: event log: Users: #012, Source IP: 127.0.0.1, Computer name: localhost, Content: (Job from client: 192.168.20.245)[RTRR Job] (Sync) Job qnap1TOqnap2-5 started.#012 
Feb  6 04:30:02 qfile01 qlogd[24599]: event log: Users: System, Source IP: 127.0.0.1, Computer name: localhost, Content: [RTRR Job] (Sync) Job qnap1TOqnap2-2 started.
Feb  6 04:31:15 qfile02 qlogd[29929]: event log: Users: #012, Source IP: 127.0.0.1, Computer name: localhost, Content: (Job from client: 192.168.20.245)[RTRR Job] (Sync) Job qnap1TOqnap2-2 started.#012 
Feb  6 04:30:10 qfile01 qlogd[24599]: event log: Users: System, Source IP: 127.0.0.1, Computer name: localhost, Content:  [Snapshot volume:DataVol1] Created snapshot (Replication-Job11) successfully.
Feb  6 04:30:12 qfile01 qlogd[24599]: event log: Users: System, Source IP: 127.0.0.1, Computer name: localhost, Content: [RTRR Job] (Sync) Job qnap1TOqnap2-2 finished.
Feb  6 04:31:25 qfile02 qlogd[29929]: event log: Users: #012, Source IP: 127.0.0.1, Computer name: localhost, Content: (Job from client: 192.168.20.245)[RTRR Job] (Sync) Job qnap1TOqnap2-2 finished.#012 
Feb  6 04:30:14 qfile01 qlogd[24599]: event log: Users: System, Source IP: 127.0.0.1, Computer name: localhost, Content:  [Snapshot volume:DataVol1] Created snapshot (Replication-Job3) successfully.
Feb  6 04:31:01 f51 notice tmsh[21628]: 01420002:5: AUDIT - pid=21628 user=root folder=/Common module=(tmos)# status=[Command OK] cmd_data=show sys mcp-state field-fmt
Feb  6 04:31:01 f51 notice tmsh[21632]: 01420002:5: AUDIT - pid=21632 user=root folder=/Common module=(tmos)# status=[Command OK] cmd_data=list sys db
Feb  6 04:31:01 f52 notice tmsh[4403]: 01420002:5: AUDIT - pid=4403 user=root folder=/Common module=(tmos)# status=[Command OK] cmd_data=show sys mcp-state field-fmt
Feb  6 04:31:02 f52 notice tmsh[4407]: 01420002:5: AUDIT - pid=4407 user=root folder=/Common module=(tmos)# status=[Command OK] cmd_data=list sys db
Feb  6 04:30:42 qfile01 qlogd[24599]: event log: Users: System, Source IP: 127.0.0.1, Computer name: localhost, Content: [RTRR Job] (Sync) Job qnap1TOqnap2-5 finished.
Feb  6 04:31:54 qfile02 qlogd[29929]: event log: Users: #012, Source IP: 127.0.0.1, Computer name: localhost, Content: (Job from client: 192.168.20.245)[RTRR Job] (Sync) Job qnap1TOqnap2-5 finished.#012 
Feb  6 04:40:01 qfile01 qlogd[24599]: event log: Users: System, Source IP: 127.0.0.1, Computer name: localhost, Content: [RTRR Job] (Sync) Job qnap1TOqnap2-6 started.
Feb  6 04:41:14 qfile02 qlogd[29929]: event log: Users: #012, Source IP: 127.0.0.1, Computer name: localhost, Content: (Job from client: 192.168.20.245)[RTRR Job] (Sync) Job qnap1TOqnap2-6 started.#012 
Feb  6 04:40:02 qfile01 qlogd[24599]: event log: Users: System, Source IP: 127.0.0.1, Computer name: localhost, Content: [RTRR Job] (Sync) Job qnap1TOqnap2-3 started.
Feb  6 04:41:15 qfile02 qlogd[29929]: event log: Users: #012, Source IP: 127.0.0.1, Computer name: localhost, Content: (Job from client: 192.168.20.245)[RTRR Job] (Sync) Job qnap1TOqnap2-3 started.#012 
Feb  6 04:40:13 qfile01 qlogd[24599]: event log: Users: System, Source IP: 127.0.0.1, Computer name: localhost, Content:  [Snapshot volume:DataVol1] Created snapshot (Replication-Job0) successfully.
Feb  6 04:40:23 qfile01 qlogd[24599]: event log: Users: System, Source IP: 127.0.0.1, Computer name: localhost, Content:  [Snapshot volume:DataVol1] Created snapshot (Replication-Job10) successfully.
Feb  6 04:40:24 qfile01 qlogd[24599]: event log: Users: System, Source IP: 127.0.0.1, Computer name: localhost, Content: [RTRR Job] (Sync) Job qnap1TOqnap2-3 finished.
Feb  6 04:41:37 qfile02 qlogd[29929]: event log: Users: #012, Source IP: 127.0.0.1, Computer name: localhost, Content: (Job from client: 192.168.20.245)[RTRR Job] (Sync) Job qnap1TOqnap2-3 finished.#012 
Feb  6 04:41:01 f52 notice tmsh[4899]: 01420002:5: AUDIT - pid=4899 user=root folder=/Common module=(tmos)# status=[Command OK] cmd_data=show sys mcp-state field-fmt
Feb  6 04:41:01 f52 notice tmsh[4903]: 01420002:5: AUDIT - pid=4903 user=root folder=/Common module=(tmos)# status=[Command OK] cmd_data=list sys db
Feb  6 04:41:01 f51 notice tmsh[22092]: 01420002:5: AUDIT - pid=22092 user=root folder=/Common module=(tmos)# status=[Command OK] cmd_data=show sys mcp-state field-fmt
Feb  6 04:41:02 f51 notice tmsh[22096]: 01420002:5: AUDIT - pid=22096 user=root folder=/Common module=(tmos)# status=[Command OK] cmd_data=list sys db
Feb  6 04:40:43 qfile01 qlogd[24599]: event log: Users: System, Source IP: 127.0.0.1, Computer name: localhost, Content: [RTRR Job] (Sync) Job qnap1TOqnap2-6 finished.
Feb  6 04:41:55 qfile02 qlogd[29929]: event log: Users: #012, Source IP: 127.0.0.1, Computer name: localhost, Content: (Job from client: 192.168.20.245)[RTRR Job] (Sync) Job qnap1TOqnap2-6 finished.#012 
Feb  6 04:42:02 f51 notice syslog-ng[2469]: Configuration reload request received, reloading configuration;
Feb  6 04:42:02 f51 err syslog-ng[2469]: Duplicate stats counter; counter='udp((null):514)'
Feb  6 04:42:02 f51 err syslog-ng[2469]: Duplicate stats counter; counter='udp((null):514)'
Feb  6 04:42:02 f51 info audit_forwarder: audit_forwarder started.
Feb  6 04:42:02 f51 info pendsect[22234]: No devices found, returning
Feb  6 04:43:22 f51 warning tmm2[12476]: 01260009:4: Connection error: ssl_hs_rxhello:7284: unsupported version (40)
Feb  6 04:44:02 f52 notice syslog-ng[2461]: Configuration reload request received, reloading configuration;
Feb  6 04:44:02 f52 err syslog-ng[2461]: Duplicate stats counter; counter='udp((null):514)'
Feb  6 04:44:02 f52 err syslog-ng[2461]: Duplicate stats counter; counter='udp((null):514)'
Feb  6 04:44:02 f52 info audit_forwarder: audit_forwarder started.
Feb  6 04:44:02 f52 info pendsect[5112]: No devices found, returning
Feb  6 04:51:01 f51 notice tmsh[22702]: 01420002:5: AUDIT - pid=22702 user=root folder=/Common module=(tmos)# status=[Command OK] cmd_data=show sys mcp-state field-fmt
Feb  6 04:51:01 f51 notice tmsh[22706]: 01420002:5: AUDIT - pid=22706 user=root folder=/Common module=(tmos)# status=[Command OK] cmd_data=list sys db
Feb  6 04:51:02 f52 notice tmsh[5515]: 01420002:5: AUDIT - pid=5515 user=root folder=/Common module=(tmos)# status=[Command OK] cmd_data=show sys mcp-state field-fmt
Feb  6 04:51:02 f52 notice tmsh[5519]: 01420002:5: AUDIT - pid=5519 user=root folder=/Common module=(tmos)# status=[Command OK] cmd_data=list sys db
Feb  6 05:00:01 qfile01 qlogd[24599]: event log: Users: System, Source IP: 127.0.0.1, Computer name: localhost, Content: [RTRR Job] (Sync) Job FTPServerToQnap1 started.
Feb  6 05:01:01 f51 notice tmsh[23189]: 01420002:5: AUDIT - pid=23189 user=root folder=/Common module=(tmos)# status=[Command OK] cmd_data=show sys mcp-state field-fmt
Feb  6 05:01:01 f51 notice tmsh[23193]: 01420002:5: AUDIT - pid=23193 user=root folder=/Common module=(tmos)# status=[Command OK] cmd_data=list sys db
