     1                                  	BITS 16
     2                                  
     3                                  start:
     4 00000000 B8C007                  	mov ax, 07c0h
     5 00000003 052001                  	add ax, 288
     6 00000006 8ED0                    	mov ss, ax
     7 00000008 BC0010                  	mov sp, 4096
     8                                  	
     9 0000000B B8C007                  	mov ax, 07c0h
    10 0000000E 8ED8                    	mov ds, ax
    11                                  
    12 00000010 BE[1800]                	mov si, text_string
    13 00000013 E81600                  	call print_string
    14                                  
    15 00000016 EBE8                    	jmp start
    16                                  
    17 00000018 54686973206973206D-     	text_string db 'This is my first OS', 0
    18 00000021 79206669727374204F-
    19 0000002A 5300               
    20                                  
    21                                  print_string:
    22 0000002C B40E                    	mov ah, 0Eh
    23                                  
    24                                  .repeat:
    25 0000002E AC                      	lodsb
    26 0000002F 3C00                    	cmp al, 0
    27 00000031 7404                    	je .done
    28 00000033 CD10                    	int 10h
    29 00000035 EBF7                    	jmp .repeat
    30                                  
    31                                  .done:
    32 00000037 C3                      	ret
    33                                  
    34                                  
    35 00000038 00<rept>                	times 510-($-$$) db 0
    36 000001FE 55AA                    	dw 0xAA55
